<html>
<body>
<pre>
<h1>礦ision Build Log</h1>
<h2>Tool Versions:</h2>
IDE-Version: μVision V5.18a
Copyright (C) 2016 ARM Ltd and ARM Germany GmbH. All rights reserved.
License Information: s ivviw, Microsoft, LIC=WHYFW-QZCNC-55WT2-9P85K-WDZAI-XQK5L
 
Tool Versions:
Toolchain:       MDK-ARM Standard  Version: 5.18a
Toolchain Path:  d:\Keil_v5\ARM\ARMCC\Bin
C Compiler:      Armcc.exe V5.06 update 1 (build 61)
Assembler:       Armasm.exe V5.06 update 1 (build 61)
Linker/Locator:  ArmLink.exe V5.06 update 1 (build 61)
Library Manager: ArmAr.exe V5.06 update 1 (build 61)
Hex Converter:   FromElf.exe V5.06 update 1 (build 61)
CPU DLL:         SARMCM3.DLL V5.18a
Dialog DLL:      DARMCM1.DLL V1.12.0.0
Target DLL:      Segger\JL2CM3.dll V2.99.19.0
Dialog DLL:      TARMCM1.DLL V1.9.0.0
 
<h2>Project:</h2>
E:\电子答题器\01_27_ZL-J41电子答题器\branches\tianyu\tags\v0.1.1.1\ZKXL-DTQ-JSQ_TX-TY\board\drl51822project.uvprojx
Project File Date:  01/03/2017

<h2>Output:</h2>
*** Using Compiler 'V5.06 update 1 (build 61)', folder: 'd:\Keil_v5\ARM\ARMCC\Bin'
Build target 'Target 1'
compiling main.c...
..\user\main.c(91): warning:  #177-D: variable "i" was declared but never referenced
  	uint8_t i;
..\user\main.c: 1 warning, 0 errors
linking...
Program Size: Code=10156 RO-data=336 RW-data=116 ZI-data=10940  
".\drl51822project.axf" - 0 Error(s), 1 Warning(s).

<h2>Collection of Component include folders:</h2>
  E:\电子答题器\01_27_ZL-J41电子答题器\branches\tianyu\tags\v0.1.1.1\ZKXL-DTQ-JSQ_TX-TY\board\RTE
  d:\Keil_v5\ARM\PACK\NordicSemiconductor\nRF_DeviceFamilyPack\8.7.1\Device\Include

<h2>Collection of Component Files used:</h2>
Build Time Elapsed:  00:00:01
</pre>
</body>
</html>
