<html>
<body>
<pre>
<h1>礦ision Build Log</h1>
<h2>Tool Versions:</h2>
IDE-Version: μVision V5.18a
Copyright (C) 2016 ARM Ltd and ARM Germany GmbH. All rights reserved.
License Information: s ivviw, Microsoft, LIC=WHYFW-QZCNC-55WT2-9P85K-WDZAI-XQK5L
 
Tool Versions:
Toolchain:       MDK-ARM Standard  Version: 5.18a
Toolchain Path:  d:\Keil_v5\ARM\ARMCC\Bin
C Compiler:      Armcc.exe V5.06 update 1 (build 61)
Assembler:       Armasm.exe V5.06 update 1 (build 61)
Linker/Locator:  ArmLink.exe V5.06 update 1 (build 61)
Library Manager: ArmAr.exe V5.06 update 1 (build 61)
Hex Converter:   FromElf.exe V5.06 update 1 (build 61)
CPU DLL:         SARMCM3.DLL V5.18a
Dialog DLL:      DARMCM1.DLL V1.12.0.0
Target DLL:      Segger\JL2CM3.dll V2.99.19.0
Dialog DLL:      TARMCM1.DLL V1.9.0.0
 
<h2>Project:</h2>
E:\01_工作库\HT43\WHTY0109\tags\DTQ_HT43_WHTY0109_V0106\board\drl51822project.uvprojx
Project File Date:  03/31/2017

<h2>Output:</h2>
*** Using Compiler 'V5.06 update 1 (build 61)', folder: 'd:\Keil_v5\ARM\ARMCC\Bin'
Build target 'Target 1'
compiling main.c...
..\user\main.c(78): warning:  #177-D: function "debug_fun" was declared but never referenced
  static void debug_fun(void)
..\user\main.c: 1 warning, 0 errors
compiling lcd.c...
compiling rtc.c...
..\user\rtc.c(260): warning:  #177-D: function "RTC_ReadReg" was declared but never referenced
  static uint8_t RTC_ReadReg( uint8_t reg )
..\user\rtc.c(467): warning:  #177-D: function "RTC_gpio_config" was declared but never referenced
  static void RTC_gpio_config(bool tmp)
..\user\rtc.c: 2 warnings, 0 errors
compiling key.c...
..\user\key.c(36): warning:  #550-D: variable "status" was set but never used
  	uint16_t status;
..\user\key.c: 1 warning, 0 errors
compiling radio.c...
..\user\radio.c(162): warning:  #177-D: variable "i" was declared but never referenced
  	uint8_t i;
..\user\radio.c(376): warning:  #177-D: variable "i" was declared but never referenced
  	uint8_t i;
..\user\radio.c: 2 warnings, 0 errors
compiling adc.c...
..\user\adc.c(67): warning:  #177-D: variable "tmp" was declared but never referenced
  	uint16_t adc_value,tmp;
..\user\adc.c: 1 warning, 0 errors
compiling define.c...
compiling ringbuffer.c...
compiling timer.c...
..\user\timer.c(323): warning:  #177-D: variable "rtc_timer" was declared but never referenced
  	static uint8_t rtc_timer = 0;		//RTC??LCD共?枚?时??
..\user\timer.c: 1 warning, 0 errors
compiling uart.c...
compiling application.c...
..\user\application.c(129): warning:  #177-D: variable "temp_answer" was declared but never referenced
  	uint8_t temp_answer;
..\user\application.c(805): warning:  #188-D: enumerated type mixed with another type
  	 ANSWER.type[i]=(question_buf[2*i+1])>>6;
..\user\application.c(819): warning:  #177-D: variable "j" was declared but never referenced
  	uint8_t i,j,k;
..\user\application.c(819): warning:  #177-D: variable "k" was declared but never referenced
  	uint8_t i,j,k;
..\user\application.c: 4 warnings, 0 errors
compiling power.c...
compiling clock.c...
compiling drv_I2C_M24SR.c...
compiling drv_M24SR.c...
compiling lib_M24SR.c...
compiling lib_NDEF.c...
compiling simple_uart.c...
compiling lib_TagType4.c...
compiling nrf_delay.c...
compiling nrf_esb.c...
..\components\properitary_rf\esb\nrf_esb.c(1275): warning:  #550-D: variable "err_code" was set but never used
  	ret_code_t err_code;
..\components\properitary_rf\esb\nrf_esb.c: 1 warning, 0 errors
compiling app_error.c...
compiling app_timer.c...
compiling nrf_assert.c...
compiling app_error_weak.c...
compiling nrf_drv_common.c...
compiling app_util_platform.c...
compiling nrf_drv_gpiote.c...
compiling nrf_drv_adc.c...
compiling nrf_adc.c...
assembling arm_startup_nrf51.s...
compiling nrf_drv_clock.c...
compiling system_nrf51.c...
linking...
Program Size: Code=30396 RO-data=308 RW-data=224 ZI-data=10648  
FromELF: creating hex file...
".\Output\DTQ_HT43_WHTY0109_V0106.axf" - 0 Error(s), 13 Warning(s).

<h2>Collection of Component include folders:</h2>
  E:\01_工作库\HT43\WHTY0109\tags\DTQ_HT43_WHTY0109_V0106\board\RTE
  d:\Keil_v5\ARM\PACK\NordicSemiconductor\nRF_DeviceFamilyPack\8.7.1\Device\Include

<h2>Collection of Component Files used:</h2>
Build Time Elapsed:  00:00:15
</pre>
</body>
</html>
