<!doctype html public "-//w3c//dtd html 4.0 transitional//en">
<html><head>
<title>Static Call Graph - [.\Output\DTQ_HT43_WHTY0109_V0106.axf]</title></head>
<body><HR>
<H1>Static Call Graph for image .\Output\DTQ_HT43_WHTY0109_V0106.axf</H1><HR>
<BR><P>#&#060CALLGRAPH&#062# ARM Linker, 5060061: Last Updated: Sat Apr 01 14:09:54 2017
<BR><P>
<H3>Maximum Stack Usage =        448 bytes + Unknown(Cycles, Untraceable Function Pointers)</H3><H3>
Call chain for Maximum Stack Depth:</H3>
main &rArr; APP_KeyHandler &rArr; key_send_handler &rArr; pack_question_info
<P>
<H3>
Mutually Recursive functions
</H3> <LI><a href="#[1]">NMI_Handler</a>&nbsp;&nbsp;&nbsp;&rArr;&nbsp;&nbsp;&nbsp;<a href="#[1]">NMI_Handler</a><BR>
 <LI><a href="#[2]">HardFault_Handler</a>&nbsp;&nbsp;&nbsp;&rArr;&nbsp;&nbsp;&nbsp;<a href="#[2]">HardFault_Handler</a><BR>
 <LI><a href="#[3]">SVC_Handler</a>&nbsp;&nbsp;&nbsp;&rArr;&nbsp;&nbsp;&nbsp;<a href="#[3]">SVC_Handler</a><BR>
 <LI><a href="#[4]">PendSV_Handler</a>&nbsp;&nbsp;&nbsp;&rArr;&nbsp;&nbsp;&nbsp;<a href="#[4]">PendSV_Handler</a><BR>
 <LI><a href="#[5]">SysTick_Handler</a>&nbsp;&nbsp;&nbsp;&rArr;&nbsp;&nbsp;&nbsp;<a href="#[5]">SysTick_Handler</a><BR>
 <LI><a href="#[14]">CCM_AAR_IRQHandler</a>&nbsp;&nbsp;&nbsp;&rArr;&nbsp;&nbsp;&nbsp;<a href="#[14]">CCM_AAR_IRQHandler</a><BR>
 <LI><a href="#[48]">__asm___11_app_timer_c_cd27f9c3__nrf_delay_us</a>&nbsp;&nbsp;&nbsp;&rArr;&nbsp;&nbsp;&nbsp;<a href="#[48]">__asm___11_app_timer_c_cd27f9c3__nrf_delay_us</a><BR>
 <LI><a href="#[46]">__asm___15_drv_I2C_M24SR_c_d785b240__nrf_delay_us</a>&nbsp;&nbsp;&nbsp;&rArr;&nbsp;&nbsp;&nbsp;<a href="#[46]">__asm___15_drv_I2C_M24SR_c_d785b240__nrf_delay_us</a><BR>
 <LI><a href="#[47]">__asm___11_nrf_delay_c_532987f3__nrf_delay_us</a>&nbsp;&nbsp;&nbsp;&rArr;&nbsp;&nbsp;&nbsp;<a href="#[47]">__asm___11_nrf_delay_c_532987f3__nrf_delay_us</a><BR>
 <LI><a href="#[45]">__asm___5_rtc_c_RTC__nrf_delay_us</a>&nbsp;&nbsp;&nbsp;&rArr;&nbsp;&nbsp;&nbsp;<a href="#[45]">__asm___5_rtc_c_RTC__nrf_delay_us</a><BR>
 <LI><a href="#[44]">__asm___5_lcd_c_LCD_RAM__nrf_delay_us</a>&nbsp;&nbsp;&nbsp;&rArr;&nbsp;&nbsp;&nbsp;<a href="#[44]">__asm___5_lcd_c_LCD_RAM__nrf_delay_us</a><BR>
</UL>
<P>
<H3>
Function Pointers
</H3><UL>
 <LI><a href="#[c]">ADC_IRQHandler</a> from nrf_drv_adc.o(i.ADC_IRQHandler) referenced from arm_startup_nrf51.o(RESET)
 <LI><a href="#[14]">CCM_AAR_IRQHandler</a> from arm_startup_nrf51.o(.text) referenced from arm_startup_nrf51.o(RESET)
 <LI><a href="#[13]">ECB_IRQHandler</a> from arm_startup_nrf51.o(.text) referenced from arm_startup_nrf51.o(RESET)
 <LI><a href="#[b]">GPIOTE_IRQHandler</a> from nrf_drv_gpiote.o(i.GPIOTE_IRQHandler) referenced from arm_startup_nrf51.o(RESET)
 <LI><a href="#[2]">HardFault_Handler</a> from arm_startup_nrf51.o(.text) referenced from arm_startup_nrf51.o(RESET)
 <LI><a href="#[18]">LPCOMP_IRQHandler</a> from arm_startup_nrf51.o(.text) referenced from arm_startup_nrf51.o(RESET)
 <LI><a href="#[1]">NMI_Handler</a> from arm_startup_nrf51.o(.text) referenced from arm_startup_nrf51.o(RESET)
 <LI><a href="#[6]">POWER_CLOCK_IRQHandler</a> from nrf_drv_clock.o(i.POWER_CLOCK_IRQHandler) referenced from arm_startup_nrf51.o(RESET)
 <LI><a href="#[4]">PendSV_Handler</a> from arm_startup_nrf51.o(.text) referenced from arm_startup_nrf51.o(RESET)
 <LI><a href="#[17]">QDEC_IRQHandler</a> from arm_startup_nrf51.o(.text) referenced from arm_startup_nrf51.o(RESET)
 <LI><a href="#[7]">RADIO_IRQHandler</a> from nrf_esb.o(i.RADIO_IRQHandler) referenced from arm_startup_nrf51.o(RESET)
 <LI><a href="#[12]">RNG_IRQHandler</a> from arm_startup_nrf51.o(.text) referenced from arm_startup_nrf51.o(RESET)
 <LI><a href="#[10]">RTC0_IRQHandler</a> from arm_startup_nrf51.o(.text) referenced from arm_startup_nrf51.o(RESET)
 <LI><a href="#[16]">RTC1_IRQHandler</a> from app_timer.o(i.RTC1_IRQHandler) referenced from arm_startup_nrf51.o(RESET)
 <LI><a href="#[25]">RTC_calibrate_handler</a> from clock.o(i.RTC_calibrate_handler) referenced from clock.o(i.CLK_RTCCalibrate)
 <LI><a href="#[25]">RTC_calibrate_handler</a> from clock.o(i.RTC_calibrate_handler) referenced from clock.o(i.RTC_calibrate_handler)
 <LI><a href="#[2a]">RTC_display_date</a> from rtc.o(i.RTC_display_date) referenced from rtc.o(i.RTC_Init)
 <LI><a href="#[29]">RTC_display_time</a> from rtc.o(i.RTC_display_time) referenced from rtc.o(i.RTC_Init)
 <LI><a href="#[2b]">RTC_display_update</a> from rtc.o(i.RTC_display_update) referenced from rtc.o(i.RTC_Init)
 <LI><a href="#[28]">RTC_sleep</a> from rtc.o(i.RTC_sleep) referenced from rtc.o(i.RTC_Init)
 <LI><a href="#[27]">RTC_wakeup</a> from rtc.o(i.RTC_wakeup) referenced from rtc.o(i.RTC_Init)
 <LI><a href="#[0]">Reset_Handler</a> from arm_startup_nrf51.o(.text) referenced from arm_startup_nrf51.o(RESET)
 <LI><a href="#[9]">SPI0_TWI0_IRQHandler</a> from arm_startup_nrf51.o(.text) referenced from arm_startup_nrf51.o(RESET)
 <LI><a href="#[a]">SPI1_TWI1_IRQHandler</a> from arm_startup_nrf51.o(.text) referenced from arm_startup_nrf51.o(RESET)
 <LI><a href="#[3]">SVC_Handler</a> from arm_startup_nrf51.o(.text) referenced from arm_startup_nrf51.o(RESET)
 <LI><a href="#[19]">SWI0_IRQHandler</a> from nrf_esb.o(i.SWI0_IRQHandler) referenced from arm_startup_nrf51.o(RESET)
 <LI><a href="#[1a]">SWI1_IRQHandler</a> from app_timer.o(i.SWI1_IRQHandler) referenced from arm_startup_nrf51.o(RESET)
 <LI><a href="#[1b]">SWI2_IRQHandler</a> from arm_startup_nrf51.o(.text) referenced from arm_startup_nrf51.o(RESET)
 <LI><a href="#[1c]">SWI3_IRQHandler</a> from arm_startup_nrf51.o(.text) referenced from arm_startup_nrf51.o(RESET)
 <LI><a href="#[1d]">SWI4_IRQHandler</a> from arm_startup_nrf51.o(.text) referenced from arm_startup_nrf51.o(RESET)
 <LI><a href="#[1e]">SWI5_IRQHandler</a> from arm_startup_nrf51.o(.text) referenced from arm_startup_nrf51.o(RESET)
 <LI><a href="#[5]">SysTick_Handler</a> from arm_startup_nrf51.o(.text) referenced from arm_startup_nrf51.o(RESET)
 <LI><a href="#[20]">SystemInit</a> from system_nrf51.o(i.SystemInit) referenced from arm_startup_nrf51.o(.text)
 <LI><a href="#[11]">TEMP_IRQHandler</a> from arm_startup_nrf51.o(.text) referenced from arm_startup_nrf51.o(RESET)
 <LI><a href="#[d]">TIMER0_IRQHandler</a> from arm_startup_nrf51.o(.text) referenced from arm_startup_nrf51.o(RESET)
 <LI><a href="#[e]">TIMER1_IRQHandler</a> from arm_startup_nrf51.o(.text) referenced from arm_startup_nrf51.o(RESET)
 <LI><a href="#[f]">TIMER2_IRQHandler</a> from arm_startup_nrf51.o(.text) referenced from arm_startup_nrf51.o(RESET)
 <LI><a href="#[35]">TIMER_ButtonHandler</a> from timer.o(i.TIMER_ButtonHandler) referenced from timer.o(i.TIMER_init)
 <LI><a href="#[31]">TIMER_LcdUpdateHandler</a> from timer.o(i.TIMER_LcdUpdateHandler) referenced from timer.o(i.TIMER_init)
 <LI><a href="#[38]">TIMER_PowerOnHandler</a> from timer.o(i.TIMER_PowerOnHandler) referenced from timer.o(i.TIMER_init)
 <LI><a href="#[32]">TIMER_RetransmitHandler</a> from timer.o(i.TIMER_RetransmitHandler) referenced from timer.o(i.TIMER_init)
 <LI><a href="#[2e]">TIMER_ReturnAckHandler</a> from timer.o(i.TIMER_ReturnAckHandler) referenced from timer.o(i.TIMER_init)
 <LI><a href="#[2f]">TIMER_RxWindowHandler</a> from timer.o(i.TIMER_RxWindowHandler) referenced from timer.o(i.TIMER_init)
 <LI><a href="#[36]">TIMER_SysOffHandler</a> from timer.o(i.TIMER_SysOffHandler) referenced from timer.o(i.TIMER_init)
 <LI><a href="#[34]">TIMER_SysSleepHandler</a> from timer.o(i.TIMER_SysSleepHandler) referenced from timer.o(i.TIMER_init)
 <LI><a href="#[2d]">TIMER_TmpHandler</a> from timer.o(i.TIMER_TmpHandler) referenced from timer.o(i.TIMER_init)
 <LI><a href="#[30]">TIMER_TxOvertimeHandler</a> from timer.o(i.TIMER_TxOvertimeHandler) referenced from timer.o(i.TIMER_init)
 <LI><a href="#[33]">TIMER_TxResultHandler</a> from timer.o(i.TIMER_TxResultHandler) referenced from timer.o(i.TIMER_init)
 <LI><a href="#[37]">TIMER_WaitDataHandler</a> from timer.o(i.TIMER_WaitDataHandler) referenced from timer.o(i.TIMER_init)
 <LI><a href="#[8]">UART0_IRQHandler</a> from arm_startup_nrf51.o(.text) referenced from arm_startup_nrf51.o(RESET)
 <LI><a href="#[15]">WDT_IRQHandler</a> from arm_startup_nrf51.o(.text) referenced from arm_startup_nrf51.o(RESET)
 <LI><a href="#[21]">__main</a> from entry.o(.ARM.Collect$$$$00000000) referenced from arm_startup_nrf51.o(.text)
 <LI><a href="#[22]">adc_event_handler</a> from adc.o(i.adc_event_handler) referenced from adc.o(i.ADC_init)
 <LI><a href="#[23]">adc_start_sample</a> from adc.o(i.adc_start_sample) referenced from adc.o(i.ADC_init)
 <LI><a href="#[24]">adc_update</a> from adc.o(i.adc_update) referenced from adc.o(i.ADC_init)
 <LI><a href="#[39]">button_event_handler</a> from key.o(i.button_event_handler) referenced from key.o(i.key_button_init)
 <LI><a href="#[3a]">clock_calibration_hf_started</a> from nrf_drv_clock.o(i.clock_calibration_hf_started) referenced from nrf_drv_clock.o(i.nrf_drv_clock_calibration_start)
 <LI><a href="#[1f]">main</a> from main.o(i.main) referenced from entry9a.o(.ARM.Collect$$$$0000000B)
 <LI><a href="#[26]">nrf_esb_event_handler</a> from radio.o(i.nrf_esb_event_handler) referenced from radio.o(i.RADIO_Config)
 <LI><a href="#[3b]">on_radio_disabled_rx</a> from nrf_esb.o(i.on_radio_disabled_rx) referenced from nrf_esb.o(i.nrf_esb_start_rx)
 <LI><a href="#[3b]">on_radio_disabled_rx</a> from nrf_esb.o(i.on_radio_disabled_rx) referenced from nrf_esb.o(i.on_radio_disabled_rx_ack)
 <LI><a href="#[3c]">on_radio_disabled_rx_ack</a> from nrf_esb.o(i.on_radio_disabled_rx_ack) referenced from nrf_esb.o(i.on_radio_disabled_rx)
 <LI><a href="#[3e]">on_radio_disabled_tx</a> from nrf_esb.o(i.on_radio_disabled_tx) referenced from nrf_esb.o(i.on_radio_disabled_tx_wait_for_ack)
 <LI><a href="#[3e]">on_radio_disabled_tx</a> from nrf_esb.o(i.on_radio_disabled_tx) referenced from nrf_esb.o(i.start_tx_transaction)
 <LI><a href="#[3f]">on_radio_disabled_tx_noack</a> from nrf_esb.o(i.on_radio_disabled_tx_noack) referenced from nrf_esb.o(i.start_tx_transaction)
 <LI><a href="#[3d]">on_radio_disabled_tx_wait_for_ack</a> from nrf_esb.o(i.on_radio_disabled_tx_wait_for_ack) referenced from nrf_esb.o(i.on_radio_disabled_tx)
 <LI><a href="#[2c]">read_rtc_data</a> from rtc.o(i.read_rtc_data) referenced from rtc.o(i.RTC_Init)
 <LI><a href="#[41]">update_rf_payload_format_esb</a> from nrf_esb.o(i.update_rf_payload_format_esb) referenced from nrf_esb.o(i.update_radio_protocol)
 <LI><a href="#[40]">update_rf_payload_format_esb_dpl</a> from nrf_esb.o(i.update_rf_payload_format_esb_dpl) referenced from nrf_esb.o(i.update_radio_protocol)
</UL>
<P>
<H3>
Global Symbols
</H3>
<P><STRONG><a name="[21]"></a>__main</STRONG> (Thumb, 0 bytes, Stack size unknown bytes, entry.o(.ARM.Collect$$$$00000000))
<BR>[Address Reference Count : 1]<UL><LI> arm_startup_nrf51.o(.text)
</UL>
<P><STRONG><a name="[18b]"></a>_main_stk</STRONG> (Thumb, 0 bytes, Stack size unknown bytes, entry2.o(.ARM.Collect$$$$00000001))

<P><STRONG><a name="[42]"></a>_main_scatterload</STRONG> (Thumb, 0 bytes, Stack size unknown bytes, entry5.o(.ARM.Collect$$$$00000004))
<BR><BR>[Calls]<UL><LI><a href="#[43]">&gt;&gt;</a>&nbsp;&nbsp;&nbsp;__scatterload
</UL>

<P><STRONG><a name="[51]"></a>__main_after_scatterload</STRONG> (Thumb, 0 bytes, Stack size unknown bytes, entry5.o(.ARM.Collect$$$$00000004))
<BR><BR>[Called By]<UL><LI><a href="#[43]">&gt;&gt;</a>&nbsp;&nbsp;&nbsp;__scatterload
</UL>

<P><STRONG><a name="[18c]"></a>_main_clock</STRONG> (Thumb, 0 bytes, Stack size unknown bytes, entry7b.o(.ARM.Collect$$$$00000008))

<P><STRONG><a name="[18d]"></a>_main_cpp_init</STRONG> (Thumb, 0 bytes, Stack size unknown bytes, entry8b.o(.ARM.Collect$$$$0000000A))

<P><STRONG><a name="[18e]"></a>_main_init</STRONG> (Thumb, 0 bytes, Stack size unknown bytes, entry9a.o(.ARM.Collect$$$$0000000B))

<P><STRONG><a name="[18f]"></a>__rt_final_cpp</STRONG> (Thumb, 0 bytes, Stack size unknown bytes, entry10a.o(.ARM.Collect$$$$0000000D))

<P><STRONG><a name="[190]"></a>__rt_final_exit</STRONG> (Thumb, 0 bytes, Stack size unknown bytes, entry11a.o(.ARM.Collect$$$$0000000F))

<P><STRONG><a name="[44]"></a>__asm___5_lcd_c_LCD_RAM__nrf_delay_us</STRONG> (Thumb, 30 bytes, Stack size 0 bytes, lcd.o(.emb_text))
<BR><BR>[Calls]<UL><LI><a href="#[44]">&gt;&gt;</a>&nbsp;&nbsp;&nbsp;__asm___5_lcd_c_LCD_RAM__nrf_delay_us
</UL>
<BR>[Called By]<UL><LI><a href="#[98]">&gt;&gt;</a>&nbsp;&nbsp;&nbsp;LCD_display_wakeup
<LI><a href="#[44]">&gt;&gt;</a>&nbsp;&nbsp;&nbsp;__asm___5_lcd_c_LCD_RAM__nrf_delay_us
<LI><a href="#[a2]">&gt;&gt;</a>&nbsp;&nbsp;&nbsp;LCD_init
</UL>

<P><STRONG><a name="[45]"></a>__asm___5_rtc_c_RTC__nrf_delay_us</STRONG> (Thumb, 30 bytes, Stack size 0 bytes, rtc.o(.emb_text))
<BR><BR>[Calls]<UL><LI><a href="#[45]">&gt;&gt;</a>&nbsp;&nbsp;&nbsp;__asm___5_rtc_c_RTC__nrf_delay_us
</UL>
<BR>[Called By]<UL><LI><a href="#[45]">&gt;&gt;</a>&nbsp;&nbsp;&nbsp;__asm___5_rtc_c_RTC__nrf_delay_us
<LI><a href="#[109]">&gt;&gt;</a>&nbsp;&nbsp;&nbsp;RTC_Write_Byte
<LI><a href="#[107]">&gt;&gt;</a>&nbsp;&nbsp;&nbsp;RTC_Send_Ack
<LI><a href="#[106]">&gt;&gt;</a>&nbsp;&nbsp;&nbsp;RTC_ReadByte
<LI><a href="#[102]">&gt;&gt;</a>&nbsp;&nbsp;&nbsp;RTC_I2C_Stop
<LI><a href="#[101]">&gt;&gt;</a>&nbsp;&nbsp;&nbsp;RTC_I2C_Start
<LI><a href="#[fb]">&gt;&gt;</a>&nbsp;&nbsp;&nbsp;RTC_Check_Ack
</UL>

<P><STRONG><a name="[46]"></a>__asm___15_drv_I2C_M24SR_c_d785b240__nrf_delay_us</STRONG> (Thumb, 30 bytes, Stack size 0 bytes, drv_i2c_m24sr.o(.emb_text))
<BR><BR>[Calls]<UL><LI><a href="#[46]">&gt;&gt;</a>&nbsp;&nbsp;&nbsp;__asm___15_drv_I2C_M24SR_c_d785b240__nrf_delay_us
</UL>
<BR>[Called By]<UL><LI><a href="#[cb]">&gt;&gt;</a>&nbsp;&nbsp;&nbsp;M24SR_WriteByte
<LI><a href="#[cd]">&gt;&gt;</a>&nbsp;&nbsp;&nbsp;M24SR_SendAck
<LI><a href="#[cc]">&gt;&gt;</a>&nbsp;&nbsp;&nbsp;M24SR_ReadByte
<LI><a href="#[b1]">&gt;&gt;</a>&nbsp;&nbsp;&nbsp;M24SR_PollI2C
<LI><a href="#[be]">&gt;&gt;</a>&nbsp;&nbsp;&nbsp;M24SR_I2CStop
<LI><a href="#[bd]">&gt;&gt;</a>&nbsp;&nbsp;&nbsp;M24SR_I2CStart
<LI><a href="#[a7]">&gt;&gt;</a>&nbsp;&nbsp;&nbsp;M24SR_CheckAck
<LI><a href="#[46]">&gt;&gt;</a>&nbsp;&nbsp;&nbsp;__asm___15_drv_I2C_M24SR_c_d785b240__nrf_delay_us
</UL>

<P><STRONG><a name="[47]"></a>__asm___11_nrf_delay_c_532987f3__nrf_delay_us</STRONG> (Thumb, 30 bytes, Stack size 0 bytes, nrf_delay.o(.emb_text))
<BR><BR>[Calls]<UL><LI><a href="#[47]">&gt;&gt;</a>&nbsp;&nbsp;&nbsp;__asm___11_nrf_delay_c_532987f3__nrf_delay_us
</UL>
<BR>[Called By]<UL><LI><a href="#[c4]">&gt;&gt;</a>&nbsp;&nbsp;&nbsp;nrf_delay_ms
<LI><a href="#[47]">&gt;&gt;</a>&nbsp;&nbsp;&nbsp;__asm___11_nrf_delay_c_532987f3__nrf_delay_us
</UL>

<P><STRONG><a name="[48]"></a>__asm___11_app_timer_c_cd27f9c3__nrf_delay_us</STRONG> (Thumb, 30 bytes, Stack size 0 bytes, app_timer.o(.emb_text))
<BR><BR>[Calls]<UL><LI><a href="#[48]">&gt;&gt;</a>&nbsp;&nbsp;&nbsp;__asm___11_app_timer_c_cd27f9c3__nrf_delay_us
</UL>
<BR>[Called By]<UL><LI><a href="#[48]">&gt;&gt;</a>&nbsp;&nbsp;&nbsp;__asm___11_app_timer_c_cd27f9c3__nrf_delay_us
<LI><a href="#[131]">&gt;&gt;</a>&nbsp;&nbsp;&nbsp;rtc1_stop
<LI><a href="#[145]">&gt;&gt;</a>&nbsp;&nbsp;&nbsp;rtc1_start
<LI><a href="#[143]">&gt;&gt;</a>&nbsp;&nbsp;&nbsp;compare_reg_update
</UL>

<P><STRONG><a name="[0]"></a>Reset_Handler</STRONG> (Thumb, 26 bytes, Stack size 0 bytes, arm_startup_nrf51.o(.text))
<BR>[Address Reference Count : 1]<UL><LI> arm_startup_nrf51.o(RESET)
</UL>
<P><STRONG><a name="[1]"></a>NMI_Handler</STRONG> (Thumb, 2 bytes, Stack size 0 bytes, arm_startup_nrf51.o(.text))
<BR><BR>[Calls]<UL><LI><a href="#[1]">&gt;&gt;</a>&nbsp;&nbsp;&nbsp;NMI_Handler
</UL>
<BR>[Called By]<UL><LI><a href="#[1]">&gt;&gt;</a>&nbsp;&nbsp;&nbsp;NMI_Handler
</UL>
<BR>[Address Reference Count : 1]<UL><LI> arm_startup_nrf51.o(RESET)
</UL>
<P><STRONG><a name="[2]"></a>HardFault_Handler</STRONG> (Thumb, 2 bytes, Stack size 0 bytes, arm_startup_nrf51.o(.text))
<BR><BR>[Calls]<UL><LI><a href="#[2]">&gt;&gt;</a>&nbsp;&nbsp;&nbsp;HardFault_Handler
</UL>
<BR>[Called By]<UL><LI><a href="#[2]">&gt;&gt;</a>&nbsp;&nbsp;&nbsp;HardFault_Handler
</UL>
<BR>[Address Reference Count : 1]<UL><LI> arm_startup_nrf51.o(RESET)
</UL>
<P><STRONG><a name="[3]"></a>SVC_Handler</STRONG> (Thumb, 2 bytes, Stack size 0 bytes, arm_startup_nrf51.o(.text))
<BR><BR>[Calls]<UL><LI><a href="#[3]">&gt;&gt;</a>&nbsp;&nbsp;&nbsp;SVC_Handler
</UL>
<BR>[Called By]<UL><LI><a href="#[3]">&gt;&gt;</a>&nbsp;&nbsp;&nbsp;SVC_Handler
</UL>
<BR>[Address Reference Count : 1]<UL><LI> arm_startup_nrf51.o(RESET)
</UL>
<P><STRONG><a name="[4]"></a>PendSV_Handler</STRONG> (Thumb, 2 bytes, Stack size 0 bytes, arm_startup_nrf51.o(.text))
<BR><BR>[Calls]<UL><LI><a href="#[4]">&gt;&gt;</a>&nbsp;&nbsp;&nbsp;PendSV_Handler
</UL>
<BR>[Called By]<UL><LI><a href="#[4]">&gt;&gt;</a>&nbsp;&nbsp;&nbsp;PendSV_Handler
</UL>
<BR>[Address Reference Count : 1]<UL><LI> arm_startup_nrf51.o(RESET)
</UL>
<P><STRONG><a name="[5]"></a>SysTick_Handler</STRONG> (Thumb, 2 bytes, Stack size 0 bytes, arm_startup_nrf51.o(.text))
<BR><BR>[Calls]<UL><LI><a href="#[5]">&gt;&gt;</a>&nbsp;&nbsp;&nbsp;SysTick_Handler
</UL>
<BR>[Called By]<UL><LI><a href="#[5]">&gt;&gt;</a>&nbsp;&nbsp;&nbsp;SysTick_Handler
</UL>
<BR>[Address Reference Count : 1]<UL><LI> arm_startup_nrf51.o(RESET)
</UL>
<P><STRONG><a name="[14]"></a>CCM_AAR_IRQHandler</STRONG> (Thumb, 0 bytes, Stack size 0 bytes, arm_startup_nrf51.o(.text))
<BR><BR>[Calls]<UL><LI><a href="#[14]">&gt;&gt;</a>&nbsp;&nbsp;&nbsp;CCM_AAR_IRQHandler
</UL>
<BR>[Called By]<UL><LI><a href="#[14]">&gt;&gt;</a>&nbsp;&nbsp;&nbsp;CCM_AAR_IRQHandler
</UL>
<BR>[Address Reference Count : 1]<UL><LI> arm_startup_nrf51.o(RESET)
</UL>
<P><STRONG><a name="[13]"></a>ECB_IRQHandler</STRONG> (Thumb, 0 bytes, Stack size 0 bytes, arm_startup_nrf51.o(.text))
<BR>[Address Reference Count : 1]<UL><LI> arm_startup_nrf51.o(RESET)
</UL>
<P><STRONG><a name="[18]"></a>LPCOMP_IRQHandler</STRONG> (Thumb, 0 bytes, Stack size 0 bytes, arm_startup_nrf51.o(.text))
<BR>[Address Reference Count : 1]<UL><LI> arm_startup_nrf51.o(RESET)
</UL>
<P><STRONG><a name="[17]"></a>QDEC_IRQHandler</STRONG> (Thumb, 0 bytes, Stack size 0 bytes, arm_startup_nrf51.o(.text))
<BR>[Address Reference Count : 1]<UL><LI> arm_startup_nrf51.o(RESET)
</UL>
<P><STRONG><a name="[12]"></a>RNG_IRQHandler</STRONG> (Thumb, 0 bytes, Stack size 0 bytes, arm_startup_nrf51.o(.text))
<BR>[Address Reference Count : 1]<UL><LI> arm_startup_nrf51.o(RESET)
</UL>
<P><STRONG><a name="[10]"></a>RTC0_IRQHandler</STRONG> (Thumb, 0 bytes, Stack size 0 bytes, arm_startup_nrf51.o(.text))
<BR>[Address Reference Count : 1]<UL><LI> arm_startup_nrf51.o(RESET)
</UL>
<P><STRONG><a name="[9]"></a>SPI0_TWI0_IRQHandler</STRONG> (Thumb, 0 bytes, Stack size 0 bytes, arm_startup_nrf51.o(.text))
<BR>[Address Reference Count : 1]<UL><LI> arm_startup_nrf51.o(RESET)
</UL>
<P><STRONG><a name="[a]"></a>SPI1_TWI1_IRQHandler</STRONG> (Thumb, 0 bytes, Stack size 0 bytes, arm_startup_nrf51.o(.text))
<BR>[Address Reference Count : 1]<UL><LI> arm_startup_nrf51.o(RESET)
</UL>
<P><STRONG><a name="[1b]"></a>SWI2_IRQHandler</STRONG> (Thumb, 0 bytes, Stack size 0 bytes, arm_startup_nrf51.o(.text))
<BR>[Address Reference Count : 1]<UL><LI> arm_startup_nrf51.o(RESET)
</UL>
<P><STRONG><a name="[1c]"></a>SWI3_IRQHandler</STRONG> (Thumb, 0 bytes, Stack size 0 bytes, arm_startup_nrf51.o(.text))
<BR>[Address Reference Count : 1]<UL><LI> arm_startup_nrf51.o(RESET)
</UL>
<P><STRONG><a name="[1d]"></a>SWI4_IRQHandler</STRONG> (Thumb, 0 bytes, Stack size 0 bytes, arm_startup_nrf51.o(.text))
<BR>[Address Reference Count : 1]<UL><LI> arm_startup_nrf51.o(RESET)
</UL>
<P><STRONG><a name="[1e]"></a>SWI5_IRQHandler</STRONG> (Thumb, 0 bytes, Stack size 0 bytes, arm_startup_nrf51.o(.text))
<BR>[Address Reference Count : 1]<UL><LI> arm_startup_nrf51.o(RESET)
</UL>
<P><STRONG><a name="[11]"></a>TEMP_IRQHandler</STRONG> (Thumb, 0 bytes, Stack size 0 bytes, arm_startup_nrf51.o(.text))
<BR>[Address Reference Count : 1]<UL><LI> arm_startup_nrf51.o(RESET)
</UL>
<P><STRONG><a name="[d]"></a>TIMER0_IRQHandler</STRONG> (Thumb, 0 bytes, Stack size 0 bytes, arm_startup_nrf51.o(.text))
<BR>[Address Reference Count : 1]<UL><LI> arm_startup_nrf51.o(RESET)
</UL>
<P><STRONG><a name="[e]"></a>TIMER1_IRQHandler</STRONG> (Thumb, 0 bytes, Stack size 0 bytes, arm_startup_nrf51.o(.text))
<BR>[Address Reference Count : 1]<UL><LI> arm_startup_nrf51.o(RESET)
</UL>
<P><STRONG><a name="[f]"></a>TIMER2_IRQHandler</STRONG> (Thumb, 0 bytes, Stack size 0 bytes, arm_startup_nrf51.o(.text))
<BR>[Address Reference Count : 1]<UL><LI> arm_startup_nrf51.o(RESET)
</UL>
<P><STRONG><a name="[8]"></a>UART0_IRQHandler</STRONG> (Thumb, 0 bytes, Stack size 0 bytes, arm_startup_nrf51.o(.text))
<BR>[Address Reference Count : 1]<UL><LI> arm_startup_nrf51.o(RESET)
</UL>
<P><STRONG><a name="[15]"></a>WDT_IRQHandler</STRONG> (Thumb, 0 bytes, Stack size 0 bytes, arm_startup_nrf51.o(.text))
<BR>[Address Reference Count : 1]<UL><LI> arm_startup_nrf51.o(RESET)
</UL>
<P><STRONG><a name="[191]"></a>__aeabi_idiv</STRONG> (Thumb, 0 bytes, Stack size 16 bytes, idiv.o(.text), UNUSED)

<P><STRONG><a name="[49]"></a>__aeabi_idivmod</STRONG> (Thumb, 40 bytes, Stack size 16 bytes, idiv.o(.text))
<BR><BR>[Stack]<UL><LI>Max Depth = 28<LI>Call Chain = __aeabi_idivmod &rArr; __aeabi_uidivmod
</UL>
<BR>[Calls]<UL><LI><a href="#[4a]">&gt;&gt;</a>&nbsp;&nbsp;&nbsp;__aeabi_uidivmod
</UL>
<BR>[Called By]<UL><LI><a href="#[92]">&gt;&gt;</a>&nbsp;&nbsp;&nbsp;LCD_display_question_num
<LI><a href="#[93]">&gt;&gt;</a>&nbsp;&nbsp;&nbsp;LCD_display_grade_value
<LI><a href="#[103]">&gt;&gt;</a>&nbsp;&nbsp;&nbsp;RTC_Init
<LI><a href="#[ea]">&gt;&gt;</a>&nbsp;&nbsp;&nbsp;RADIO_RxDataHandler
<LI><a href="#[91]">&gt;&gt;</a>&nbsp;&nbsp;&nbsp;LCD_display_student_id
<LI><a href="#[73]">&gt;&gt;</a>&nbsp;&nbsp;&nbsp;key_next_question_handler
<LI><a href="#[65]">&gt;&gt;</a>&nbsp;&nbsp;&nbsp;heartbeat_command_handler
</UL>

<P><STRONG><a name="[4b]"></a>__aeabi_uldivmod</STRONG> (Thumb, 96 bytes, Stack size 48 bytes, uldiv.o(.text))
<BR><BR>[Stack]<UL><LI>Max Depth = 56<LI>Call Chain = __aeabi_uldivmod &rArr; __aeabi_llsr
</UL>
<BR>[Calls]<UL><LI><a href="#[4c]">&gt;&gt;</a>&nbsp;&nbsp;&nbsp;__aeabi_llsr
<LI><a href="#[4d]">&gt;&gt;</a>&nbsp;&nbsp;&nbsp;__aeabi_llsl
</UL>
<BR>[Called By]<UL><LI><a href="#[f8]">&gt;&gt;</a>&nbsp;&nbsp;&nbsp;TIMER_RxWindowStart
<LI><a href="#[ed]">&gt;&gt;</a>&nbsp;&nbsp;&nbsp;TIMER_WaitDataStart
<LI><a href="#[ee]">&gt;&gt;</a>&nbsp;&nbsp;&nbsp;TIMER_RxWindowAdd
</UL>

<P><STRONG><a name="[5a]"></a>__aeabi_memcpy</STRONG> (Thumb, 36 bytes, Stack size 0 bytes, memcpya.o(.text))
<BR><BR>[Called By]<UL><LI><a href="#[ea]">&gt;&gt;</a>&nbsp;&nbsp;&nbsp;RADIO_RxDataHandler
<LI><a href="#[59]">&gt;&gt;</a>&nbsp;&nbsp;&nbsp;APP_CmdHandler
<LI><a href="#[150]">&gt;&gt;</a>&nbsp;&nbsp;&nbsp;pack_question_info
<LI><a href="#[5e]">&gt;&gt;</a>&nbsp;&nbsp;&nbsp;multiple_question_command_handler
<LI><a href="#[71]">&gt;&gt;</a>&nbsp;&nbsp;&nbsp;key_send_handler
<LI><a href="#[114]">&gt;&gt;</a>&nbsp;&nbsp;&nbsp;TIMER_MyReturnAckHandler
<LI><a href="#[e8]">&gt;&gt;</a>&nbsp;&nbsp;&nbsp;nrf_esb_write_payload
<LI><a href="#[e0]">&gt;&gt;</a>&nbsp;&nbsp;&nbsp;nrf_esb_set_prefixes
<LI><a href="#[df]">&gt;&gt;</a>&nbsp;&nbsp;&nbsp;nrf_esb_set_base_address_0
<LI><a href="#[eb]">&gt;&gt;</a>&nbsp;&nbsp;&nbsp;nrf_esb_read_rx_payload
<LI><a href="#[f1]">&gt;&gt;</a>&nbsp;&nbsp;&nbsp;RADIO_StartTx
<LI><a href="#[ec]">&gt;&gt;</a>&nbsp;&nbsp;&nbsp;RADIO_RxSuccessHandler
<LI><a href="#[e1]">&gt;&gt;</a>&nbsp;&nbsp;&nbsp;RADIO_ReturnAck
<LI><a href="#[175]">&gt;&gt;</a>&nbsp;&nbsp;&nbsp;start_tx_transaction
<LI><a href="#[17c]">&gt;&gt;</a>&nbsp;&nbsp;&nbsp;rx_fifo_push_rfbuf
<LI><a href="#[3b]">&gt;&gt;</a>&nbsp;&nbsp;&nbsp;on_radio_disabled_rx
<LI><a href="#[c7]">&gt;&gt;</a>&nbsp;&nbsp;&nbsp;M24SR_Verify
<LI><a href="#[c8]">&gt;&gt;</a>&nbsp;&nbsp;&nbsp;M24SR_UpdateBinary
<LI><a href="#[b9]">&gt;&gt;</a>&nbsp;&nbsp;&nbsp;M24SR_SelectApplication
<LI><a href="#[bb]">&gt;&gt;</a>&nbsp;&nbsp;&nbsp;M24SR_ReadBinary
<LI><a href="#[a5]">&gt;&gt;</a>&nbsp;&nbsp;&nbsp;M24SR_BuildIBlockCommand
</UL>

<P><STRONG><a name="[dc]"></a>__aeabi_memcpy4</STRONG> (Thumb, 0 bytes, Stack size 0 bytes, memcpya.o(.text))
<BR><BR>[Called By]<UL><LI><a href="#[db]">&gt;&gt;</a>&nbsp;&nbsp;&nbsp;RADIO_Config
<LI><a href="#[de]">&gt;&gt;</a>&nbsp;&nbsp;&nbsp;nrf_esb_init
</UL>

<P><STRONG><a name="[192]"></a>__aeabi_memcpy8</STRONG> (Thumb, 0 bytes, Stack size 0 bytes, memcpya.o(.text), UNUSED)

<P><STRONG><a name="[4f]"></a>__aeabi_memset</STRONG> (Thumb, 14 bytes, Stack size 0 bytes, memseta.o(.text))
<BR><BR>[Called By]<UL><LI><a href="#[97]">&gt;&gt;</a>&nbsp;&nbsp;&nbsp;LCD_diplay_on
<LI><a href="#[50]">&gt;&gt;</a>&nbsp;&nbsp;&nbsp;_memset$wrapper
<LI><a href="#[4e]">&gt;&gt;</a>&nbsp;&nbsp;&nbsp;__aeabi_memclr
</UL>

<P><STRONG><a name="[193]"></a>__aeabi_memset4</STRONG> (Thumb, 0 bytes, Stack size 0 bytes, memseta.o(.text), UNUSED)

<P><STRONG><a name="[194]"></a>__aeabi_memset8</STRONG> (Thumb, 0 bytes, Stack size 0 bytes, memseta.o(.text), UNUSED)

<P><STRONG><a name="[4e]"></a>__aeabi_memclr</STRONG> (Thumb, 4 bytes, Stack size 0 bytes, memseta.o(.text))
<BR><BR>[Calls]<UL><LI><a href="#[4f]">&gt;&gt;</a>&nbsp;&nbsp;&nbsp;__aeabi_memset
</UL>
<BR>[Called By]<UL><LI><a href="#[59]">&gt;&gt;</a>&nbsp;&nbsp;&nbsp;APP_CmdHandler
<LI><a href="#[de]">&gt;&gt;</a>&nbsp;&nbsp;&nbsp;nrf_esb_init
<LI><a href="#[16c]">&gt;&gt;</a>&nbsp;&nbsp;&nbsp;nrf_esb_disable
</UL>

<P><STRONG><a name="[15c]"></a>__aeabi_memclr4</STRONG> (Thumb, 0 bytes, Stack size 0 bytes, memseta.o(.text))
<BR><BR>[Called By]<UL><LI><a href="#[5e]">&gt;&gt;</a>&nbsp;&nbsp;&nbsp;multiple_question_command_handler
<LI><a href="#[de]">&gt;&gt;</a>&nbsp;&nbsp;&nbsp;nrf_esb_init
<LI><a href="#[16c]">&gt;&gt;</a>&nbsp;&nbsp;&nbsp;nrf_esb_disable
</UL>

<P><STRONG><a name="[195]"></a>__aeabi_memclr8</STRONG> (Thumb, 0 bytes, Stack size 0 bytes, memseta.o(.text), UNUSED)

<P><STRONG><a name="[50]"></a>_memset$wrapper</STRONG> (Thumb, 18 bytes, Stack size 8 bytes, memseta.o(.text), UNUSED)
<BR><BR>[Calls]<UL><LI><a href="#[4f]">&gt;&gt;</a>&nbsp;&nbsp;&nbsp;__aeabi_memset
</UL>

<P><STRONG><a name="[196]"></a>__aeabi_uidiv</STRONG> (Thumb, 0 bytes, Stack size 12 bytes, uidiv.o(.text), UNUSED)

<P><STRONG><a name="[4a]"></a>__aeabi_uidivmod</STRONG> (Thumb, 44 bytes, Stack size 12 bytes, uidiv.o(.text))
<BR><BR>[Stack]<UL><LI>Max Depth = 12<LI>Call Chain = __aeabi_uidivmod
</UL>
<BR>[Called By]<UL><LI><a href="#[49]">&gt;&gt;</a>&nbsp;&nbsp;&nbsp;__aeabi_idivmod
</UL>

<P><STRONG><a name="[4d]"></a>__aeabi_llsl</STRONG> (Thumb, 32 bytes, Stack size 8 bytes, llshl.o(.text))
<BR><BR>[Stack]<UL><LI>Max Depth = 8<LI>Call Chain = __aeabi_llsl
</UL>
<BR>[Called By]<UL><LI><a href="#[4b]">&gt;&gt;</a>&nbsp;&nbsp;&nbsp;__aeabi_uldivmod
</UL>

<P><STRONG><a name="[197]"></a>_ll_shift_l</STRONG> (Thumb, 0 bytes, Stack size 8 bytes, llshl.o(.text), UNUSED)

<P><STRONG><a name="[4c]"></a>__aeabi_llsr</STRONG> (Thumb, 34 bytes, Stack size 8 bytes, llushr.o(.text))
<BR><BR>[Stack]<UL><LI>Max Depth = 8<LI>Call Chain = __aeabi_llsr
</UL>
<BR>[Called By]<UL><LI><a href="#[4b]">&gt;&gt;</a>&nbsp;&nbsp;&nbsp;__aeabi_uldivmod
</UL>

<P><STRONG><a name="[198]"></a>_ll_ushift_r</STRONG> (Thumb, 0 bytes, Stack size 8 bytes, llushr.o(.text), UNUSED)

<P><STRONG><a name="[43]"></a>__scatterload</STRONG> (Thumb, 28 bytes, Stack size 0 bytes, init.o(.text))
<BR><BR>[Calls]<UL><LI><a href="#[51]">&gt;&gt;</a>&nbsp;&nbsp;&nbsp;__main_after_scatterload
</UL>
<BR>[Called By]<UL><LI><a href="#[42]">&gt;&gt;</a>&nbsp;&nbsp;&nbsp;_main_scatterload
</UL>

<P><STRONG><a name="[199]"></a>__scatterload_rt2</STRONG> (Thumb, 0 bytes, Stack size 0 bytes, init.o(.text), UNUSED)

<P><STRONG><a name="[c]"></a>ADC_IRQHandler</STRONG> (Thumb, 120 bytes, Stack size 16 bytes, nrf_drv_adc.o(i.ADC_IRQHandler))
<BR><BR>[Stack]<UL><LI>Max Depth = 24<LI>Call Chain = ADC_IRQHandler &rArr; adc_sample_process
</UL>
<BR>[Calls]<UL><LI><a href="#[53]">&gt;&gt;</a>&nbsp;&nbsp;&nbsp;nrf_adc_int_disable
<LI><a href="#[52]">&gt;&gt;</a>&nbsp;&nbsp;&nbsp;nrf_adc_event_clear
<LI><a href="#[54]">&gt;&gt;</a>&nbsp;&nbsp;&nbsp;adc_sample_process
</UL>
<BR>[Address Reference Count : 1]<UL><LI> arm_startup_nrf51.o(RESET)
</UL>
<P><STRONG><a name="[55]"></a>ADC_init</STRONG> (Thumb, 84 bytes, Stack size 16 bytes, adc.o(i.ADC_init))
<BR><BR>[Stack]<UL><LI>Max Depth = 56<LI>Call Chain = ADC_init &rArr; nrf_drv_adc_init &rArr; nrf_drv_common_irq_enable &rArr; NVIC_SetPriority
</UL>
<BR>[Calls]<UL><LI><a href="#[57]">&gt;&gt;</a>&nbsp;&nbsp;&nbsp;app_error_handler_bare
<LI><a href="#[56]">&gt;&gt;</a>&nbsp;&nbsp;&nbsp;nrf_drv_adc_init
<LI><a href="#[58]">&gt;&gt;</a>&nbsp;&nbsp;&nbsp;nrf_drv_adc_channel_enable
</UL>
<BR>[Called By]<UL><LI><a href="#[1f]">&gt;&gt;</a>&nbsp;&nbsp;&nbsp;main
</UL>

<P><STRONG><a name="[59]"></a>APP_CmdHandler</STRONG> (Thumb, 190 bytes, Stack size 8 bytes, application.o(i.APP_CmdHandler))
<BR><BR>[Stack]<UL><LI>Max Depth = 280<LI>Call Chain = APP_CmdHandler &rArr; multiple_question_command_handler &rArr; LCD_display_question_num &rArr; LCD_diplay_segment &rArr; modify_segment &rArr; modify_ram
</UL>
<BR>[Calls]<UL><LI><a href="#[5b]">&gt;&gt;</a>&nbsp;&nbsp;&nbsp;__ARM_common_switch8
<LI><a href="#[5c]">&gt;&gt;</a>&nbsp;&nbsp;&nbsp;test_command_handler
<LI><a href="#[60]">&gt;&gt;</a>&nbsp;&nbsp;&nbsp;sys_off_command_handler
<LI><a href="#[66]">&gt;&gt;</a>&nbsp;&nbsp;&nbsp;student_id_match_command_handler
<LI><a href="#[61]">&gt;&gt;</a>&nbsp;&nbsp;&nbsp;start_answer_command_handler
<LI><a href="#[5d]">&gt;&gt;</a>&nbsp;&nbsp;&nbsp;single_question_command_handler
<LI><a href="#[64]">&gt;&gt;</a>&nbsp;&nbsp;&nbsp;receive_ok_command_handler
<LI><a href="#[5f]">&gt;&gt;</a>&nbsp;&nbsp;&nbsp;mutual_vote_command_handler
<LI><a href="#[5e]">&gt;&gt;</a>&nbsp;&nbsp;&nbsp;multiple_question_command_handler
<LI><a href="#[65]">&gt;&gt;</a>&nbsp;&nbsp;&nbsp;heartbeat_command_handler
<LI><a href="#[62]">&gt;&gt;</a>&nbsp;&nbsp;&nbsp;group_grade_command_handler
<LI><a href="#[67]">&gt;&gt;</a>&nbsp;&nbsp;&nbsp;empty_packet_command_handler
<LI><a href="#[63]">&gt;&gt;</a>&nbsp;&nbsp;&nbsp;activity_end_command_handler
<LI><a href="#[4e]">&gt;&gt;</a>&nbsp;&nbsp;&nbsp;__aeabi_memclr
<LI><a href="#[5a]">&gt;&gt;</a>&nbsp;&nbsp;&nbsp;__aeabi_memcpy
</UL>
<BR>[Called By]<UL><LI><a href="#[1f]">&gt;&gt;</a>&nbsp;&nbsp;&nbsp;main
</UL>

<P><STRONG><a name="[68]"></a>APP_KeyHandler</STRONG> (Thumb, 160 bytes, Stack size 8 bytes, application.o(i.APP_KeyHandler))
<BR><BR>[Stack]<UL><LI>Max Depth = 448<LI>Call Chain = APP_KeyHandler &rArr; key_send_handler &rArr; pack_question_info
</UL>
<BR>[Calls]<UL><LI><a href="#[69]">&gt;&gt;</a>&nbsp;&nbsp;&nbsp;KEY_Scan
<LI><a href="#[5b]">&gt;&gt;</a>&nbsp;&nbsp;&nbsp;__ARM_common_switch8
<LI><a href="#[6b]">&gt;&gt;</a>&nbsp;&nbsp;&nbsp;TIMER_SysSleepStart
<LI><a href="#[71]">&gt;&gt;</a>&nbsp;&nbsp;&nbsp;key_send_handler
<LI><a href="#[73]">&gt;&gt;</a>&nbsp;&nbsp;&nbsp;key_next_question_handler
<LI><a href="#[6c]">&gt;&gt;</a>&nbsp;&nbsp;&nbsp;key_letter_input_handler
<LI><a href="#[72]">&gt;&gt;</a>&nbsp;&nbsp;&nbsp;key_last_question_handler
<LI><a href="#[6e]">&gt;&gt;</a>&nbsp;&nbsp;&nbsp;key_judge_input_handler
<LI><a href="#[6f]">&gt;&gt;</a>&nbsp;&nbsp;&nbsp;key_fn_handler
<LI><a href="#[6d]">&gt;&gt;</a>&nbsp;&nbsp;&nbsp;key_digit_input_handler
<LI><a href="#[70]">&gt;&gt;</a>&nbsp;&nbsp;&nbsp;key_clear_handler
<LI><a href="#[6a]">&gt;&gt;</a>&nbsp;&nbsp;&nbsp;TIMER_SysSleepStop
</UL>
<BR>[Called By]<UL><LI><a href="#[1f]">&gt;&gt;</a>&nbsp;&nbsp;&nbsp;main
</UL>

<P><STRONG><a name="[159]"></a>APP_init</STRONG> (Thumb, 32 bytes, Stack size 0 bytes, application.o(i.APP_init))
<BR><BR>[Called By]<UL><LI><a href="#[1f]">&gt;&gt;</a>&nbsp;&nbsp;&nbsp;main
</UL>

<P><STRONG><a name="[74]"></a>CLK_HFCLKStart</STRONG> (Thumb, 16 bytes, Stack size 8 bytes, clock.o(i.CLK_HFCLKStart))
<BR><BR>[Stack]<UL><LI>Max Depth = 24<LI>Call Chain = CLK_HFCLKStart &rArr; nrf_drv_clock_hfclk_request &rArr; hfclk_start
</UL>
<BR>[Calls]<UL><LI><a href="#[76]">&gt;&gt;</a>&nbsp;&nbsp;&nbsp;nrf_drv_clock_hfclk_request
<LI><a href="#[75]">&gt;&gt;</a>&nbsp;&nbsp;&nbsp;nrf_drv_clock_hfclk_is_running
</UL>
<BR>[Called By]<UL><LI><a href="#[7c]">&gt;&gt;</a>&nbsp;&nbsp;&nbsp;CLOCK_Init
<LI><a href="#[1f]">&gt;&gt;</a>&nbsp;&nbsp;&nbsp;main
</UL>

<P><STRONG><a name="[77]"></a>CLK_LFCLKStart</STRONG> (Thumb, 16 bytes, Stack size 8 bytes, clock.o(i.CLK_LFCLKStart))
<BR><BR>[Stack]<UL><LI>Max Depth = 24<LI>Call Chain = CLK_LFCLKStart &rArr; nrf_drv_clock_lfclk_request &rArr; lfclk_start
</UL>
<BR>[Calls]<UL><LI><a href="#[79]">&gt;&gt;</a>&nbsp;&nbsp;&nbsp;nrf_drv_clock_lfclk_request
<LI><a href="#[78]">&gt;&gt;</a>&nbsp;&nbsp;&nbsp;nrf_drv_clock_lfclk_is_running
</UL>
<BR>[Called By]<UL><LI><a href="#[7c]">&gt;&gt;</a>&nbsp;&nbsp;&nbsp;CLOCK_Init
</UL>

<P><STRONG><a name="[7a]"></a>CLK_RTCCalibrate</STRONG> (Thumb, 12 bytes, Stack size 8 bytes, clock.o(i.CLK_RTCCalibrate))
<BR><BR>[Stack]<UL><LI>Max Depth = 40<LI>Call Chain = CLK_RTCCalibrate &rArr; nrf_drv_clock_calibration_start &rArr; nrf_drv_clock_hfclk_request &rArr; hfclk_start
</UL>
<BR>[Calls]<UL><LI><a href="#[7b]">&gt;&gt;</a>&nbsp;&nbsp;&nbsp;nrf_drv_clock_calibration_start
</UL>
<BR>[Called By]<UL><LI><a href="#[7c]">&gt;&gt;</a>&nbsp;&nbsp;&nbsp;CLOCK_Init
</UL>

<P><STRONG><a name="[7c]"></a>CLOCK_Init</STRONG> (Thumb, 42 bytes, Stack size 16 bytes, clock.o(i.CLOCK_Init))
<BR><BR>[Stack]<UL><LI>Max Depth = 56<LI>Call Chain = CLOCK_Init &rArr; CLK_RTCCalibrate &rArr; nrf_drv_clock_calibration_start &rArr; nrf_drv_clock_hfclk_request &rArr; hfclk_start
</UL>
<BR>[Calls]<UL><LI><a href="#[57]">&gt;&gt;</a>&nbsp;&nbsp;&nbsp;app_error_handler_bare
<LI><a href="#[74]">&gt;&gt;</a>&nbsp;&nbsp;&nbsp;CLK_HFCLKStart
<LI><a href="#[7d]">&gt;&gt;</a>&nbsp;&nbsp;&nbsp;nrf_drv_clock_init
<LI><a href="#[7a]">&gt;&gt;</a>&nbsp;&nbsp;&nbsp;CLK_RTCCalibrate
<LI><a href="#[77]">&gt;&gt;</a>&nbsp;&nbsp;&nbsp;CLK_LFCLKStart
</UL>
<BR>[Called By]<UL><LI><a href="#[1f]">&gt;&gt;</a>&nbsp;&nbsp;&nbsp;main
</UL>

<P><STRONG><a name="[b]"></a>GPIOTE_IRQHandler</STRONG> (Thumb, 484 bytes, Stack size 64 bytes, nrf_drv_gpiote.o(i.GPIOTE_IRQHandler))
<BR><BR>[Stack]<UL><LI>Max Depth = 72<LI>Call Chain = GPIOTE_IRQHandler &rArr; nrf_gpiote_event_is_set
</UL>
<BR>[Calls]<UL><LI><a href="#[7e]">&gt;&gt;</a>&nbsp;&nbsp;&nbsp;nrf_gpiote_event_is_set
<LI><a href="#[7f]">&gt;&gt;</a>&nbsp;&nbsp;&nbsp;nrf_gpiote_event_clear
<LI><a href="#[82]">&gt;&gt;</a>&nbsp;&nbsp;&nbsp;nrf_gpio_cfg_sense_set
<LI><a href="#[81]">&gt;&gt;</a>&nbsp;&nbsp;&nbsp;channel_port_get
<LI><a href="#[80]">&gt;&gt;</a>&nbsp;&nbsp;&nbsp;channel_handler_get
</UL>
<BR>[Address Reference Count : 1]<UL><LI> arm_startup_nrf51.o(RESET)
</UL>
<P><STRONG><a name="[d7]"></a>GPIO_default</STRONG> (Thumb, 30 bytes, Stack size 0 bytes, define.o(i.GPIO_default))
<BR><BR>[Called By]<UL><LI><a href="#[8c]">&gt;&gt;</a>&nbsp;&nbsp;&nbsp;POWER_Off
<LI><a href="#[1f]">&gt;&gt;</a>&nbsp;&nbsp;&nbsp;main
</UL>

<P><STRONG><a name="[83]"></a>HFCLK_stop</STRONG> (Thumb, 16 bytes, Stack size 8 bytes, clock.o(i.HFCLK_stop))
<BR><BR>[Stack]<UL><LI>Max Depth = 24<LI>Call Chain = HFCLK_stop &rArr; nrf_drv_clock_hfclk_release &rArr; hfclk_stop
</UL>
<BR>[Calls]<UL><LI><a href="#[84]">&gt;&gt;</a>&nbsp;&nbsp;&nbsp;nrf_drv_clock_hfclk_release
<LI><a href="#[75]">&gt;&gt;</a>&nbsp;&nbsp;&nbsp;nrf_drv_clock_hfclk_is_running
</UL>
<BR>[Called By]<UL><LI><a href="#[1f]">&gt;&gt;</a>&nbsp;&nbsp;&nbsp;main
</UL>

<P><STRONG><a name="[69]"></a>KEY_Scan</STRONG> (Thumb, 750 bytes, Stack size 16 bytes, key.o(i.KEY_Scan))
<BR><BR>[Stack]<UL><LI>Max Depth = 136<LI>Call Chain = KEY_Scan &rArr; POWER_Wakeup &rArr; LCD_display_wakeup &rArr; TIMER_LcdUpdateStart &rArr; app_timer_start &rArr; timer_start_op_schedule &rArr; user_op_alloc
</UL>
<BR>[Calls]<UL><LI><a href="#[8a]">&gt;&gt;</a>&nbsp;&nbsp;&nbsp;TIMER_ButtonStop
<LI><a href="#[89]">&gt;&gt;</a>&nbsp;&nbsp;&nbsp;TIMER_ButtonStart
<LI><a href="#[8b]">&gt;&gt;</a>&nbsp;&nbsp;&nbsp;POWER_Wakeup
<LI><a href="#[8c]">&gt;&gt;</a>&nbsp;&nbsp;&nbsp;POWER_Off
<LI><a href="#[87]">&gt;&gt;</a>&nbsp;&nbsp;&nbsp;nrf_gpio_range_cfg_output
<LI><a href="#[86]">&gt;&gt;</a>&nbsp;&nbsp;&nbsp;nrf_gpio_range_cfg_input
<LI><a href="#[85]">&gt;&gt;</a>&nbsp;&nbsp;&nbsp;nrf_gpio_port_read
<LI><a href="#[88]">&gt;&gt;</a>&nbsp;&nbsp;&nbsp;nrf_gpio_pin_read
</UL>
<BR>[Called By]<UL><LI><a href="#[68]">&gt;&gt;</a>&nbsp;&nbsp;&nbsp;APP_KeyHandler
</UL>

<P><STRONG><a name="[8d]"></a>KEY_init</STRONG> (Thumb, 60 bytes, Stack size 8 bytes, key.o(i.KEY_init))
<BR><BR>[Stack]<UL><LI>Max Depth = 132<LI>Call Chain = KEY_init &rArr; key_button_init &rArr; nrf_drv_gpiote_in_init &rArr; channel_port_alloc
</UL>
<BR>[Calls]<UL><LI><a href="#[8f]">&gt;&gt;</a>&nbsp;&nbsp;&nbsp;key_button_init
<LI><a href="#[87]">&gt;&gt;</a>&nbsp;&nbsp;&nbsp;nrf_gpio_range_cfg_output
<LI><a href="#[86]">&gt;&gt;</a>&nbsp;&nbsp;&nbsp;nrf_gpio_range_cfg_input
<LI><a href="#[8e]">&gt;&gt;</a>&nbsp;&nbsp;&nbsp;nrf_gpio_cfg_input
</UL>
<BR>[Called By]<UL><LI><a href="#[1f]">&gt;&gt;</a>&nbsp;&nbsp;&nbsp;main
</UL>

<P><STRONG><a name="[90]"></a>LCD_DisplayVerInfo</STRONG> (Thumb, 32 bytes, Stack size 8 bytes, lcd.o(i.LCD_DisplayVerInfo))
<BR><BR>[Stack]<UL><LI>Max Depth = 72<LI>Call Chain = LCD_DisplayVerInfo &rArr; LCD_write_mult_data &rArr; LCD_write_data &rArr; nrf_gpio_pin_write
</UL>
<BR>[Calls]<UL><LI><a href="#[94]">&gt;&gt;</a>&nbsp;&nbsp;&nbsp;LCD_write_mult_data
<LI><a href="#[92]">&gt;&gt;</a>&nbsp;&nbsp;&nbsp;LCD_display_question_num
<LI><a href="#[93]">&gt;&gt;</a>&nbsp;&nbsp;&nbsp;LCD_display_grade_value
<LI><a href="#[91]">&gt;&gt;</a>&nbsp;&nbsp;&nbsp;LCD_display_student_id
</UL>
<BR>[Called By]<UL><LI><a href="#[9e]">&gt;&gt;</a>&nbsp;&nbsp;&nbsp;LCD_display_update
</UL>

<P><STRONG><a name="[10b]"></a>LCD_clear_dot</STRONG> (Thumb, 14 bytes, Stack size 0 bytes, lcd.o(i.LCD_clear_dot))
<BR><BR>[Called By]<UL><LI><a href="#[29]">&gt;&gt;</a>&nbsp;&nbsp;&nbsp;RTC_display_time
<LI><a href="#[5f]">&gt;&gt;</a>&nbsp;&nbsp;&nbsp;mutual_vote_command_handler
<LI><a href="#[5e]">&gt;&gt;</a>&nbsp;&nbsp;&nbsp;multiple_question_command_handler
<LI><a href="#[62]">&gt;&gt;</a>&nbsp;&nbsp;&nbsp;group_grade_command_handler
<LI><a href="#[63]">&gt;&gt;</a>&nbsp;&nbsp;&nbsp;activity_end_command_handler
</UL>

<P><STRONG><a name="[95]"></a>LCD_clear_segment</STRONG> (Thumb, 74 bytes, Stack size 4 bytes, lcd.o(i.LCD_clear_segment))
<BR><BR>[Stack]<UL><LI>Max Depth = 32<LI>Call Chain = LCD_clear_segment &rArr; modify_segment &rArr; modify_ram
</UL>
<BR>[Calls]<UL><LI><a href="#[96]">&gt;&gt;</a>&nbsp;&nbsp;&nbsp;modify_segment
</UL>
<BR>[Called By]<UL><LI><a href="#[5f]">&gt;&gt;</a>&nbsp;&nbsp;&nbsp;mutual_vote_command_handler
<LI><a href="#[5e]">&gt;&gt;</a>&nbsp;&nbsp;&nbsp;multiple_question_command_handler
<LI><a href="#[70]">&gt;&gt;</a>&nbsp;&nbsp;&nbsp;key_clear_handler
<LI><a href="#[62]">&gt;&gt;</a>&nbsp;&nbsp;&nbsp;group_grade_command_handler
<LI><a href="#[63]">&gt;&gt;</a>&nbsp;&nbsp;&nbsp;activity_end_command_handler
</UL>

<P><STRONG><a name="[12a]"></a>LCD_diplay_battery_level</STRONG> (Thumb, 140 bytes, Stack size 0 bytes, lcd.o(i.LCD_diplay_battery_level))
<BR><BR>[Called By]<UL><LI><a href="#[22]">&gt;&gt;</a>&nbsp;&nbsp;&nbsp;adc_event_handler
</UL>

<P><STRONG><a name="[10a]"></a>LCD_diplay_dot</STRONG> (Thumb, 14 bytes, Stack size 0 bytes, lcd.o(i.LCD_diplay_dot))
<BR><BR>[Called By]<UL><LI><a href="#[29]">&gt;&gt;</a>&nbsp;&nbsp;&nbsp;RTC_display_time
</UL>

<P><STRONG><a name="[127]"></a>LCD_diplay_letter</STRONG> (Thumb, 206 bytes, Stack size 0 bytes, lcd.o(i.LCD_diplay_letter))
<BR><BR>[Called By]<UL><LI><a href="#[5f]">&gt;&gt;</a>&nbsp;&nbsp;&nbsp;mutual_vote_command_handler
<LI><a href="#[5e]">&gt;&gt;</a>&nbsp;&nbsp;&nbsp;multiple_question_command_handler
<LI><a href="#[73]">&gt;&gt;</a>&nbsp;&nbsp;&nbsp;key_next_question_handler
<LI><a href="#[6c]">&gt;&gt;</a>&nbsp;&nbsp;&nbsp;key_letter_input_handler
<LI><a href="#[72]">&gt;&gt;</a>&nbsp;&nbsp;&nbsp;key_last_question_handler
<LI><a href="#[6e]">&gt;&gt;</a>&nbsp;&nbsp;&nbsp;key_judge_input_handler
<LI><a href="#[70]">&gt;&gt;</a>&nbsp;&nbsp;&nbsp;key_clear_handler
<LI><a href="#[62]">&gt;&gt;</a>&nbsp;&nbsp;&nbsp;group_grade_command_handler
<LI><a href="#[63]">&gt;&gt;</a>&nbsp;&nbsp;&nbsp;activity_end_command_handler
</UL>

<P><STRONG><a name="[97]"></a>LCD_diplay_on</STRONG> (Thumb, 32 bytes, Stack size 24 bytes, lcd.o(i.LCD_diplay_on))
<BR><BR>[Stack]<UL><LI>Max Depth = 136<LI>Call Chain = LCD_diplay_on &rArr; LCD_display_wakeup &rArr; TIMER_LcdUpdateStart &rArr; app_timer_start &rArr; timer_start_op_schedule &rArr; user_op_alloc
</UL>
<BR>[Calls]<UL><LI><a href="#[94]">&gt;&gt;</a>&nbsp;&nbsp;&nbsp;LCD_write_mult_data
<LI><a href="#[98]">&gt;&gt;</a>&nbsp;&nbsp;&nbsp;LCD_display_wakeup
<LI><a href="#[4f]">&gt;&gt;</a>&nbsp;&nbsp;&nbsp;__aeabi_memset
</UL>
<BR>[Called By]<UL><LI><a href="#[d8]">&gt;&gt;</a>&nbsp;&nbsp;&nbsp;POWER_On
</UL>

<P><STRONG><a name="[99]"></a>LCD_diplay_segment</STRONG> (Thumb, 112 bytes, Stack size 12 bytes, lcd.o(i.LCD_diplay_segment))
<BR><BR>[Stack]<UL><LI>Max Depth = 40<LI>Call Chain = LCD_diplay_segment &rArr; modify_segment &rArr; modify_ram
</UL>
<BR>[Calls]<UL><LI><a href="#[96]">&gt;&gt;</a>&nbsp;&nbsp;&nbsp;modify_segment
<LI><a href="#[5b]">&gt;&gt;</a>&nbsp;&nbsp;&nbsp;__ARM_common_switch8
</UL>
<BR>[Called By]<UL><LI><a href="#[29]">&gt;&gt;</a>&nbsp;&nbsp;&nbsp;RTC_display_time
<LI><a href="#[92]">&gt;&gt;</a>&nbsp;&nbsp;&nbsp;LCD_display_question_num
<LI><a href="#[93]">&gt;&gt;</a>&nbsp;&nbsp;&nbsp;LCD_display_grade_value
<LI><a href="#[91]">&gt;&gt;</a>&nbsp;&nbsp;&nbsp;LCD_display_student_id
</UL>

<P><STRONG><a name="[93]"></a>LCD_display_grade_value</STRONG> (Thumb, 42 bytes, Stack size 16 bytes, lcd.o(i.LCD_display_grade_value))
<BR><BR>[Stack]<UL><LI>Max Depth = 56<LI>Call Chain = LCD_display_grade_value &rArr; LCD_diplay_segment &rArr; modify_segment &rArr; modify_ram
</UL>
<BR>[Calls]<UL><LI><a href="#[99]">&gt;&gt;</a>&nbsp;&nbsp;&nbsp;LCD_diplay_segment
<LI><a href="#[49]">&gt;&gt;</a>&nbsp;&nbsp;&nbsp;__aeabi_idivmod
</UL>
<BR>[Called By]<UL><LI><a href="#[90]">&gt;&gt;</a>&nbsp;&nbsp;&nbsp;LCD_DisplayVerInfo
<LI><a href="#[5f]">&gt;&gt;</a>&nbsp;&nbsp;&nbsp;mutual_vote_command_handler
<LI><a href="#[73]">&gt;&gt;</a>&nbsp;&nbsp;&nbsp;key_next_question_handler
<LI><a href="#[72]">&gt;&gt;</a>&nbsp;&nbsp;&nbsp;key_last_question_handler
<LI><a href="#[6d]">&gt;&gt;</a>&nbsp;&nbsp;&nbsp;key_digit_input_handler
<LI><a href="#[70]">&gt;&gt;</a>&nbsp;&nbsp;&nbsp;key_clear_handler
<LI><a href="#[62]">&gt;&gt;</a>&nbsp;&nbsp;&nbsp;group_grade_command_handler
</UL>

<P><STRONG><a name="[f4]"></a>LCD_display_ok_failure</STRONG> (Thumb, 98 bytes, Stack size 0 bytes, lcd.o(i.LCD_display_ok_failure))
<BR><BR>[Called By]<UL><LI><a href="#[33]">&gt;&gt;</a>&nbsp;&nbsp;&nbsp;TIMER_TxResultHandler
<LI><a href="#[f6]">&gt;&gt;</a>&nbsp;&nbsp;&nbsp;RADIO_TxSuccessHandler
<LI><a href="#[f3]">&gt;&gt;</a>&nbsp;&nbsp;&nbsp;RADIO_TxFailedHandler
</UL>

<P><STRONG><a name="[92]"></a>LCD_display_question_num</STRONG> (Thumb, 42 bytes, Stack size 16 bytes, lcd.o(i.LCD_display_question_num))
<BR><BR>[Stack]<UL><LI>Max Depth = 56<LI>Call Chain = LCD_display_question_num &rArr; LCD_diplay_segment &rArr; modify_segment &rArr; modify_ram
</UL>
<BR>[Calls]<UL><LI><a href="#[99]">&gt;&gt;</a>&nbsp;&nbsp;&nbsp;LCD_diplay_segment
<LI><a href="#[49]">&gt;&gt;</a>&nbsp;&nbsp;&nbsp;__aeabi_idivmod
</UL>
<BR>[Called By]<UL><LI><a href="#[90]">&gt;&gt;</a>&nbsp;&nbsp;&nbsp;LCD_DisplayVerInfo
<LI><a href="#[5e]">&gt;&gt;</a>&nbsp;&nbsp;&nbsp;multiple_question_command_handler
<LI><a href="#[73]">&gt;&gt;</a>&nbsp;&nbsp;&nbsp;key_next_question_handler
<LI><a href="#[72]">&gt;&gt;</a>&nbsp;&nbsp;&nbsp;key_last_question_handler
<LI><a href="#[70]">&gt;&gt;</a>&nbsp;&nbsp;&nbsp;key_clear_handler
<LI><a href="#[62]">&gt;&gt;</a>&nbsp;&nbsp;&nbsp;group_grade_command_handler
</UL>

<P><STRONG><a name="[9a]"></a>LCD_display_sleep</STRONG> (Thumb, 34 bytes, Stack size 8 bytes, lcd.o(i.LCD_display_sleep))
<BR><BR>[Stack]<UL><LI>Max Depth = 80<LI>Call Chain = LCD_display_sleep &rArr; TIMER_LcdUpdateStop &rArr; app_timer_stop &rArr; timer_stop_op_schedule &rArr; user_op_alloc
</UL>
<BR>[Calls]<UL><LI><a href="#[9b]">&gt;&gt;</a>&nbsp;&nbsp;&nbsp;TIMER_LcdUpdateStop
<LI><a href="#[9c]">&gt;&gt;</a>&nbsp;&nbsp;&nbsp;LCD_write_command
<LI><a href="#[9d]">&gt;&gt;</a>&nbsp;&nbsp;&nbsp;nrf_gpio_pin_set
</UL>
<BR>[Called By]<UL><LI><a href="#[8c]">&gt;&gt;</a>&nbsp;&nbsp;&nbsp;POWER_Off
<LI><a href="#[1f]">&gt;&gt;</a>&nbsp;&nbsp;&nbsp;main
</UL>

<P><STRONG><a name="[91]"></a>LCD_display_student_id</STRONG> (Thumb, 68 bytes, Stack size 16 bytes, lcd.o(i.LCD_display_student_id))
<BR><BR>[Stack]<UL><LI>Max Depth = 56<LI>Call Chain = LCD_display_student_id &rArr; LCD_diplay_segment &rArr; modify_segment &rArr; modify_ram
</UL>
<BR>[Calls]<UL><LI><a href="#[99]">&gt;&gt;</a>&nbsp;&nbsp;&nbsp;LCD_diplay_segment
<LI><a href="#[49]">&gt;&gt;</a>&nbsp;&nbsp;&nbsp;__aeabi_idivmod
</UL>
<BR>[Called By]<UL><LI><a href="#[39]">&gt;&gt;</a>&nbsp;&nbsp;&nbsp;button_event_handler
<LI><a href="#[90]">&gt;&gt;</a>&nbsp;&nbsp;&nbsp;LCD_DisplayVerInfo
<LI><a href="#[1f]">&gt;&gt;</a>&nbsp;&nbsp;&nbsp;main
<LI><a href="#[5f]">&gt;&gt;</a>&nbsp;&nbsp;&nbsp;mutual_vote_command_handler
<LI><a href="#[5e]">&gt;&gt;</a>&nbsp;&nbsp;&nbsp;multiple_question_command_handler
<LI><a href="#[70]">&gt;&gt;</a>&nbsp;&nbsp;&nbsp;key_clear_handler
<LI><a href="#[62]">&gt;&gt;</a>&nbsp;&nbsp;&nbsp;group_grade_command_handler
<LI><a href="#[63]">&gt;&gt;</a>&nbsp;&nbsp;&nbsp;activity_end_command_handler
</UL>

<P><STRONG><a name="[128]"></a>LCD_display_true_false</STRONG> (Thumb, 98 bytes, Stack size 0 bytes, lcd.o(i.LCD_display_true_false))
<BR><BR>[Called By]<UL><LI><a href="#[5f]">&gt;&gt;</a>&nbsp;&nbsp;&nbsp;mutual_vote_command_handler
<LI><a href="#[5e]">&gt;&gt;</a>&nbsp;&nbsp;&nbsp;multiple_question_command_handler
<LI><a href="#[73]">&gt;&gt;</a>&nbsp;&nbsp;&nbsp;key_next_question_handler
<LI><a href="#[6c]">&gt;&gt;</a>&nbsp;&nbsp;&nbsp;key_letter_input_handler
<LI><a href="#[72]">&gt;&gt;</a>&nbsp;&nbsp;&nbsp;key_last_question_handler
<LI><a href="#[6e]">&gt;&gt;</a>&nbsp;&nbsp;&nbsp;key_judge_input_handler
<LI><a href="#[70]">&gt;&gt;</a>&nbsp;&nbsp;&nbsp;key_clear_handler
<LI><a href="#[62]">&gt;&gt;</a>&nbsp;&nbsp;&nbsp;group_grade_command_handler
<LI><a href="#[63]">&gt;&gt;</a>&nbsp;&nbsp;&nbsp;activity_end_command_handler
</UL>

<P><STRONG><a name="[9e]"></a>LCD_display_update</STRONG> (Thumb, 66 bytes, Stack size 8 bytes, lcd.o(i.LCD_display_update))
<BR><BR>[Stack]<UL><LI>Max Depth = 80<LI>Call Chain = LCD_display_update &rArr; LCD_DisplayVerInfo &rArr; LCD_write_mult_data &rArr; LCD_write_data &rArr; nrf_gpio_pin_write
</UL>
<BR>[Calls]<UL><LI><a href="#[94]">&gt;&gt;</a>&nbsp;&nbsp;&nbsp;LCD_write_mult_data
<LI><a href="#[90]">&gt;&gt;</a>&nbsp;&nbsp;&nbsp;LCD_DisplayVerInfo
</UL>
<BR>[Called By]<UL><LI><a href="#[1f]">&gt;&gt;</a>&nbsp;&nbsp;&nbsp;main
</UL>

<P><STRONG><a name="[98]"></a>LCD_display_wakeup</STRONG> (Thumb, 94 bytes, Stack size 8 bytes, lcd.o(i.LCD_display_wakeup))
<BR><BR>[Stack]<UL><LI>Max Depth = 112<LI>Call Chain = LCD_display_wakeup &rArr; TIMER_LcdUpdateStart &rArr; app_timer_start &rArr; timer_start_op_schedule &rArr; user_op_alloc
</UL>
<BR>[Calls]<UL><LI><a href="#[9c]">&gt;&gt;</a>&nbsp;&nbsp;&nbsp;LCD_write_command
<LI><a href="#[44]">&gt;&gt;</a>&nbsp;&nbsp;&nbsp;__asm___5_lcd_c_LCD_RAM__nrf_delay_us
<LI><a href="#[9d]">&gt;&gt;</a>&nbsp;&nbsp;&nbsp;nrf_gpio_pin_set
<LI><a href="#[a0]">&gt;&gt;</a>&nbsp;&nbsp;&nbsp;nrf_gpio_pin_clear
<LI><a href="#[9f]">&gt;&gt;</a>&nbsp;&nbsp;&nbsp;nrf_gpio_cfg_output
<LI><a href="#[a1]">&gt;&gt;</a>&nbsp;&nbsp;&nbsp;TIMER_LcdUpdateStart
</UL>
<BR>[Called By]<UL><LI><a href="#[8b]">&gt;&gt;</a>&nbsp;&nbsp;&nbsp;POWER_Wakeup
<LI><a href="#[97]">&gt;&gt;</a>&nbsp;&nbsp;&nbsp;LCD_diplay_on
</UL>

<P><STRONG><a name="[a2]"></a>LCD_init</STRONG> (Thumb, 66 bytes, Stack size 8 bytes, lcd.o(i.LCD_init))
<BR><BR>[Stack]<UL><LI>Max Depth = 44<LI>Call Chain = LCD_init &rArr; nrf_gpio_cfg_output &rArr; nrf_gpio_cfg
</UL>
<BR>[Calls]<UL><LI><a href="#[44]">&gt;&gt;</a>&nbsp;&nbsp;&nbsp;__asm___5_lcd_c_LCD_RAM__nrf_delay_us
<LI><a href="#[9d]">&gt;&gt;</a>&nbsp;&nbsp;&nbsp;nrf_gpio_pin_set
<LI><a href="#[9f]">&gt;&gt;</a>&nbsp;&nbsp;&nbsp;nrf_gpio_cfg_output
</UL>
<BR>[Called By]<UL><LI><a href="#[1f]">&gt;&gt;</a>&nbsp;&nbsp;&nbsp;main
</UL>

<P><STRONG><a name="[9c]"></a>LCD_write_command</STRONG> (Thumb, 96 bytes, Stack size 8 bytes, lcd.o(i.LCD_write_command))
<BR><BR>[Stack]<UL><LI>Max Depth = 48<LI>Call Chain = LCD_write_command &rArr; LCD_write_data &rArr; nrf_gpio_pin_write
</UL>
<BR>[Calls]<UL><LI><a href="#[a3]">&gt;&gt;</a>&nbsp;&nbsp;&nbsp;LCD_write_data
<LI><a href="#[9d]">&gt;&gt;</a>&nbsp;&nbsp;&nbsp;nrf_gpio_pin_set
<LI><a href="#[a0]">&gt;&gt;</a>&nbsp;&nbsp;&nbsp;nrf_gpio_pin_clear
</UL>
<BR>[Called By]<UL><LI><a href="#[98]">&gt;&gt;</a>&nbsp;&nbsp;&nbsp;LCD_display_wakeup
<LI><a href="#[9a]">&gt;&gt;</a>&nbsp;&nbsp;&nbsp;LCD_display_sleep
</UL>

<P><STRONG><a name="[a3]"></a>LCD_write_data</STRONG> (Thumb, 140 bytes, Stack size 24 bytes, lcd.o(i.LCD_write_data))
<BR><BR>[Stack]<UL><LI>Max Depth = 40<LI>Call Chain = LCD_write_data &rArr; nrf_gpio_pin_write
</UL>
<BR>[Calls]<UL><LI><a href="#[a4]">&gt;&gt;</a>&nbsp;&nbsp;&nbsp;nrf_gpio_pin_write
<LI><a href="#[9d]">&gt;&gt;</a>&nbsp;&nbsp;&nbsp;nrf_gpio_pin_set
<LI><a href="#[a0]">&gt;&gt;</a>&nbsp;&nbsp;&nbsp;nrf_gpio_pin_clear
</UL>
<BR>[Called By]<UL><LI><a href="#[94]">&gt;&gt;</a>&nbsp;&nbsp;&nbsp;LCD_write_mult_data
<LI><a href="#[9c]">&gt;&gt;</a>&nbsp;&nbsp;&nbsp;LCD_write_command
</UL>

<P><STRONG><a name="[94]"></a>LCD_write_mult_data</STRONG> (Thumb, 82 bytes, Stack size 24 bytes, lcd.o(i.LCD_write_mult_data))
<BR><BR>[Stack]<UL><LI>Max Depth = 64<LI>Call Chain = LCD_write_mult_data &rArr; LCD_write_data &rArr; nrf_gpio_pin_write
</UL>
<BR>[Calls]<UL><LI><a href="#[a3]">&gt;&gt;</a>&nbsp;&nbsp;&nbsp;LCD_write_data
<LI><a href="#[9d]">&gt;&gt;</a>&nbsp;&nbsp;&nbsp;nrf_gpio_pin_set
<LI><a href="#[a0]">&gt;&gt;</a>&nbsp;&nbsp;&nbsp;nrf_gpio_pin_clear
</UL>
<BR>[Called By]<UL><LI><a href="#[97]">&gt;&gt;</a>&nbsp;&nbsp;&nbsp;LCD_diplay_on
<LI><a href="#[90]">&gt;&gt;</a>&nbsp;&nbsp;&nbsp;LCD_DisplayVerInfo
<LI><a href="#[9e]">&gt;&gt;</a>&nbsp;&nbsp;&nbsp;LCD_display_update
</UL>

<P><STRONG><a name="[a7]"></a>M24SR_CheckAck</STRONG> (Thumb, 90 bytes, Stack size 8 bytes, drv_i2c_m24sr.o(i.M24SR_CheckAck))
<BR><BR>[Stack]<UL><LI>Max Depth = 52<LI>Call Chain = M24SR_CheckAck &rArr; nrf_gpio_cfg_input &rArr; nrf_gpio_cfg
</UL>
<BR>[Calls]<UL><LI><a href="#[46]">&gt;&gt;</a>&nbsp;&nbsp;&nbsp;__asm___15_drv_I2C_M24SR_c_d785b240__nrf_delay_us
<LI><a href="#[a9]">&gt;&gt;</a>&nbsp;&nbsp;&nbsp;nrf_gpio_pin_set
<LI><a href="#[ab]">&gt;&gt;</a>&nbsp;&nbsp;&nbsp;nrf_gpio_pin_read
<LI><a href="#[a8]">&gt;&gt;</a>&nbsp;&nbsp;&nbsp;nrf_gpio_pin_clear
<LI><a href="#[ac]">&gt;&gt;</a>&nbsp;&nbsp;&nbsp;nrf_gpio_cfg_output
<LI><a href="#[aa]">&gt;&gt;</a>&nbsp;&nbsp;&nbsp;nrf_gpio_cfg_input
</UL>
<BR>[Called By]<UL><LI><a href="#[b0]">&gt;&gt;</a>&nbsp;&nbsp;&nbsp;M24SR_SendI2Ccommand
<LI><a href="#[b5]">&gt;&gt;</a>&nbsp;&nbsp;&nbsp;M24SR_ReceiveI2Cresponse
<LI><a href="#[b2]">&gt;&gt;</a>&nbsp;&nbsp;&nbsp;M24SR_ReceiveI2Cbuffer
<LI><a href="#[b1]">&gt;&gt;</a>&nbsp;&nbsp;&nbsp;M24SR_PollI2C
</UL>

<P><STRONG><a name="[ad]"></a>M24SR_CloseNDEFSession</STRONG> (Thumb, 70 bytes, Stack size 16 bytes, lib_m24sr.o(i.M24SR_CloseNDEFSession))
<BR><BR>[Stack]<UL><LI>Max Depth = 116<LI>Call Chain = M24SR_CloseNDEFSession &rArr; M24SR_Deselect &rArr; M24SR_ReceiveI2Cbuffer &rArr; M24SR_ReadByte &rArr; nrf_gpio_cfg_input &rArr; nrf_gpio_cfg
</UL>
<BR>[Calls]<UL><LI><a href="#[ae]">&gt;&gt;</a>&nbsp;&nbsp;&nbsp;M24SR_Deselect
</UL>
<BR>[Called By]<UL><LI><a href="#[d2]">&gt;&gt;</a>&nbsp;&nbsp;&nbsp;TT4_ReadNDEF
</UL>

<P><STRONG><a name="[ae]"></a>M24SR_Deselect</STRONG> (Thumb, 92 bytes, Stack size 16 bytes, drv_m24sr.o(i.M24SR_Deselect))
<BR><BR>[Stack]<UL><LI>Max Depth = 100<LI>Call Chain = M24SR_Deselect &rArr; M24SR_ReceiveI2Cbuffer &rArr; M24SR_ReadByte &rArr; nrf_gpio_cfg_input &rArr; nrf_gpio_cfg
</UL>
<BR>[Calls]<UL><LI><a href="#[b0]">&gt;&gt;</a>&nbsp;&nbsp;&nbsp;M24SR_SendI2Ccommand
<LI><a href="#[b2]">&gt;&gt;</a>&nbsp;&nbsp;&nbsp;M24SR_ReceiveI2Cbuffer
<LI><a href="#[b1]">&gt;&gt;</a>&nbsp;&nbsp;&nbsp;M24SR_PollI2C
</UL>
<BR>[Called By]<UL><LI><a href="#[39]">&gt;&gt;</a>&nbsp;&nbsp;&nbsp;button_event_handler
<LI><a href="#[d0]">&gt;&gt;</a>&nbsp;&nbsp;&nbsp;NFC_Init
<LI><a href="#[c3]">&gt;&gt;</a>&nbsp;&nbsp;&nbsp;M24SR_Initialization
<LI><a href="#[ad]">&gt;&gt;</a>&nbsp;&nbsp;&nbsp;M24SR_CloseNDEFSession
<LI><a href="#[bf]">&gt;&gt;</a>&nbsp;&nbsp;&nbsp;M24SR_Init
</UL>

<P><STRONG><a name="[b7]"></a>M24SR_GetSession</STRONG> (Thumb, 56 bytes, Stack size 16 bytes, drv_m24sr.o(i.M24SR_GetSession))
<BR><BR>[Stack]<UL><LI>Max Depth = 92<LI>Call Chain = M24SR_GetSession &rArr; M24SR_SendI2Ccommand &rArr; M24SR_CheckAck &rArr; nrf_gpio_cfg_input &rArr; nrf_gpio_cfg
</UL>
<BR>[Calls]<UL><LI><a href="#[b0]">&gt;&gt;</a>&nbsp;&nbsp;&nbsp;M24SR_SendI2Ccommand
<LI><a href="#[b1]">&gt;&gt;</a>&nbsp;&nbsp;&nbsp;M24SR_PollI2C
</UL>
<BR>[Called By]<UL><LI><a href="#[d0]">&gt;&gt;</a>&nbsp;&nbsp;&nbsp;NFC_Init
<LI><a href="#[c9]">&gt;&gt;</a>&nbsp;&nbsp;&nbsp;M24SR_OpenNDEFSession
<LI><a href="#[c3]">&gt;&gt;</a>&nbsp;&nbsp;&nbsp;M24SR_Initialization
</UL>

<P><STRONG><a name="[b8]"></a>M24SR_GetUID</STRONG> (Thumb, 32 bytes, Stack size 16 bytes, lib_m24sr.o(i.M24SR_GetUID))
<BR><BR>[Stack]<UL><LI>Max Depth = 156<LI>Call Chain = M24SR_GetUID &rArr; M24SR_SelectApplication &rArr; M24SR_ReceiveI2Cresponse &rArr; M24SR_ReadByte &rArr; nrf_gpio_cfg_input &rArr; nrf_gpio_cfg
</UL>
<BR>[Calls]<UL><LI><a href="#[ba]">&gt;&gt;</a>&nbsp;&nbsp;&nbsp;M24SR_SelectSystemfile
<LI><a href="#[b9]">&gt;&gt;</a>&nbsp;&nbsp;&nbsp;M24SR_SelectApplication
<LI><a href="#[bb]">&gt;&gt;</a>&nbsp;&nbsp;&nbsp;M24SR_ReadBinary
</UL>
<BR>[Called By]<UL><LI><a href="#[d0]">&gt;&gt;</a>&nbsp;&nbsp;&nbsp;NFC_Init
</UL>

<P><STRONG><a name="[bc]"></a>M24SR_I2CInit</STRONG> (Thumb, 40 bytes, Stack size 8 bytes, drv_i2c_m24sr.o(i.M24SR_I2CInit))
<BR><BR>[Stack]<UL><LI>Max Depth = 44<LI>Call Chain = M24SR_I2CInit &rArr; nrf_gpio_cfg_output &rArr; nrf_gpio_cfg
</UL>
<BR>[Calls]<UL><LI><a href="#[a9]">&gt;&gt;</a>&nbsp;&nbsp;&nbsp;nrf_gpio_pin_set
<LI><a href="#[a8]">&gt;&gt;</a>&nbsp;&nbsp;&nbsp;nrf_gpio_pin_clear
<LI><a href="#[ac]">&gt;&gt;</a>&nbsp;&nbsp;&nbsp;nrf_gpio_cfg_output
</UL>
<BR>[Called By]<UL><LI><a href="#[bf]">&gt;&gt;</a>&nbsp;&nbsp;&nbsp;M24SR_Init
</UL>

<P><STRONG><a name="[bd]"></a>M24SR_I2CStart</STRONG> (Thumb, 62 bytes, Stack size 8 bytes, drv_i2c_m24sr.o(i.M24SR_I2CStart))
<BR><BR>[Stack]<UL><LI>Max Depth = 8<LI>Call Chain = M24SR_I2CStart
</UL>
<BR>[Calls]<UL><LI><a href="#[46]">&gt;&gt;</a>&nbsp;&nbsp;&nbsp;__asm___15_drv_I2C_M24SR_c_d785b240__nrf_delay_us
<LI><a href="#[a9]">&gt;&gt;</a>&nbsp;&nbsp;&nbsp;nrf_gpio_pin_set
<LI><a href="#[a8]">&gt;&gt;</a>&nbsp;&nbsp;&nbsp;nrf_gpio_pin_clear
</UL>
<BR>[Called By]<UL><LI><a href="#[b0]">&gt;&gt;</a>&nbsp;&nbsp;&nbsp;M24SR_SendI2Ccommand
<LI><a href="#[b5]">&gt;&gt;</a>&nbsp;&nbsp;&nbsp;M24SR_ReceiveI2Cresponse
<LI><a href="#[b2]">&gt;&gt;</a>&nbsp;&nbsp;&nbsp;M24SR_ReceiveI2Cbuffer
<LI><a href="#[b1]">&gt;&gt;</a>&nbsp;&nbsp;&nbsp;M24SR_PollI2C
</UL>

<P><STRONG><a name="[be]"></a>M24SR_I2CStop</STRONG> (Thumb, 62 bytes, Stack size 8 bytes, drv_i2c_m24sr.o(i.M24SR_I2CStop))
<BR><BR>[Stack]<UL><LI>Max Depth = 8<LI>Call Chain = M24SR_I2CStop
</UL>
<BR>[Calls]<UL><LI><a href="#[46]">&gt;&gt;</a>&nbsp;&nbsp;&nbsp;__asm___15_drv_I2C_M24SR_c_d785b240__nrf_delay_us
<LI><a href="#[a9]">&gt;&gt;</a>&nbsp;&nbsp;&nbsp;nrf_gpio_pin_set
<LI><a href="#[a8]">&gt;&gt;</a>&nbsp;&nbsp;&nbsp;nrf_gpio_pin_clear
</UL>
<BR>[Called By]<UL><LI><a href="#[b0]">&gt;&gt;</a>&nbsp;&nbsp;&nbsp;M24SR_SendI2Ccommand
<LI><a href="#[b5]">&gt;&gt;</a>&nbsp;&nbsp;&nbsp;M24SR_ReceiveI2Cresponse
<LI><a href="#[b2]">&gt;&gt;</a>&nbsp;&nbsp;&nbsp;M24SR_ReceiveI2Cbuffer
<LI><a href="#[b1]">&gt;&gt;</a>&nbsp;&nbsp;&nbsp;M24SR_PollI2C
</UL>

<P><STRONG><a name="[bf]"></a>M24SR_Init</STRONG> (Thumb, 26 bytes, Stack size 8 bytes, drv_m24sr.o(i.M24SR_Init))
<BR><BR>[Stack]<UL><LI>Max Depth = 204<LI>Call Chain = M24SR_Init &rArr; M24SR_ManageI2CGPO &rArr; M24SR_UpdateBinary &rArr; M24SR_FWTExtension &rArr; M24SR_ReceiveI2Cresponse &rArr; M24SR_ReadByte &rArr; nrf_gpio_cfg_input &rArr; nrf_gpio_cfg
</UL>
<BR>[Calls]<UL><LI><a href="#[c1]">&gt;&gt;</a>&nbsp;&nbsp;&nbsp;M24SR_KillSession
<LI><a href="#[ae]">&gt;&gt;</a>&nbsp;&nbsp;&nbsp;M24SR_Deselect
<LI><a href="#[c2]">&gt;&gt;</a>&nbsp;&nbsp;&nbsp;M24SR_ManageI2CGPO
<LI><a href="#[c0]">&gt;&gt;</a>&nbsp;&nbsp;&nbsp;M24SR_InitStructure
<LI><a href="#[bc]">&gt;&gt;</a>&nbsp;&nbsp;&nbsp;M24SR_I2CInit
</UL>
<BR>[Called By]<UL><LI><a href="#[c3]">&gt;&gt;</a>&nbsp;&nbsp;&nbsp;M24SR_Initialization
</UL>

<P><STRONG><a name="[c3]"></a>M24SR_Initialization</STRONG> (Thumb, 216 bytes, Stack size 24 bytes, lib_m24sr.o(i.M24SR_Initialization))
<BR><BR>[Stack]<UL><LI>Max Depth = 228<LI>Call Chain = M24SR_Initialization &rArr; M24SR_Init &rArr; M24SR_ManageI2CGPO &rArr; M24SR_UpdateBinary &rArr; M24SR_FWTExtension &rArr; M24SR_ReceiveI2Cresponse &rArr; M24SR_ReadByte &rArr; nrf_gpio_cfg_input &rArr; nrf_gpio_cfg
</UL>
<BR>[Calls]<UL><LI><a href="#[ae]">&gt;&gt;</a>&nbsp;&nbsp;&nbsp;M24SR_Deselect
<LI><a href="#[c4]">&gt;&gt;</a>&nbsp;&nbsp;&nbsp;nrf_delay_ms
<LI><a href="#[c6]">&gt;&gt;</a>&nbsp;&nbsp;&nbsp;M24SR_ReadData
<LI><a href="#[c5]">&gt;&gt;</a>&nbsp;&nbsp;&nbsp;M24SR_SelectCCfile
<LI><a href="#[b9]">&gt;&gt;</a>&nbsp;&nbsp;&nbsp;M24SR_SelectApplication
<LI><a href="#[bf]">&gt;&gt;</a>&nbsp;&nbsp;&nbsp;M24SR_Init
<LI><a href="#[b7]">&gt;&gt;</a>&nbsp;&nbsp;&nbsp;M24SR_GetSession
</UL>
<BR>[Called By]<UL><LI><a href="#[d1]">&gt;&gt;</a>&nbsp;&nbsp;&nbsp;TT4_Init
</UL>

<P><STRONG><a name="[b4]"></a>M24SR_IsAnswerReady</STRONG> (Thumb, 4 bytes, Stack size 0 bytes, drv_i2c_m24sr.o(i.M24SR_IsAnswerReady))
<BR><BR>[Called By]<UL><LI><a href="#[b3]">&gt;&gt;</a>&nbsp;&nbsp;&nbsp;M24SR_FWTExtension
</UL>

<P><STRONG><a name="[c1]"></a>M24SR_KillSession</STRONG> (Thumb, 66 bytes, Stack size 16 bytes, drv_m24sr.o(i.M24SR_KillSession))
<BR><BR>[Stack]<UL><LI>Max Depth = 92<LI>Call Chain = M24SR_KillSession &rArr; M24SR_SendI2Ccommand &rArr; M24SR_CheckAck &rArr; nrf_gpio_cfg_input &rArr; nrf_gpio_cfg
</UL>
<BR>[Calls]<UL><LI><a href="#[b0]">&gt;&gt;</a>&nbsp;&nbsp;&nbsp;M24SR_SendI2Ccommand
<LI><a href="#[b1]">&gt;&gt;</a>&nbsp;&nbsp;&nbsp;M24SR_PollI2C
</UL>
<BR>[Called By]<UL><LI><a href="#[39]">&gt;&gt;</a>&nbsp;&nbsp;&nbsp;button_event_handler
<LI><a href="#[c9]">&gt;&gt;</a>&nbsp;&nbsp;&nbsp;M24SR_OpenNDEFSession
<LI><a href="#[bf]">&gt;&gt;</a>&nbsp;&nbsp;&nbsp;M24SR_Init
</UL>

<P><STRONG><a name="[c2]"></a>M24SR_ManageI2CGPO</STRONG> (Thumb, 86 bytes, Stack size 32 bytes, drv_m24sr.o(i.M24SR_ManageI2CGPO))
<BR><BR>[Stack]<UL><LI>Max Depth = 196<LI>Call Chain = M24SR_ManageI2CGPO &rArr; M24SR_UpdateBinary &rArr; M24SR_FWTExtension &rArr; M24SR_ReceiveI2Cresponse &rArr; M24SR_ReadByte &rArr; nrf_gpio_cfg_input &rArr; nrf_gpio_cfg
</UL>
<BR>[Calls]<UL><LI><a href="#[c7]">&gt;&gt;</a>&nbsp;&nbsp;&nbsp;M24SR_Verify
<LI><a href="#[c8]">&gt;&gt;</a>&nbsp;&nbsp;&nbsp;M24SR_UpdateBinary
<LI><a href="#[ba]">&gt;&gt;</a>&nbsp;&nbsp;&nbsp;M24SR_SelectSystemfile
<LI><a href="#[b9]">&gt;&gt;</a>&nbsp;&nbsp;&nbsp;M24SR_SelectApplication
<LI><a href="#[bb]">&gt;&gt;</a>&nbsp;&nbsp;&nbsp;M24SR_ReadBinary
</UL>
<BR>[Called By]<UL><LI><a href="#[bf]">&gt;&gt;</a>&nbsp;&nbsp;&nbsp;M24SR_Init
</UL>

<P><STRONG><a name="[c9]"></a>M24SR_OpenNDEFSession</STRONG> (Thumb, 164 bytes, Stack size 24 bytes, lib_m24sr.o(i.M24SR_OpenNDEFSession))
<BR><BR>[Stack]<UL><LI>Max Depth = 164<LI>Call Chain = M24SR_OpenNDEFSession &rArr; M24SR_SelectApplication &rArr; M24SR_ReceiveI2Cresponse &rArr; M24SR_ReadByte &rArr; nrf_gpio_cfg_input &rArr; nrf_gpio_cfg
</UL>
<BR>[Calls]<UL><LI><a href="#[c1]">&gt;&gt;</a>&nbsp;&nbsp;&nbsp;M24SR_KillSession
<LI><a href="#[c4]">&gt;&gt;</a>&nbsp;&nbsp;&nbsp;nrf_delay_ms
<LI><a href="#[ca]">&gt;&gt;</a>&nbsp;&nbsp;&nbsp;M24SR_SelectNDEFfile
<LI><a href="#[b9]">&gt;&gt;</a>&nbsp;&nbsp;&nbsp;M24SR_SelectApplication
<LI><a href="#[b7]">&gt;&gt;</a>&nbsp;&nbsp;&nbsp;M24SR_GetSession
</UL>
<BR>[Called By]<UL><LI><a href="#[d2]">&gt;&gt;</a>&nbsp;&nbsp;&nbsp;TT4_ReadNDEF
</UL>

<P><STRONG><a name="[b1]"></a>M24SR_PollI2C</STRONG> (Thumb, 60 bytes, Stack size 16 bytes, drv_i2c_m24sr.o(i.M24SR_PollI2C))
<BR><BR>[Stack]<UL><LI>Max Depth = 68<LI>Call Chain = M24SR_PollI2C &rArr; M24SR_CheckAck &rArr; nrf_gpio_cfg_input &rArr; nrf_gpio_cfg
</UL>
<BR>[Calls]<UL><LI><a href="#[cb]">&gt;&gt;</a>&nbsp;&nbsp;&nbsp;M24SR_WriteByte
<LI><a href="#[be]">&gt;&gt;</a>&nbsp;&nbsp;&nbsp;M24SR_I2CStop
<LI><a href="#[bd]">&gt;&gt;</a>&nbsp;&nbsp;&nbsp;M24SR_I2CStart
<LI><a href="#[a7]">&gt;&gt;</a>&nbsp;&nbsp;&nbsp;M24SR_CheckAck
<LI><a href="#[46]">&gt;&gt;</a>&nbsp;&nbsp;&nbsp;__asm___15_drv_I2C_M24SR_c_d785b240__nrf_delay_us
</UL>
<BR>[Called By]<UL><LI><a href="#[c1]">&gt;&gt;</a>&nbsp;&nbsp;&nbsp;M24SR_KillSession
<LI><a href="#[ae]">&gt;&gt;</a>&nbsp;&nbsp;&nbsp;M24SR_Deselect
<LI><a href="#[c7]">&gt;&gt;</a>&nbsp;&nbsp;&nbsp;M24SR_Verify
<LI><a href="#[c8]">&gt;&gt;</a>&nbsp;&nbsp;&nbsp;M24SR_UpdateBinary
<LI><a href="#[ba]">&gt;&gt;</a>&nbsp;&nbsp;&nbsp;M24SR_SelectSystemfile
<LI><a href="#[c5]">&gt;&gt;</a>&nbsp;&nbsp;&nbsp;M24SR_SelectCCfile
<LI><a href="#[b9]">&gt;&gt;</a>&nbsp;&nbsp;&nbsp;M24SR_SelectApplication
<LI><a href="#[bb]">&gt;&gt;</a>&nbsp;&nbsp;&nbsp;M24SR_ReadBinary
<LI><a href="#[b7]">&gt;&gt;</a>&nbsp;&nbsp;&nbsp;M24SR_GetSession
</UL>

<P><STRONG><a name="[bb]"></a>M24SR_ReadBinary</STRONG> (Thumb, 172 bytes, Stack size 48 bytes, drv_m24sr.o(i.M24SR_ReadBinary))
<BR><BR>[Stack]<UL><LI>Max Depth = 132<LI>Call Chain = M24SR_ReadBinary &rArr; M24SR_ReceiveI2Cresponse &rArr; M24SR_ReadByte &rArr; nrf_gpio_cfg_input &rArr; nrf_gpio_cfg
</UL>
<BR>[Calls]<UL><LI><a href="#[b6]">&gt;&gt;</a>&nbsp;&nbsp;&nbsp;M24SR_IsCorrectCRC16Residue
<LI><a href="#[a5]">&gt;&gt;</a>&nbsp;&nbsp;&nbsp;M24SR_BuildIBlockCommand
<LI><a href="#[b0]">&gt;&gt;</a>&nbsp;&nbsp;&nbsp;M24SR_SendI2Ccommand
<LI><a href="#[b5]">&gt;&gt;</a>&nbsp;&nbsp;&nbsp;M24SR_ReceiveI2Cresponse
<LI><a href="#[b1]">&gt;&gt;</a>&nbsp;&nbsp;&nbsp;M24SR_PollI2C
<LI><a href="#[5a]">&gt;&gt;</a>&nbsp;&nbsp;&nbsp;__aeabi_memcpy
</UL>
<BR>[Called By]<UL><LI><a href="#[c6]">&gt;&gt;</a>&nbsp;&nbsp;&nbsp;M24SR_ReadData
<LI><a href="#[b8]">&gt;&gt;</a>&nbsp;&nbsp;&nbsp;M24SR_GetUID
<LI><a href="#[c2]">&gt;&gt;</a>&nbsp;&nbsp;&nbsp;M24SR_ManageI2CGPO
</UL>

<P><STRONG><a name="[cc]"></a>M24SR_ReadByte</STRONG> (Thumb, 130 bytes, Stack size 16 bytes, drv_i2c_m24sr.o(i.M24SR_ReadByte))
<BR><BR>[Stack]<UL><LI>Max Depth = 60<LI>Call Chain = M24SR_ReadByte &rArr; nrf_gpio_cfg_input &rArr; nrf_gpio_cfg
</UL>
<BR>[Calls]<UL><LI><a href="#[46]">&gt;&gt;</a>&nbsp;&nbsp;&nbsp;__asm___15_drv_I2C_M24SR_c_d785b240__nrf_delay_us
<LI><a href="#[a9]">&gt;&gt;</a>&nbsp;&nbsp;&nbsp;nrf_gpio_pin_set
<LI><a href="#[ab]">&gt;&gt;</a>&nbsp;&nbsp;&nbsp;nrf_gpio_pin_read
<LI><a href="#[a8]">&gt;&gt;</a>&nbsp;&nbsp;&nbsp;nrf_gpio_pin_clear
<LI><a href="#[ac]">&gt;&gt;</a>&nbsp;&nbsp;&nbsp;nrf_gpio_cfg_output
<LI><a href="#[aa]">&gt;&gt;</a>&nbsp;&nbsp;&nbsp;nrf_gpio_cfg_input
</UL>
<BR>[Called By]<UL><LI><a href="#[b5]">&gt;&gt;</a>&nbsp;&nbsp;&nbsp;M24SR_ReceiveI2Cresponse
<LI><a href="#[b2]">&gt;&gt;</a>&nbsp;&nbsp;&nbsp;M24SR_ReceiveI2Cbuffer
</UL>

<P><STRONG><a name="[c6]"></a>M24SR_ReadData</STRONG> (Thumb, 94 bytes, Stack size 24 bytes, lib_m24sr.o(i.M24SR_ReadData))
<BR><BR>[Stack]<UL><LI>Max Depth = 156<LI>Call Chain = M24SR_ReadData &rArr; M24SR_ReadBinary &rArr; M24SR_ReceiveI2Cresponse &rArr; M24SR_ReadByte &rArr; nrf_gpio_cfg_input &rArr; nrf_gpio_cfg
</UL>
<BR>[Calls]<UL><LI><a href="#[bb]">&gt;&gt;</a>&nbsp;&nbsp;&nbsp;M24SR_ReadBinary
</UL>
<BR>[Called By]<UL><LI><a href="#[cf]">&gt;&gt;</a>&nbsp;&nbsp;&nbsp;NDEF_ReadNDEF
<LI><a href="#[c3]">&gt;&gt;</a>&nbsp;&nbsp;&nbsp;M24SR_Initialization
</UL>

<P><STRONG><a name="[b2]"></a>M24SR_ReceiveI2Cbuffer</STRONG> (Thumb, 80 bytes, Stack size 24 bytes, drv_i2c_m24sr.o(i.M24SR_ReceiveI2Cbuffer))
<BR><BR>[Stack]<UL><LI>Max Depth = 84<LI>Call Chain = M24SR_ReceiveI2Cbuffer &rArr; M24SR_ReadByte &rArr; nrf_gpio_cfg_input &rArr; nrf_gpio_cfg
</UL>
<BR>[Calls]<UL><LI><a href="#[cb]">&gt;&gt;</a>&nbsp;&nbsp;&nbsp;M24SR_WriteByte
<LI><a href="#[cd]">&gt;&gt;</a>&nbsp;&nbsp;&nbsp;M24SR_SendAck
<LI><a href="#[cc]">&gt;&gt;</a>&nbsp;&nbsp;&nbsp;M24SR_ReadByte
<LI><a href="#[be]">&gt;&gt;</a>&nbsp;&nbsp;&nbsp;M24SR_I2CStop
<LI><a href="#[bd]">&gt;&gt;</a>&nbsp;&nbsp;&nbsp;M24SR_I2CStart
<LI><a href="#[a7]">&gt;&gt;</a>&nbsp;&nbsp;&nbsp;M24SR_CheckAck
</UL>
<BR>[Called By]<UL><LI><a href="#[ae]">&gt;&gt;</a>&nbsp;&nbsp;&nbsp;M24SR_Deselect
</UL>

<P><STRONG><a name="[b5]"></a>M24SR_ReceiveI2Cresponse</STRONG> (Thumb, 80 bytes, Stack size 24 bytes, drv_i2c_m24sr.o(i.M24SR_ReceiveI2Cresponse))
<BR><BR>[Stack]<UL><LI>Max Depth = 84<LI>Call Chain = M24SR_ReceiveI2Cresponse &rArr; M24SR_ReadByte &rArr; nrf_gpio_cfg_input &rArr; nrf_gpio_cfg
</UL>
<BR>[Calls]<UL><LI><a href="#[cb]">&gt;&gt;</a>&nbsp;&nbsp;&nbsp;M24SR_WriteByte
<LI><a href="#[cd]">&gt;&gt;</a>&nbsp;&nbsp;&nbsp;M24SR_SendAck
<LI><a href="#[cc]">&gt;&gt;</a>&nbsp;&nbsp;&nbsp;M24SR_ReadByte
<LI><a href="#[be]">&gt;&gt;</a>&nbsp;&nbsp;&nbsp;M24SR_I2CStop
<LI><a href="#[bd]">&gt;&gt;</a>&nbsp;&nbsp;&nbsp;M24SR_I2CStart
<LI><a href="#[a7]">&gt;&gt;</a>&nbsp;&nbsp;&nbsp;M24SR_CheckAck
</UL>
<BR>[Called By]<UL><LI><a href="#[c7]">&gt;&gt;</a>&nbsp;&nbsp;&nbsp;M24SR_Verify
<LI><a href="#[c8]">&gt;&gt;</a>&nbsp;&nbsp;&nbsp;M24SR_UpdateBinary
<LI><a href="#[ba]">&gt;&gt;</a>&nbsp;&nbsp;&nbsp;M24SR_SelectSystemfile
<LI><a href="#[ca]">&gt;&gt;</a>&nbsp;&nbsp;&nbsp;M24SR_SelectNDEFfile
<LI><a href="#[c5]">&gt;&gt;</a>&nbsp;&nbsp;&nbsp;M24SR_SelectCCfile
<LI><a href="#[b9]">&gt;&gt;</a>&nbsp;&nbsp;&nbsp;M24SR_SelectApplication
<LI><a href="#[bb]">&gt;&gt;</a>&nbsp;&nbsp;&nbsp;M24SR_ReadBinary
<LI><a href="#[b3]">&gt;&gt;</a>&nbsp;&nbsp;&nbsp;M24SR_FWTExtension
</UL>

<P><STRONG><a name="[b9]"></a>M24SR_SelectApplication</STRONG> (Thumb, 196 bytes, Stack size 56 bytes, drv_m24sr.o(i.M24SR_SelectApplication))
<BR><BR>[Stack]<UL><LI>Max Depth = 140<LI>Call Chain = M24SR_SelectApplication &rArr; M24SR_ReceiveI2Cresponse &rArr; M24SR_ReadByte &rArr; nrf_gpio_cfg_input &rArr; nrf_gpio_cfg
</UL>
<BR>[Calls]<UL><LI><a href="#[b6]">&gt;&gt;</a>&nbsp;&nbsp;&nbsp;M24SR_IsCorrectCRC16Residue
<LI><a href="#[a5]">&gt;&gt;</a>&nbsp;&nbsp;&nbsp;M24SR_BuildIBlockCommand
<LI><a href="#[b0]">&gt;&gt;</a>&nbsp;&nbsp;&nbsp;M24SR_SendI2Ccommand
<LI><a href="#[b5]">&gt;&gt;</a>&nbsp;&nbsp;&nbsp;M24SR_ReceiveI2Cresponse
<LI><a href="#[b1]">&gt;&gt;</a>&nbsp;&nbsp;&nbsp;M24SR_PollI2C
<LI><a href="#[5a]">&gt;&gt;</a>&nbsp;&nbsp;&nbsp;__aeabi_memcpy
</UL>
<BR>[Called By]<UL><LI><a href="#[c9]">&gt;&gt;</a>&nbsp;&nbsp;&nbsp;M24SR_OpenNDEFSession
<LI><a href="#[c3]">&gt;&gt;</a>&nbsp;&nbsp;&nbsp;M24SR_Initialization
<LI><a href="#[b8]">&gt;&gt;</a>&nbsp;&nbsp;&nbsp;M24SR_GetUID
<LI><a href="#[c2]">&gt;&gt;</a>&nbsp;&nbsp;&nbsp;M24SR_ManageI2CGPO
</UL>

<P><STRONG><a name="[c5]"></a>M24SR_SelectCCfile</STRONG> (Thumb, 194 bytes, Stack size 48 bytes, drv_m24sr.o(i.M24SR_SelectCCfile))
<BR><BR>[Stack]<UL><LI>Max Depth = 132<LI>Call Chain = M24SR_SelectCCfile &rArr; M24SR_ReceiveI2Cresponse &rArr; M24SR_ReadByte &rArr; nrf_gpio_cfg_input &rArr; nrf_gpio_cfg
</UL>
<BR>[Calls]<UL><LI><a href="#[b6]">&gt;&gt;</a>&nbsp;&nbsp;&nbsp;M24SR_IsCorrectCRC16Residue
<LI><a href="#[a5]">&gt;&gt;</a>&nbsp;&nbsp;&nbsp;M24SR_BuildIBlockCommand
<LI><a href="#[b0]">&gt;&gt;</a>&nbsp;&nbsp;&nbsp;M24SR_SendI2Ccommand
<LI><a href="#[b5]">&gt;&gt;</a>&nbsp;&nbsp;&nbsp;M24SR_ReceiveI2Cresponse
<LI><a href="#[b1]">&gt;&gt;</a>&nbsp;&nbsp;&nbsp;M24SR_PollI2C
</UL>
<BR>[Called By]<UL><LI><a href="#[c3]">&gt;&gt;</a>&nbsp;&nbsp;&nbsp;M24SR_Initialization
</UL>

<P><STRONG><a name="[ca]"></a>M24SR_SelectNDEFfile</STRONG> (Thumb, 166 bytes, Stack size 48 bytes, drv_m24sr.o(i.M24SR_SelectNDEFfile))
<BR><BR>[Stack]<UL><LI>Max Depth = 132<LI>Call Chain = M24SR_SelectNDEFfile &rArr; M24SR_ReceiveI2Cresponse &rArr; M24SR_ReadByte &rArr; nrf_gpio_cfg_input &rArr; nrf_gpio_cfg
</UL>
<BR>[Calls]<UL><LI><a href="#[b6]">&gt;&gt;</a>&nbsp;&nbsp;&nbsp;M24SR_IsCorrectCRC16Residue
<LI><a href="#[a5]">&gt;&gt;</a>&nbsp;&nbsp;&nbsp;M24SR_BuildIBlockCommand
<LI><a href="#[b0]">&gt;&gt;</a>&nbsp;&nbsp;&nbsp;M24SR_SendI2Ccommand
<LI><a href="#[b5]">&gt;&gt;</a>&nbsp;&nbsp;&nbsp;M24SR_ReceiveI2Cresponse
</UL>
<BR>[Called By]<UL><LI><a href="#[c9]">&gt;&gt;</a>&nbsp;&nbsp;&nbsp;M24SR_OpenNDEFSession
</UL>

<P><STRONG><a name="[ba]"></a>M24SR_SelectSystemfile</STRONG> (Thumb, 194 bytes, Stack size 48 bytes, drv_m24sr.o(i.M24SR_SelectSystemfile))
<BR><BR>[Stack]<UL><LI>Max Depth = 132<LI>Call Chain = M24SR_SelectSystemfile &rArr; M24SR_ReceiveI2Cresponse &rArr; M24SR_ReadByte &rArr; nrf_gpio_cfg_input &rArr; nrf_gpio_cfg
</UL>
<BR>[Calls]<UL><LI><a href="#[b6]">&gt;&gt;</a>&nbsp;&nbsp;&nbsp;M24SR_IsCorrectCRC16Residue
<LI><a href="#[a5]">&gt;&gt;</a>&nbsp;&nbsp;&nbsp;M24SR_BuildIBlockCommand
<LI><a href="#[b0]">&gt;&gt;</a>&nbsp;&nbsp;&nbsp;M24SR_SendI2Ccommand
<LI><a href="#[b5]">&gt;&gt;</a>&nbsp;&nbsp;&nbsp;M24SR_ReceiveI2Cresponse
<LI><a href="#[b1]">&gt;&gt;</a>&nbsp;&nbsp;&nbsp;M24SR_PollI2C
</UL>
<BR>[Called By]<UL><LI><a href="#[b8]">&gt;&gt;</a>&nbsp;&nbsp;&nbsp;M24SR_GetUID
<LI><a href="#[c2]">&gt;&gt;</a>&nbsp;&nbsp;&nbsp;M24SR_ManageI2CGPO
</UL>

<P><STRONG><a name="[cd]"></a>M24SR_SendAck</STRONG> (Thumb, 58 bytes, Stack size 8 bytes, drv_i2c_m24sr.o(i.M24SR_SendAck))
<BR><BR>[Stack]<UL><LI>Max Depth = 8<LI>Call Chain = M24SR_SendAck
</UL>
<BR>[Calls]<UL><LI><a href="#[46]">&gt;&gt;</a>&nbsp;&nbsp;&nbsp;__asm___15_drv_I2C_M24SR_c_d785b240__nrf_delay_us
<LI><a href="#[a9]">&gt;&gt;</a>&nbsp;&nbsp;&nbsp;nrf_gpio_pin_set
<LI><a href="#[a8]">&gt;&gt;</a>&nbsp;&nbsp;&nbsp;nrf_gpio_pin_clear
</UL>
<BR>[Called By]<UL><LI><a href="#[b5]">&gt;&gt;</a>&nbsp;&nbsp;&nbsp;M24SR_ReceiveI2Cresponse
<LI><a href="#[b2]">&gt;&gt;</a>&nbsp;&nbsp;&nbsp;M24SR_ReceiveI2Cbuffer
</UL>

<P><STRONG><a name="[b0]"></a>M24SR_SendI2Ccommand</STRONG> (Thumb, 100 bytes, Stack size 24 bytes, drv_i2c_m24sr.o(i.M24SR_SendI2Ccommand))
<BR><BR>[Stack]<UL><LI>Max Depth = 76<LI>Call Chain = M24SR_SendI2Ccommand &rArr; M24SR_CheckAck &rArr; nrf_gpio_cfg_input &rArr; nrf_gpio_cfg
</UL>
<BR>[Calls]<UL><LI><a href="#[cb]">&gt;&gt;</a>&nbsp;&nbsp;&nbsp;M24SR_WriteByte
<LI><a href="#[be]">&gt;&gt;</a>&nbsp;&nbsp;&nbsp;M24SR_I2CStop
<LI><a href="#[bd]">&gt;&gt;</a>&nbsp;&nbsp;&nbsp;M24SR_I2CStart
<LI><a href="#[a7]">&gt;&gt;</a>&nbsp;&nbsp;&nbsp;M24SR_CheckAck
</UL>
<BR>[Called By]<UL><LI><a href="#[c1]">&gt;&gt;</a>&nbsp;&nbsp;&nbsp;M24SR_KillSession
<LI><a href="#[ae]">&gt;&gt;</a>&nbsp;&nbsp;&nbsp;M24SR_Deselect
<LI><a href="#[c7]">&gt;&gt;</a>&nbsp;&nbsp;&nbsp;M24SR_Verify
<LI><a href="#[c8]">&gt;&gt;</a>&nbsp;&nbsp;&nbsp;M24SR_UpdateBinary
<LI><a href="#[ba]">&gt;&gt;</a>&nbsp;&nbsp;&nbsp;M24SR_SelectSystemfile
<LI><a href="#[ca]">&gt;&gt;</a>&nbsp;&nbsp;&nbsp;M24SR_SelectNDEFfile
<LI><a href="#[c5]">&gt;&gt;</a>&nbsp;&nbsp;&nbsp;M24SR_SelectCCfile
<LI><a href="#[b9]">&gt;&gt;</a>&nbsp;&nbsp;&nbsp;M24SR_SelectApplication
<LI><a href="#[bb]">&gt;&gt;</a>&nbsp;&nbsp;&nbsp;M24SR_ReadBinary
<LI><a href="#[b7]">&gt;&gt;</a>&nbsp;&nbsp;&nbsp;M24SR_GetSession
<LI><a href="#[b3]">&gt;&gt;</a>&nbsp;&nbsp;&nbsp;M24SR_FWTExtension
</UL>

<P><STRONG><a name="[c8]"></a>M24SR_UpdateBinary</STRONG> (Thumb, 200 bytes, Stack size 48 bytes, drv_m24sr.o(i.M24SR_UpdateBinary))
<BR><BR>[Stack]<UL><LI>Max Depth = 164<LI>Call Chain = M24SR_UpdateBinary &rArr; M24SR_FWTExtension &rArr; M24SR_ReceiveI2Cresponse &rArr; M24SR_ReadByte &rArr; nrf_gpio_cfg_input &rArr; nrf_gpio_cfg
</UL>
<BR>[Calls]<UL><LI><a href="#[b6]">&gt;&gt;</a>&nbsp;&nbsp;&nbsp;M24SR_IsCorrectCRC16Residue
<LI><a href="#[b3]">&gt;&gt;</a>&nbsp;&nbsp;&nbsp;M24SR_FWTExtension
<LI><a href="#[a5]">&gt;&gt;</a>&nbsp;&nbsp;&nbsp;M24SR_BuildIBlockCommand
<LI><a href="#[ce]">&gt;&gt;</a>&nbsp;&nbsp;&nbsp;IsSBlock
<LI><a href="#[b0]">&gt;&gt;</a>&nbsp;&nbsp;&nbsp;M24SR_SendI2Ccommand
<LI><a href="#[b5]">&gt;&gt;</a>&nbsp;&nbsp;&nbsp;M24SR_ReceiveI2Cresponse
<LI><a href="#[b1]">&gt;&gt;</a>&nbsp;&nbsp;&nbsp;M24SR_PollI2C
<LI><a href="#[5a]">&gt;&gt;</a>&nbsp;&nbsp;&nbsp;__aeabi_memcpy
</UL>
<BR>[Called By]<UL><LI><a href="#[c2]">&gt;&gt;</a>&nbsp;&nbsp;&nbsp;M24SR_ManageI2CGPO
</UL>

<P><STRONG><a name="[c7]"></a>M24SR_Verify</STRONG> (Thumb, 220 bytes, Stack size 48 bytes, drv_m24sr.o(i.M24SR_Verify))
<BR><BR>[Stack]<UL><LI>Max Depth = 132<LI>Call Chain = M24SR_Verify &rArr; M24SR_ReceiveI2Cresponse &rArr; M24SR_ReadByte &rArr; nrf_gpio_cfg_input &rArr; nrf_gpio_cfg
</UL>
<BR>[Calls]<UL><LI><a href="#[b6]">&gt;&gt;</a>&nbsp;&nbsp;&nbsp;M24SR_IsCorrectCRC16Residue
<LI><a href="#[a5]">&gt;&gt;</a>&nbsp;&nbsp;&nbsp;M24SR_BuildIBlockCommand
<LI><a href="#[b0]">&gt;&gt;</a>&nbsp;&nbsp;&nbsp;M24SR_SendI2Ccommand
<LI><a href="#[b5]">&gt;&gt;</a>&nbsp;&nbsp;&nbsp;M24SR_ReceiveI2Cresponse
<LI><a href="#[b1]">&gt;&gt;</a>&nbsp;&nbsp;&nbsp;M24SR_PollI2C
<LI><a href="#[5a]">&gt;&gt;</a>&nbsp;&nbsp;&nbsp;__aeabi_memcpy
</UL>
<BR>[Called By]<UL><LI><a href="#[c2]">&gt;&gt;</a>&nbsp;&nbsp;&nbsp;M24SR_ManageI2CGPO
</UL>

<P><STRONG><a name="[cb]"></a>M24SR_WriteByte</STRONG> (Thumb, 88 bytes, Stack size 16 bytes, drv_i2c_m24sr.o(i.M24SR_WriteByte))
<BR><BR>[Stack]<UL><LI>Max Depth = 16<LI>Call Chain = M24SR_WriteByte
</UL>
<BR>[Calls]<UL><LI><a href="#[46]">&gt;&gt;</a>&nbsp;&nbsp;&nbsp;__asm___15_drv_I2C_M24SR_c_d785b240__nrf_delay_us
<LI><a href="#[a9]">&gt;&gt;</a>&nbsp;&nbsp;&nbsp;nrf_gpio_pin_set
<LI><a href="#[a8]">&gt;&gt;</a>&nbsp;&nbsp;&nbsp;nrf_gpio_pin_clear
</UL>
<BR>[Called By]<UL><LI><a href="#[b0]">&gt;&gt;</a>&nbsp;&nbsp;&nbsp;M24SR_SendI2Ccommand
<LI><a href="#[b5]">&gt;&gt;</a>&nbsp;&nbsp;&nbsp;M24SR_ReceiveI2Cresponse
<LI><a href="#[b2]">&gt;&gt;</a>&nbsp;&nbsp;&nbsp;M24SR_ReceiveI2Cbuffer
<LI><a href="#[b1]">&gt;&gt;</a>&nbsp;&nbsp;&nbsp;M24SR_PollI2C
</UL>

<P><STRONG><a name="[cf]"></a>NDEF_ReadNDEF</STRONG> (Thumb, 74 bytes, Stack size 16 bytes, lib_ndef.o(i.NDEF_ReadNDEF))
<BR><BR>[Stack]<UL><LI>Max Depth = 172<LI>Call Chain = NDEF_ReadNDEF &rArr; M24SR_ReadData &rArr; M24SR_ReadBinary &rArr; M24SR_ReceiveI2Cresponse &rArr; M24SR_ReadByte &rArr; nrf_gpio_cfg_input &rArr; nrf_gpio_cfg
</UL>
<BR>[Calls]<UL><LI><a href="#[c6]">&gt;&gt;</a>&nbsp;&nbsp;&nbsp;M24SR_ReadData
</UL>
<BR>[Called By]<UL><LI><a href="#[d2]">&gt;&gt;</a>&nbsp;&nbsp;&nbsp;TT4_ReadNDEF
</UL>

<P><STRONG><a name="[d0]"></a>NFC_Init</STRONG> (Thumb, 36 bytes, Stack size 8 bytes, lib_tagtype4.o(i.NFC_Init))
<BR><BR>[Stack]<UL><LI>Max Depth = 268<LI>Call Chain = NFC_Init &rArr; TT4_Init &rArr; M24SR_Initialization &rArr; M24SR_Init &rArr; M24SR_ManageI2CGPO &rArr; M24SR_UpdateBinary &rArr; M24SR_FWTExtension &rArr; M24SR_ReceiveI2Cresponse &rArr; M24SR_ReadByte &rArr; nrf_gpio_cfg_input &rArr; nrf_gpio_cfg
</UL>
<BR>[Calls]<UL><LI><a href="#[d2]">&gt;&gt;</a>&nbsp;&nbsp;&nbsp;TT4_ReadNDEF
<LI><a href="#[ae]">&gt;&gt;</a>&nbsp;&nbsp;&nbsp;M24SR_Deselect
<LI><a href="#[d1]">&gt;&gt;</a>&nbsp;&nbsp;&nbsp;TT4_Init
<LI><a href="#[b8]">&gt;&gt;</a>&nbsp;&nbsp;&nbsp;M24SR_GetUID
<LI><a href="#[b7]">&gt;&gt;</a>&nbsp;&nbsp;&nbsp;M24SR_GetSession
</UL>
<BR>[Called By]<UL><LI><a href="#[1f]">&gt;&gt;</a>&nbsp;&nbsp;&nbsp;main
</UL>

<P><STRONG><a name="[158]"></a>PARAMETER_init</STRONG> (Thumb, 256 bytes, Stack size 0 bytes, define.o(i.PARAMETER_init))
<BR><BR>[Called By]<UL><LI><a href="#[1f]">&gt;&gt;</a>&nbsp;&nbsp;&nbsp;main
</UL>

<P><STRONG><a name="[13f]"></a>PARAMETER_update</STRONG> (Thumb, 88 bytes, Stack size 0 bytes, define.o(i.PARAMETER_update))
<BR><BR>[Called By]<UL><LI><a href="#[39]">&gt;&gt;</a>&nbsp;&nbsp;&nbsp;button_event_handler
</UL>

<P><STRONG><a name="[6]"></a>POWER_CLOCK_IRQHandler</STRONG> (Thumb, 196 bytes, Stack size 8 bytes, nrf_drv_clock.o(i.POWER_CLOCK_IRQHandler))
<BR><BR>[Stack]<UL><LI>Max Depth = 24<LI>Call Chain = POWER_CLOCK_IRQHandler &rArr; nrf_drv_clock_hfclk_request &rArr; hfclk_start
</UL>
<BR>[Calls]<UL><LI><a href="#[76]">&gt;&gt;</a>&nbsp;&nbsp;&nbsp;nrf_drv_clock_hfclk_request
<LI><a href="#[84]">&gt;&gt;</a>&nbsp;&nbsp;&nbsp;nrf_drv_clock_hfclk_release
<LI><a href="#[d5]">&gt;&gt;</a>&nbsp;&nbsp;&nbsp;nrf_clock_int_disable
<LI><a href="#[d4]">&gt;&gt;</a>&nbsp;&nbsp;&nbsp;nrf_clock_event_clear
<LI><a href="#[d3]">&gt;&gt;</a>&nbsp;&nbsp;&nbsp;nrf_clock_event_check
<LI><a href="#[d6]">&gt;&gt;</a>&nbsp;&nbsp;&nbsp;clock_clk_started_notify
</UL>
<BR>[Address Reference Count : 1]<UL><LI> arm_startup_nrf51.o(RESET)
</UL>
<P><STRONG><a name="[11c]"></a>POWER_DCDCDisable</STRONG> (Thumb, 8 bytes, Stack size 0 bytes, power.o(i.POWER_DCDCDisable))
<BR><BR>[Called By]<UL><LI><a href="#[f8]">&gt;&gt;</a>&nbsp;&nbsp;&nbsp;TIMER_RxWindowStart
</UL>

<P><STRONG><a name="[119]"></a>POWER_DCDCEnable</STRONG> (Thumb, 8 bytes, Stack size 0 bytes, power.o(i.POWER_DCDCEnable))
<BR><BR>[Called By]<UL><LI><a href="#[f8]">&gt;&gt;</a>&nbsp;&nbsp;&nbsp;TIMER_RxWindowStart
<LI><a href="#[ee]">&gt;&gt;</a>&nbsp;&nbsp;&nbsp;TIMER_RxWindowAdd
</UL>

<P><STRONG><a name="[8c]"></a>POWER_Off</STRONG> (Thumb, 66 bytes, Stack size 24 bytes, power.o(i.POWER_Off))
<BR><BR>[Stack]<UL><LI>Max Depth = 104<LI>Call Chain = POWER_Off &rArr; LCD_display_sleep &rArr; TIMER_LcdUpdateStop &rArr; app_timer_stop &rArr; timer_stop_op_schedule &rArr; user_op_alloc
</UL>
<BR>[Calls]<UL><LI><a href="#[9a]">&gt;&gt;</a>&nbsp;&nbsp;&nbsp;LCD_display_sleep
<LI><a href="#[d7]">&gt;&gt;</a>&nbsp;&nbsp;&nbsp;GPIO_default
</UL>
<BR>[Called By]<UL><LI><a href="#[69]">&gt;&gt;</a>&nbsp;&nbsp;&nbsp;KEY_Scan
<LI><a href="#[d8]">&gt;&gt;</a>&nbsp;&nbsp;&nbsp;POWER_On
<LI><a href="#[60]">&gt;&gt;</a>&nbsp;&nbsp;&nbsp;sys_off_command_handler
<LI><a href="#[36]">&gt;&gt;</a>&nbsp;&nbsp;&nbsp;TIMER_SysOffHandler
</UL>

<P><STRONG><a name="[d8]"></a>POWER_On</STRONG> (Thumb, 68 bytes, Stack size 8 bytes, power.o(i.POWER_On))
[...]
<BR><BR>[Stack]<UL><LI>Max Depth = 8<LI>Call Chain = rtc1_stop
</UL>
<BR>[Calls]<UL><LI><a href="#[48]">&gt;&gt;</a>&nbsp;&nbsp;&nbsp;__asm___11_app_timer_c_cd27f9c3__nrf_delay_us
</UL>
<BR>[Called By]<UL><LI><a href="#[125]">&gt;&gt;</a>&nbsp;&nbsp;&nbsp;app_timer_init
<LI><a href="#[143]">&gt;&gt;</a>&nbsp;&nbsp;&nbsp;compare_reg_update
</UL>

<P><STRONG><a name="[144]"></a>ticks_diff_get</STRONG> (Thumb, 10 bytes, Stack size 0 bytes, app_timer.o(i.ticks_diff_get))
<BR><BR>[Called By]<UL><LI><a href="#[fa]">&gt;&gt;</a>&nbsp;&nbsp;&nbsp;timer_timeouts_check
<LI><a href="#[154]">&gt;&gt;</a>&nbsp;&nbsp;&nbsp;list_insertions_handler
<LI><a href="#[143]">&gt;&gt;</a>&nbsp;&nbsp;&nbsp;compare_reg_update
</UL>

<P><STRONG><a name="[17f]"></a>timeout_handler_exec</STRONG> (Thumb, 54 bytes, Stack size 16 bytes, app_timer.o(i.timeout_handler_exec))
<BR><BR>[Stack]<UL><LI>Max Depth = 40<LI>Call Chain = timeout_handler_exec &rArr; app_error_handler_bare
</UL>
<BR>[Calls]<UL><LI><a href="#[57]">&gt;&gt;</a>&nbsp;&nbsp;&nbsp;app_error_handler_bare
</UL>
<BR>[Called By]<UL><LI><a href="#[fa]">&gt;&gt;</a>&nbsp;&nbsp;&nbsp;timer_timeouts_check
</UL>

<P><STRONG><a name="[10d]"></a>timer_list_handler</STRONG> (Thumb, 74 bytes, Stack size 32 bytes, app_timer.o(i.timer_list_handler))
<BR><BR>[Stack]<UL><LI>Max Depth = 72<LI>Call Chain = timer_list_handler &rArr; list_insertions_handler &rArr; timer_list_insert
</UL>
<BR>[Calls]<UL><LI><a href="#[154]">&gt;&gt;</a>&nbsp;&nbsp;&nbsp;list_insertions_handler
<LI><a href="#[152]">&gt;&gt;</a>&nbsp;&nbsp;&nbsp;list_deletions_handler
<LI><a href="#[181]">&gt;&gt;</a>&nbsp;&nbsp;&nbsp;expired_timers_handler
<LI><a href="#[180]">&gt;&gt;</a>&nbsp;&nbsp;&nbsp;elapsed_ticks_acquire
<LI><a href="#[143]">&gt;&gt;</a>&nbsp;&nbsp;&nbsp;compare_reg_update
</UL>
<BR>[Called By]<UL><LI><a href="#[1a]">&gt;&gt;</a>&nbsp;&nbsp;&nbsp;SWI1_IRQHandler
</UL>

<P><STRONG><a name="[182]"></a>timer_list_handler_sched</STRONG> (Thumb, 10 bytes, Stack size 8 bytes, app_timer.o(i.timer_list_handler_sched))
<BR><BR>[Stack]<UL><LI>Max Depth = 8<LI>Call Chain = timer_list_handler_sched
</UL>
<BR>[Calls]<UL><LI><a href="#[183]">&gt;&gt;</a>&nbsp;&nbsp;&nbsp;NVIC_SetPendingIRQ
</UL>
<BR>[Called By]<UL><LI><a href="#[fa]">&gt;&gt;</a>&nbsp;&nbsp;&nbsp;timer_timeouts_check
<LI><a href="#[139]">&gt;&gt;</a>&nbsp;&nbsp;&nbsp;timer_stop_op_schedule
<LI><a href="#[138]">&gt;&gt;</a>&nbsp;&nbsp;&nbsp;timer_start_op_schedule
</UL>

<P><STRONG><a name="[155]"></a>timer_list_insert</STRONG> (Thumb, 104 bytes, Stack size 8 bytes, app_timer.o(i.timer_list_insert))
<BR><BR>[Stack]<UL><LI>Max Depth = 8<LI>Call Chain = timer_list_insert
</UL>
<BR>[Called By]<UL><LI><a href="#[154]">&gt;&gt;</a>&nbsp;&nbsp;&nbsp;list_insertions_handler
</UL>

<P><STRONG><a name="[153]"></a>timer_list_remove</STRONG> (Thumb, 96 bytes, Stack size 12 bytes, app_timer.o(i.timer_list_remove))
<BR><BR>[Stack]<UL><LI>Max Depth = 12<LI>Call Chain = timer_list_remove
</UL>
<BR>[Called By]<UL><LI><a href="#[152]">&gt;&gt;</a>&nbsp;&nbsp;&nbsp;list_deletions_handler
</UL>

<P><STRONG><a name="[138]"></a>timer_start_op_schedule</STRONG> (Thumb, 82 bytes, Stack size 40 bytes, app_timer.o(i.timer_start_op_schedule))
<BR><BR>[Stack]<UL><LI>Max Depth = 56<LI>Call Chain = timer_start_op_schedule &rArr; user_op_alloc
</UL>
<BR>[Calls]<UL><LI><a href="#[185]">&gt;&gt;</a>&nbsp;&nbsp;&nbsp;user_op_enque
<LI><a href="#[184]">&gt;&gt;</a>&nbsp;&nbsp;&nbsp;user_op_alloc
<LI><a href="#[182]">&gt;&gt;</a>&nbsp;&nbsp;&nbsp;timer_list_handler_sched
<LI><a href="#[136]">&gt;&gt;</a>&nbsp;&nbsp;&nbsp;rtc1_counter_get
</UL>
<BR>[Called By]<UL><LI><a href="#[111]">&gt;&gt;</a>&nbsp;&nbsp;&nbsp;app_timer_start
</UL>

<P><STRONG><a name="[139]"></a>timer_stop_op_schedule</STRONG> (Thumb, 60 bytes, Stack size 24 bytes, app_timer.o(i.timer_stop_op_schedule))
<BR><BR>[Stack]<UL><LI>Max Depth = 40<LI>Call Chain = timer_stop_op_schedule &rArr; user_op_alloc
</UL>
<BR>[Calls]<UL><LI><a href="#[185]">&gt;&gt;</a>&nbsp;&nbsp;&nbsp;user_op_enque
<LI><a href="#[184]">&gt;&gt;</a>&nbsp;&nbsp;&nbsp;user_op_alloc
<LI><a href="#[182]">&gt;&gt;</a>&nbsp;&nbsp;&nbsp;timer_list_handler_sched
</UL>
<BR>[Called By]<UL><LI><a href="#[112]">&gt;&gt;</a>&nbsp;&nbsp;&nbsp;app_timer_stop
</UL>

<P><STRONG><a name="[fa]"></a>timer_timeouts_check</STRONG> (Thumb, 128 bytes, Stack size 24 bytes, app_timer.o(i.timer_timeouts_check))
<BR><BR>[Stack]<UL><LI>Max Depth = 64<LI>Call Chain = timer_timeouts_check &rArr; timeout_handler_exec &rArr; app_error_handler_bare
</UL>
<BR>[Calls]<UL><LI><a href="#[182]">&gt;&gt;</a>&nbsp;&nbsp;&nbsp;timer_list_handler_sched
<LI><a href="#[17f]">&gt;&gt;</a>&nbsp;&nbsp;&nbsp;timeout_handler_exec
<LI><a href="#[144]">&gt;&gt;</a>&nbsp;&nbsp;&nbsp;ticks_diff_get
<LI><a href="#[136]">&gt;&gt;</a>&nbsp;&nbsp;&nbsp;rtc1_counter_get
</UL>
<BR>[Called By]<UL><LI><a href="#[16]">&gt;&gt;</a>&nbsp;&nbsp;&nbsp;RTC1_IRQHandler
</UL>

<P><STRONG><a name="[147]"></a>timer_timeouts_check_sched</STRONG> (Thumb, 10 bytes, Stack size 8 bytes, app_timer.o(i.timer_timeouts_check_sched))
<BR><BR>[Stack]<UL><LI>Max Depth = 8<LI>Call Chain = timer_timeouts_check_sched
</UL>
<BR>[Calls]<UL><LI><a href="#[183]">&gt;&gt;</a>&nbsp;&nbsp;&nbsp;NVIC_SetPendingIRQ
</UL>
<BR>[Called By]<UL><LI><a href="#[143]">&gt;&gt;</a>&nbsp;&nbsp;&nbsp;compare_reg_update
</UL>

<P><STRONG><a name="[137]"></a>user_id_get</STRONG> (Thumb, 34 bytes, Stack size 8 bytes, app_timer.o(i.user_id_get))
<BR><BR>[Stack]<UL><LI>Max Depth = 16<LI>Call Chain = user_id_get &rArr; current_int_priority_get
</UL>
<BR>[Calls]<UL><LI><a href="#[18a]">&gt;&gt;</a>&nbsp;&nbsp;&nbsp;current_int_priority_get
</UL>
<BR>[Called By]<UL><LI><a href="#[112]">&gt;&gt;</a>&nbsp;&nbsp;&nbsp;app_timer_stop
<LI><a href="#[111]">&gt;&gt;</a>&nbsp;&nbsp;&nbsp;app_timer_start
</UL>

<P><STRONG><a name="[184]"></a>user_op_alloc</STRONG> (Thumb, 46 bytes, Stack size 16 bytes, app_timer.o(i.user_op_alloc))
<BR><BR>[Stack]<UL><LI>Max Depth = 16<LI>Call Chain = user_op_alloc
</UL>
<BR>[Called By]<UL><LI><a href="#[139]">&gt;&gt;</a>&nbsp;&nbsp;&nbsp;timer_stop_op_schedule
<LI><a href="#[138]">&gt;&gt;</a>&nbsp;&nbsp;&nbsp;timer_start_op_schedule
</UL>

<P><STRONG><a name="[185]"></a>user_op_enque</STRONG> (Thumb, 4 bytes, Stack size 0 bytes, app_timer.o(i.user_op_enque))
<BR><BR>[Called By]<UL><LI><a href="#[139]">&gt;&gt;</a>&nbsp;&nbsp;&nbsp;timer_stop_op_schedule
<LI><a href="#[138]">&gt;&gt;</a>&nbsp;&nbsp;&nbsp;timer_start_op_schedule
</UL>

<P><STRONG><a name="[163]"></a>NVIC_SetPriority</STRONG> (Thumb, 110 bytes, Stack size 8 bytes, nrf_drv_common.o(i.NVIC_SetPriority))
<BR><BR>[Stack]<UL><LI>Max Depth = 8<LI>Call Chain = NVIC_SetPriority
</UL>
<BR>[Called By]<UL><LI><a href="#[160]">&gt;&gt;</a>&nbsp;&nbsp;&nbsp;nrf_drv_common_irq_enable
</UL>

<P><STRONG><a name="[16b]"></a>channel_free</STRONG> (Thumb, 26 bytes, Stack size 0 bytes, nrf_drv_gpiote.o(i.channel_free))
<BR><BR>[Called By]<UL><LI><a href="#[14d]">&gt;&gt;</a>&nbsp;&nbsp;&nbsp;nrf_drv_gpiote_init
</UL>

<P><STRONG><a name="[80]"></a>channel_handler_get</STRONG> (Thumb, 10 bytes, Stack size 0 bytes, nrf_drv_gpiote.o(i.channel_handler_get))
<BR><BR>[Called By]<UL><LI><a href="#[14f]">&gt;&gt;</a>&nbsp;&nbsp;&nbsp;nrf_drv_gpiote_in_event_enable
<LI><a href="#[b]">&gt;&gt;</a>&nbsp;&nbsp;&nbsp;GPIOTE_IRQHandler
</UL>

<P><STRONG><a name="[168]"></a>channel_port_alloc</STRONG> (Thumb, 116 bytes, Stack size 52 bytes, nrf_drv_gpiote.o(i.channel_port_alloc))
<BR><BR>[Stack]<UL><LI>Max Depth = 52<LI>Call Chain = channel_port_alloc
</UL>
<BR>[Called By]<UL><LI><a href="#[14e]">&gt;&gt;</a>&nbsp;&nbsp;&nbsp;nrf_drv_gpiote_in_init
</UL>

<P><STRONG><a name="[81]"></a>channel_port_get</STRONG> (Thumb, 8 bytes, Stack size 0 bytes, nrf_drv_gpiote.o(i.channel_port_get))
<BR><BR>[Called By]<UL><LI><a href="#[14f]">&gt;&gt;</a>&nbsp;&nbsp;&nbsp;nrf_drv_gpiote_in_event_enable
<LI><a href="#[b]">&gt;&gt;</a>&nbsp;&nbsp;&nbsp;GPIOTE_IRQHandler
</UL>

<P><STRONG><a name="[169]"></a>nrf_gpio_cfg</STRONG> (Thumb, 38 bytes, Stack size 20 bytes, nrf_drv_gpiote.o(i.nrf_gpio_cfg))
<BR><BR>[Stack]<UL><LI>Max Depth = 20<LI>Call Chain = nrf_gpio_cfg
</UL>
<BR>[Called By]<UL><LI><a href="#[14e]">&gt;&gt;</a>&nbsp;&nbsp;&nbsp;nrf_drv_gpiote_in_init
</UL>

<P><STRONG><a name="[82]"></a>nrf_gpio_cfg_sense_set</STRONG> (Thumb, 70 bytes, Stack size 8 bytes, nrf_drv_gpiote.o(i.nrf_gpio_cfg_sense_set))
<BR><BR>[Stack]<UL><LI>Max Depth = 8<LI>Call Chain = nrf_gpio_cfg_sense_set
</UL>
<BR>[Called By]<UL><LI><a href="#[14f]">&gt;&gt;</a>&nbsp;&nbsp;&nbsp;nrf_drv_gpiote_in_event_enable
<LI><a href="#[b]">&gt;&gt;</a>&nbsp;&nbsp;&nbsp;GPIOTE_IRQHandler
</UL>

<P><STRONG><a name="[17a]"></a>nrf_gpiote_event_addr_get</STRONG> (Thumb, 8 bytes, Stack size 0 bytes, nrf_drv_gpiote.o(i.nrf_gpiote_event_addr_get))
<BR><BR>[Called By]<UL><LI><a href="#[7e]">&gt;&gt;</a>&nbsp;&nbsp;&nbsp;nrf_gpiote_event_is_set
<LI><a href="#[7f]">&gt;&gt;</a>&nbsp;&nbsp;&nbsp;nrf_gpiote_event_clear
</UL>

<P><STRONG><a name="[7f]"></a>nrf_gpiote_event_clear</STRONG> (Thumb, 16 bytes, Stack size 8 bytes, nrf_drv_gpiote.o(i.nrf_gpiote_event_clear))
<BR><BR>[Stack]<UL><LI>Max Depth = 8<LI>Call Chain = nrf_gpiote_event_clear
</UL>
<BR>[Calls]<UL><LI><a href="#[17a]">&gt;&gt;</a>&nbsp;&nbsp;&nbsp;nrf_gpiote_event_addr_get
</UL>
<BR>[Called By]<UL><LI><a href="#[14f]">&gt;&gt;</a>&nbsp;&nbsp;&nbsp;nrf_drv_gpiote_in_event_enable
<LI><a href="#[b]">&gt;&gt;</a>&nbsp;&nbsp;&nbsp;GPIOTE_IRQHandler
</UL>

<P><STRONG><a name="[7e]"></a>nrf_gpiote_event_is_set</STRONG> (Thumb, 22 bytes, Stack size 8 bytes, nrf_drv_gpiote.o(i.nrf_gpiote_event_is_set))
<BR><BR>[Stack]<UL><LI>Max Depth = 8<LI>Call Chain = nrf_gpiote_event_is_set
</UL>
<BR>[Calls]<UL><LI><a href="#[17a]">&gt;&gt;</a>&nbsp;&nbsp;&nbsp;nrf_gpiote_event_addr_get
</UL>
<BR>[Called By]<UL><LI><a href="#[b]">&gt;&gt;</a>&nbsp;&nbsp;&nbsp;GPIOTE_IRQHandler
</UL>

<P><STRONG><a name="[166]"></a>nrf_gpiote_int_enable</STRONG> (Thumb, 6 bytes, Stack size 0 bytes, nrf_drv_gpiote.o(i.nrf_gpiote_int_enable))
<BR><BR>[Called By]<UL><LI><a href="#[14d]">&gt;&gt;</a>&nbsp;&nbsp;&nbsp;nrf_drv_gpiote_init
<LI><a href="#[14f]">&gt;&gt;</a>&nbsp;&nbsp;&nbsp;nrf_drv_gpiote_in_event_enable
</UL>

<P><STRONG><a name="[167]"></a>pin_in_use_by_gpiote</STRONG> (Thumb, 22 bytes, Stack size 0 bytes, nrf_drv_gpiote.o(i.pin_in_use_by_gpiote))
<BR><BR>[Called By]<UL><LI><a href="#[14e]">&gt;&gt;</a>&nbsp;&nbsp;&nbsp;nrf_drv_gpiote_in_init
</UL>

<P><STRONG><a name="[164]"></a>pin_in_use_by_port</STRONG> (Thumb, 18 bytes, Stack size 0 bytes, nrf_drv_gpiote.o(i.pin_in_use_by_port))
<BR><BR>[Called By]<UL><LI><a href="#[14f]">&gt;&gt;</a>&nbsp;&nbsp;&nbsp;nrf_drv_gpiote_in_event_enable
</UL>

<P><STRONG><a name="[165]"></a>pin_in_use_by_te</STRONG> (Thumb, 26 bytes, Stack size 0 bytes, nrf_drv_gpiote.o(i.pin_in_use_by_te))
<BR><BR>[Called By]<UL><LI><a href="#[14f]">&gt;&gt;</a>&nbsp;&nbsp;&nbsp;nrf_drv_gpiote_in_event_enable
</UL>

<P><STRONG><a name="[16a]"></a>pin_in_use_clear</STRONG> (Thumb, 10 bytes, Stack size 0 bytes, nrf_drv_gpiote.o(i.pin_in_use_clear))
<BR><BR>[Called By]<UL><LI><a href="#[14d]">&gt;&gt;</a>&nbsp;&nbsp;&nbsp;nrf_drv_gpiote_init
</UL>

<P><STRONG><a name="[54]"></a>adc_sample_process</STRONG> (Thumb, 136 bytes, Stack size 8 bytes, nrf_drv_adc.o(i.adc_sample_process))
<BR><BR>[Stack]<UL><LI>Max Depth = 8<LI>Call Chain = adc_sample_process
</UL>
<BR>[Calls]<UL><LI><a href="#[52]">&gt;&gt;</a>&nbsp;&nbsp;&nbsp;nrf_adc_event_clear
<LI><a href="#[12b]">&gt;&gt;</a>&nbsp;&nbsp;&nbsp;nrf_adc_config_set
</UL>
<BR>[Called By]<UL><LI><a href="#[12c]">&gt;&gt;</a>&nbsp;&nbsp;&nbsp;nrf_drv_adc_buffer_convert
<LI><a href="#[c]">&gt;&gt;</a>&nbsp;&nbsp;&nbsp;ADC_IRQHandler
</UL>

<P><STRONG><a name="[12b]"></a>nrf_adc_config_set</STRONG> (Thumb, 6 bytes, Stack size 0 bytes, nrf_drv_adc.o(i.nrf_adc_config_set))
<BR><BR>[Called By]<UL><LI><a href="#[12c]">&gt;&gt;</a>&nbsp;&nbsp;&nbsp;nrf_drv_adc_buffer_convert
<LI><a href="#[54]">&gt;&gt;</a>&nbsp;&nbsp;&nbsp;adc_sample_process
</UL>

<P><STRONG><a name="[15f]"></a>nrf_adc_event_check</STRONG> (Thumb, 20 bytes, Stack size 0 bytes, nrf_drv_adc.o(i.nrf_adc_event_check))
<BR><BR>[Called By]<UL><LI><a href="#[12c]">&gt;&gt;</a>&nbsp;&nbsp;&nbsp;nrf_drv_adc_buffer_convert
</UL>

<P><STRONG><a name="[52]"></a>nrf_adc_event_clear</STRONG> (Thumb, 10 bytes, Stack size 0 bytes, nrf_drv_adc.o(i.nrf_adc_event_clear))
<BR><BR>[Called By]<UL><LI><a href="#[56]">&gt;&gt;</a>&nbsp;&nbsp;&nbsp;nrf_drv_adc_init
<LI><a href="#[12c]">&gt;&gt;</a>&nbsp;&nbsp;&nbsp;nrf_drv_adc_buffer_convert
<LI><a href="#[c]">&gt;&gt;</a>&nbsp;&nbsp;&nbsp;ADC_IRQHandler
<LI><a href="#[54]">&gt;&gt;</a>&nbsp;&nbsp;&nbsp;adc_sample_process
</UL>

<P><STRONG><a name="[53]"></a>nrf_adc_int_disable</STRONG> (Thumb, 6 bytes, Stack size 0 bytes, nrf_drv_adc.o(i.nrf_adc_int_disable))
<BR><BR>[Called By]<UL><LI><a href="#[c]">&gt;&gt;</a>&nbsp;&nbsp;&nbsp;ADC_IRQHandler
</UL>

<P><STRONG><a name="[15e]"></a>nrf_adc_int_enable</STRONG> (Thumb, 6 bytes, Stack size 0 bytes, nrf_drv_adc.o(i.nrf_adc_int_enable))
<BR><BR>[Called By]<UL><LI><a href="#[12c]">&gt;&gt;</a>&nbsp;&nbsp;&nbsp;nrf_drv_adc_buffer_convert
</UL>

<P><STRONG><a name="[3a]"></a>clock_calibration_hf_started</STRONG> (Thumb, 62 bytes, Stack size 8 bytes, nrf_drv_clock.o(i.clock_calibration_hf_started))
<BR><BR>[Stack]<UL><LI>Max Depth = 24<LI>Call Chain = clock_calibration_hf_started &rArr; nrf_drv_clock_hfclk_release &rArr; hfclk_stop
</UL>
<BR>[Calls]<UL><LI><a href="#[84]">&gt;&gt;</a>&nbsp;&nbsp;&nbsp;nrf_drv_clock_hfclk_release
<LI><a href="#[141]">&gt;&gt;</a>&nbsp;&nbsp;&nbsp;nrf_clock_task_trigger
<LI><a href="#[140]">&gt;&gt;</a>&nbsp;&nbsp;&nbsp;nrf_clock_int_enable
</UL>
<BR>[Address Reference Count : 1]<UL><LI> nrf_drv_clock.o(i.nrf_drv_clock_calibration_start)
</UL>
<P><STRONG><a name="[d6]"></a>clock_clk_started_notify</STRONG> (Thumb, 38 bytes, Stack size 16 bytes, nrf_drv_clock.o(i.clock_clk_started_notify))
<BR><BR>[Stack]<UL><LI>Max Depth = 16<LI>Call Chain = clock_clk_started_notify
</UL>
<BR>[Calls]<UL><LI><a href="#[142]">&gt;&gt;</a>&nbsp;&nbsp;&nbsp;item_dequeue
</UL>
<BR>[Called By]<UL><LI><a href="#[6]">&gt;&gt;</a>&nbsp;&nbsp;&nbsp;POWER_CLOCK_IRQHandler
</UL>

<P><STRONG><a name="[148]"></a>hfclk_start</STRONG> (Thumb, 24 bytes, Stack size 8 bytes, nrf_drv_clock.o(i.hfclk_start))
<BR><BR>[Stack]<UL><LI>Max Depth = 8<LI>Call Chain = hfclk_start
</UL>
<BR>[Calls]<UL><LI><a href="#[141]">&gt;&gt;</a>&nbsp;&nbsp;&nbsp;nrf_clock_task_trigger
<LI><a href="#[140]">&gt;&gt;</a>&nbsp;&nbsp;&nbsp;nrf_clock_int_enable
<LI><a href="#[d4]">&gt;&gt;</a>&nbsp;&nbsp;&nbsp;nrf_clock_event_clear
</UL>
<BR>[Called By]<UL><LI><a href="#[76]">&gt;&gt;</a>&nbsp;&nbsp;&nbsp;nrf_drv_clock_hfclk_request
</UL>

<P><STRONG><a name="[149]"></a>hfclk_stop</STRONG> (Thumb, 22 bytes, Stack size 8 bytes, nrf_drv_clock.o(i.hfclk_stop))
<BR><BR>[Stack]<UL><LI>Max Depth = 8<LI>Call Chain = hfclk_stop
</UL>
<BR>[Calls]<UL><LI><a href="#[141]">&gt;&gt;</a>&nbsp;&nbsp;&nbsp;nrf_clock_task_trigger
<LI><a href="#[14a]">&gt;&gt;</a>&nbsp;&nbsp;&nbsp;nrf_clock_hf_is_running
</UL>
<BR>[Called By]<UL><LI><a href="#[84]">&gt;&gt;</a>&nbsp;&nbsp;&nbsp;nrf_drv_clock_hfclk_release
</UL>

<P><STRONG><a name="[142]"></a>item_dequeue</STRONG> (Thumb, 14 bytes, Stack size 0 bytes, nrf_drv_clock.o(i.item_dequeue))
<BR><BR>[Called By]<UL><LI><a href="#[d6]">&gt;&gt;</a>&nbsp;&nbsp;&nbsp;clock_clk_started_notify
</UL>

<P><STRONG><a name="[161]"></a>item_enqueue</STRONG> (Thumb, 22 bytes, Stack size 0 bytes, nrf_drv_clock.o(i.item_enqueue))
<BR><BR>[Called By]<UL><LI><a href="#[79]">&gt;&gt;</a>&nbsp;&nbsp;&nbsp;nrf_drv_clock_lfclk_request
<LI><a href="#[76]">&gt;&gt;</a>&nbsp;&nbsp;&nbsp;nrf_drv_clock_hfclk_request
</UL>

<P><STRONG><a name="[151]"></a>lfclk_start</STRONG> (Thumb, 24 bytes, Stack size 8 bytes, nrf_drv_clock.o(i.lfclk_start))
<BR><BR>[Stack]<UL><LI>Max Depth = 8<LI>Call Chain = lfclk_start
</UL>
<BR>[Calls]<UL><LI><a href="#[141]">&gt;&gt;</a>&nbsp;&nbsp;&nbsp;nrf_clock_task_trigger
<LI><a href="#[140]">&gt;&gt;</a>&nbsp;&nbsp;&nbsp;nrf_clock_int_enable
<LI><a href="#[d4]">&gt;&gt;</a>&nbsp;&nbsp;&nbsp;nrf_clock_event_clear
</UL>
<BR>[Called By]<UL><LI><a href="#[79]">&gt;&gt;</a>&nbsp;&nbsp;&nbsp;nrf_drv_clock_lfclk_request
</UL>

<P><STRONG><a name="[d3]"></a>nrf_clock_event_check</STRONG> (Thumb, 22 bytes, Stack size 0 bytes, nrf_drv_clock.o(i.nrf_clock_event_check))
<BR><BR>[Called By]<UL><LI><a href="#[6]">&gt;&gt;</a>&nbsp;&nbsp;&nbsp;POWER_CLOCK_IRQHandler
</UL>

<P><STRONG><a name="[d4]"></a>nrf_clock_event_clear</STRONG> (Thumb, 12 bytes, Stack size 0 bytes, nrf_drv_clock.o(i.nrf_clock_event_clear))
<BR><BR>[Called By]<UL><LI><a href="#[6]">&gt;&gt;</a>&nbsp;&nbsp;&nbsp;POWER_CLOCK_IRQHandler
<LI><a href="#[151]">&gt;&gt;</a>&nbsp;&nbsp;&nbsp;lfclk_start
<LI><a href="#[148]">&gt;&gt;</a>&nbsp;&nbsp;&nbsp;hfclk_start
</UL>

<P><STRONG><a name="[14a]"></a>nrf_clock_hf_is_running</STRONG> (Thumb, 26 bytes, Stack size 0 bytes, nrf_drv_clock.o(i.nrf_clock_hf_is_running))
<BR><BR>[Called By]<UL><LI><a href="#[75]">&gt;&gt;</a>&nbsp;&nbsp;&nbsp;nrf_drv_clock_hfclk_is_running
<LI><a href="#[149]">&gt;&gt;</a>&nbsp;&nbsp;&nbsp;hfclk_stop
</UL>

<P><STRONG><a name="[d5]"></a>nrf_clock_int_disable</STRONG> (Thumb, 6 bytes, Stack size 0 bytes, nrf_drv_clock.o(i.nrf_clock_int_disable))
<BR><BR>[Called By]<UL><LI><a href="#[6]">&gt;&gt;</a>&nbsp;&nbsp;&nbsp;POWER_CLOCK_IRQHandler
</UL>

<P><STRONG><a name="[140]"></a>nrf_clock_int_enable</STRONG> (Thumb, 6 bytes, Stack size 0 bytes, nrf_drv_clock.o(i.nrf_clock_int_enable))
<BR><BR>[Called By]<UL><LI><a href="#[7b]">&gt;&gt;</a>&nbsp;&nbsp;&nbsp;nrf_drv_clock_calibration_start
<LI><a href="#[151]">&gt;&gt;</a>&nbsp;&nbsp;&nbsp;lfclk_start
<LI><a href="#[148]">&gt;&gt;</a>&nbsp;&nbsp;&nbsp;hfclk_start
<LI><a href="#[3a]">&gt;&gt;</a>&nbsp;&nbsp;&nbsp;clock_calibration_hf_started
</UL>

<P><STRONG><a name="[162]"></a>nrf_clock_lf_is_running</STRONG> (Thumb, 14 bytes, Stack size 0 bytes, nrf_drv_clock.o(i.nrf_clock_lf_is_running))
<BR><BR>[Called By]<UL><LI><a href="#[78]">&gt;&gt;</a>&nbsp;&nbsp;&nbsp;nrf_drv_clock_lfclk_is_running
</UL>

<P><STRONG><a name="[141]"></a>nrf_clock_task_trigger</STRONG> (Thumb, 10 bytes, Stack size 0 bytes, nrf_drv_clock.o(i.nrf_clock_task_trigger))
<BR><BR>[Called By]<UL><LI><a href="#[7b]">&gt;&gt;</a>&nbsp;&nbsp;&nbsp;nrf_drv_clock_calibration_start
<LI><a href="#[151]">&gt;&gt;</a>&nbsp;&nbsp;&nbsp;lfclk_start
<LI><a href="#[149]">&gt;&gt;</a>&nbsp;&nbsp;&nbsp;hfclk_stop
<LI><a href="#[148]">&gt;&gt;</a>&nbsp;&nbsp;&nbsp;hfclk_start
<LI><a href="#[3a]">&gt;&gt;</a>&nbsp;&nbsp;&nbsp;clock_calibration_hf_started
</UL>

<P><STRONG><a name="[10f]"></a>is_disabled_in_debug_needed</STRONG> (Thumb, 52 bytes, Stack size 0 bytes, system_nrf51.o(i.is_disabled_in_debug_needed))
<BR><BR>[Called By]<UL><LI><a href="#[20]">&gt;&gt;</a>&nbsp;&nbsp;&nbsp;SystemInit
</UL>

<P><STRONG><a name="[10e]"></a>is_manual_peripheral_setup_needed</STRONG> (Thumb, 104 bytes, Stack size 0 bytes, system_nrf51.o(i.is_manual_peripheral_setup_needed))
<BR><BR>[Called By]<UL><LI><a href="#[20]">&gt;&gt;</a>&nbsp;&nbsp;&nbsp;SystemInit
</UL>

<P><STRONG><a name="[110]"></a>is_peripheral_domain_setup_needed</STRONG> (Thumb, 78 bytes, Stack size 0 bytes, system_nrf51.o(i.is_peripheral_domain_setup_needed))
<BR><BR>[Called By]<UL><LI><a href="#[20]">&gt;&gt;</a>&nbsp;&nbsp;&nbsp;SystemInit
</UL>
<P>
<H3>
Undefined Global Symbols
</H3><HR></body></html>
