Component: ARM Compiler 5.06 update 1 (build 61) Tool: armlink [4d35a8]

==============================================================================

Section Cross References

    main.o(i.main) refers to my_misc_fun.o(i.clocks_start) for clocks_start
    main.o(i.main) refers to my_uart.o(i.debug_uart_init) for debug_uart_init
    main.o(i.main) refers to my_timer.o(i.timers_init) for timers_init
    main.o(i.main) refers to my_spi.o(i.spi_gpio_init) for spi_gpio_init
    main.o(i.main) refers to my_spi.o(i.my_spi_slave_init) for my_spi_slave_init
    main.o(i.main) refers to my_radio.o(i.my_rx_esb_init) for my_rx_esb_init
    main.o(i.main) refers to app_error.o(i.app_error_handler_bare) for app_error_handler_bare
    main.o(i.main) refers to nrf_esb.o(i.nrf_esb_start_rx) for nrf_esb_start_rx
    main.o(i.main) refers to my_timer.o(i.temp_timeout_start) for temp_timeout_start
    main.o(i.main) refers to my_radio.o(i.nrf_rx_data_handler) for nrf_rx_data_handler
    main.o(i.main) refers to my_spi.o(.data) for spi_busy_status
    my_uart.o(i.debug_uart_init) refers to simple_uart.o(i.simple_uart_config) for simple_uart_config
    my_uart.o(i.fgetc) refers to simple_uart.o(i.simple_uart_get) for simple_uart_get
    my_uart.o(i.fputc) refers to simple_uart.o(i.simple_uart_put) for simple_uart_put
    my_uart.o(i.my_uart_trace_dump) refers to printf8.o(i.__0printf$8) for __2printf
    my_timer.o(i.spi_overtime_timer_handler) refers to printf8.o(i.__0printf$8) for __2printf
    my_timer.o(i.spi_overtime_timer_handler) refers to my_spi.o(.data) for spi_busy_status
    my_timer.o(i.spi_overtime_timer_start) refers to app_timer.o(i.app_timer_start) for app_timer_start
    my_timer.o(i.spi_overtime_timer_start) refers to app_error.o(i.app_error_handler_bare) for app_error_handler_bare
    my_timer.o(i.spi_overtime_timer_start) refers to my_timer.o(.constdata) for spi_overtime_timer_id
    my_timer.o(i.spi_overtime_timer_stop) refers to app_timer.o(i.app_timer_stop) for app_timer_stop
    my_timer.o(i.spi_overtime_timer_stop) refers to app_error.o(i.app_error_handler_bare) for app_error_handler_bare
    my_timer.o(i.spi_overtime_timer_stop) refers to my_timer.o(.constdata) for spi_overtime_timer_id
    my_timer.o(i.temp_timeout_start) refers to app_timer.o(i.app_timer_start) for app_timer_start
    my_timer.o(i.temp_timeout_start) refers to app_error.o(i.app_error_handler_bare) for app_error_handler_bare
    my_timer.o(i.temp_timeout_start) refers to my_timer.o(.constdata) for temp_timer_id
    my_timer.o(i.temp_timeout_stop) refers to app_timer.o(i.app_timer_stop) for app_timer_stop
    my_timer.o(i.temp_timeout_stop) refers to app_error.o(i.app_error_handler_bare) for app_error_handler_bare
    my_timer.o(i.temp_timeout_stop) refers to my_timer.o(.constdata) for temp_timer_id
    my_timer.o(i.timers_init) refers to app_timer.o(i.app_timer_init) for app_timer_init
    my_timer.o(i.timers_init) refers to app_error.o(i.app_error_handler_bare) for app_error_handler_bare
    my_timer.o(i.timers_init) refers to app_timer.o(i.app_timer_create) for app_timer_create
    my_timer.o(i.timers_init) refers to my_timer.o(.bss) for APP_TIMER_BUF
    my_timer.o(i.timers_init) refers to my_timer.o(i.temp_timer_handler) for temp_timer_handler
    my_timer.o(i.timers_init) refers to my_timer.o(.constdata) for temp_timer_id
    my_timer.o(i.timers_init) refers to my_timer.o(i.spi_overtime_timer_handler) for spi_overtime_timer_handler
    my_timer.o(.constdata) refers to my_timer.o(.bss) for temp_timer_id_data
    my_radio.o(i.my_rx_esb_init) refers to memcpya.o(.text) for __aeabi_memcpy4
    my_radio.o(i.my_rx_esb_init) refers to nrf_esb.o(i.nrf_esb_set_rf_channel) for nrf_esb_set_rf_channel
    my_radio.o(i.my_rx_esb_init) refers to nrf_esb.o(i.nrf_esb_init) for nrf_esb_init
    my_radio.o(i.my_rx_esb_init) refers to nrf_esb.o(i.nrf_esb_set_base_address_0) for nrf_esb_set_base_address_0
    my_radio.o(i.my_rx_esb_init) refers to nrf_esb.o(i.nrf_esb_set_prefixes) for nrf_esb_set_prefixes
    my_radio.o(i.my_rx_esb_init) refers to my_radio.o(.constdata) for .constdata
    my_radio.o(i.my_rx_esb_init) refers to my_radio.o(i.nrf_esb_event_handler) for nrf_esb_event_handler
    my_radio.o(i.my_tx_esb_init) refers to memcpya.o(.text) for __aeabi_memcpy4
    my_radio.o(i.my_tx_esb_init) refers to nrf_esb.o(i.nrf_esb_set_rf_channel) for nrf_esb_set_rf_channel
    my_radio.o(i.my_tx_esb_init) refers to nrf_esb.o(i.nrf_esb_init) for nrf_esb_init
    my_radio.o(i.my_tx_esb_init) refers to nrf_esb.o(i.nrf_esb_set_base_address_0) for nrf_esb_set_base_address_0
    my_radio.o(i.my_tx_esb_init) refers to nrf_esb.o(i.nrf_esb_set_prefixes) for nrf_esb_set_prefixes
    my_radio.o(i.my_tx_esb_init) refers to my_radio.o(.constdata) for .constdata
    my_radio.o(i.my_tx_esb_init) refers to my_radio.o(i.nrf_esb_event_handler) for nrf_esb_event_handler
[...]
    printf1.o(i.__0vprintf$1) refers to my_uart.o(i.fputc) for fputc
    printf1.o(i.__0vprintf$1) refers to stdout.o(.data) for __stdout
    printf1.o(i.__0vsnprintf$1) refers to printf1.o(i._printf_core) for _printf_core
    printf1.o(i.__0vsnprintf$1) refers to printf1.o(i._snputc) for _snputc
    printf1.o(i.__0vsprintf$1) refers to printf1.o(i._printf_core) for _printf_core
    printf1.o(i.__0vsprintf$1) refers to printf1.o(i._sputc) for _sputc
    printf1.o(i._printf_core) refers to uidiv.o(.text) for __aeabi_uidivmod
    printf2.o(i.__0fprintf$2) refers to printf2.o(i._printf_core) for _printf_core
    printf2.o(i.__0fprintf$2) refers to my_uart.o(i.fputc) for fputc
    printf2.o(i.__0printf$2) refers to printf2.o(i._printf_core) for _printf_core
    printf2.o(i.__0printf$2) refers to my_uart.o(i.fputc) for fputc
    printf2.o(i.__0printf$2) refers to stdout.o(.data) for __stdout
    printf2.o(i.__0snprintf$2) refers to printf2.o(i._printf_core) for _printf_core
    printf2.o(i.__0snprintf$2) refers to printf2.o(i._snputc) for _snputc
    printf2.o(i.__0sprintf$2) refers to printf2.o(i._printf_core) for _printf_core
    printf2.o(i.__0sprintf$2) refers to printf2.o(i._sputc) for _sputc
    printf2.o(i.__0vfprintf$2) refers to printf2.o(i._printf_core) for _printf_core
    printf2.o(i.__0vfprintf$2) refers to my_uart.o(i.fputc) for fputc
    printf2.o(i.__0vprintf$2) refers to printf2.o(i._printf_core) for _printf_core
    printf2.o(i.__0vprintf$2) refers to my_uart.o(i.fputc) for fputc
    printf2.o(i.__0vprintf$2) refers to stdout.o(.data) for __stdout
    printf2.o(i.__0vsnprintf$2) refers to printf2.o(i._printf_core) for _printf_core
    printf2.o(i.__0vsnprintf$2) refers to printf2.o(i._snputc) for _snputc
    printf2.o(i.__0vsprintf$2) refers to printf2.o(i._printf_core) for _printf_core
    printf2.o(i.__0vsprintf$2) refers to printf2.o(i._sputc) for _sputc
    printf3.o(i.__0fprintf$3) refers to printf3.o(i._printf_core) for _printf_core
    printf3.o(i.__0fprintf$3) refers to my_uart.o(i.fputc) for fputc
    printf3.o(i.__0printf$3) refers to printf3.o(i._printf_core) for _printf_core
    printf3.o(i.__0printf$3) refers to my_uart.o(i.fputc) for fputc
    printf3.o(i.__0printf$3) refers to stdout.o(.data) for __stdout
    printf3.o(i.__0snprintf$3) refers to printf3.o(i._printf_core) for _printf_core
    printf3.o(i.__0snprintf$3) refers to printf3.o(i._snputc) for _snputc
    printf3.o(i.__0sprintf$3) refers to printf3.o(i._printf_core) for _printf_core
    printf3.o(i.__0sprintf$3) refers to printf3.o(i._sputc) for _sputc
    printf3.o(i.__0vfprintf$3) refers to printf3.o(i._printf_core) for _printf_core
    printf3.o(i.__0vfprintf$3) refers to my_uart.o(i.fputc) for fputc
    printf3.o(i.__0vprintf$3) refers to printf3.o(i._printf_core) for _printf_core
    printf3.o(i.__0vprintf$3) refers to my_uart.o(i.fputc) for fputc
    printf3.o(i.__0vprintf$3) refers to stdout.o(.data) for __stdout
    printf3.o(i.__0vsnprintf$3) refers to printf3.o(i._printf_core) for _printf_core
    printf3.o(i.__0vsnprintf$3) refers to printf3.o(i._snputc) for _snputc
    printf3.o(i.__0vsprintf$3) refers to printf3.o(i._printf_core) for _printf_core
    printf3.o(i.__0vsprintf$3) refers to printf3.o(i._sputc) for _sputc
    printf3.o(i._printf_core) refers to uidiv.o(.text) for __aeabi_uidivmod
    printf4.o(i.__0fprintf$4) refers to printf4.o(i._printf_core) for _printf_core
    printf4.o(i.__0fprintf$4) refers to my_uart.o(i.fputc) for fputc
    printf4.o(i.__0printf$4) refers to printf4.o(i._printf_core) for _printf_core
    printf4.o(i.__0printf$4) refers to my_uart.o(i.fputc) for fputc
    printf4.o(i.__0printf$4) refers to stdout.o(.data) for __stdout
    printf4.o(i.__0snprintf$4) refers to printf4.o(i._printf_core) for _printf_core
    printf4.o(i.__0snprintf$4) refers to printf4.o(i._snputc) for _snputc
    printf4.o(i.__0sprintf$4) refers to printf4.o(i._printf_core) for _printf_core
    printf4.o(i.__0sprintf$4) refers to printf4.o(i._sputc) for _sputc
    printf4.o(i.__0vfprintf$4) refers to printf4.o(i._printf_core) for _printf_core
    printf4.o(i.__0vfprintf$4) refers to my_uart.o(i.fputc) for fputc
    printf4.o(i.__0vprintf$4) refers to printf4.o(i._printf_core) for _printf_core
    printf4.o(i.__0vprintf$4) refers to my_uart.o(i.fputc) for fputc
    printf4.o(i.__0vprintf$4) refers to stdout.o(.data) for __stdout
    printf4.o(i.__0vsnprintf$4) refers to printf4.o(i._printf_core) for _printf_core
    printf4.o(i.__0vsnprintf$4) refers to printf4.o(i._snputc) for _snputc
    printf4.o(i.__0vsprintf$4) refers to printf4.o(i._printf_core) for _printf_core
    printf4.o(i.__0vsprintf$4) refers to printf4.o(i._sputc) for _sputc
    printf4.o(i._printf_core) refers to uldiv.o(.text) for __aeabi_uldivmod
    printf5.o(i.__0fprintf$5) refers to printf5.o(i._printf_core) for _printf_core
    printf5.o(i.__0fprintf$5) refers to my_uart.o(i.fputc) for fputc
    printf5.o(i.__0printf$5) refers to printf5.o(i._printf_core) for _printf_core
    printf5.o(i.__0printf$5) refers to my_uart.o(i.fputc) for fputc
    printf5.o(i.__0printf$5) refers to stdout.o(.data) for __stdout
    printf5.o(i.__0snprintf$5) refers to printf5.o(i._printf_core) for _printf_core
    printf5.o(i.__0snprintf$5) refers to printf5.o(i._snputc) for _snputc
    printf5.o(i.__0sprintf$5) refers to printf5.o(i._printf_core) for _printf_core
    printf5.o(i.__0sprintf$5) refers to printf5.o(i._sputc) for _sputc
    printf5.o(i.__0vfprintf$5) refers to printf5.o(i._printf_core) for _printf_core
    printf5.o(i.__0vfprintf$5) refers to my_uart.o(i.fputc) for fputc
    printf5.o(i.__0vprintf$5) refers to printf5.o(i._printf_core) for _printf_core
    printf5.o(i.__0vprintf$5) refers to my_uart.o(i.fputc) for fputc
    printf5.o(i.__0vprintf$5) refers to stdout.o(.data) for __stdout
    printf5.o(i.__0vsnprintf$5) refers to printf5.o(i._printf_core) for _printf_core
    printf5.o(i.__0vsnprintf$5) refers to printf5.o(i._snputc) for _snputc
    printf5.o(i.__0vsprintf$5) refers to printf5.o(i._printf_core) for _printf_core
    printf5.o(i.__0vsprintf$5) refers to printf5.o(i._sputc) for _sputc
    printf5.o(i._printf_core) refers to uldiv.o(.text) for __aeabi_uldivmod
    printf6.o(i.__0fprintf$6) refers to printf6.o(i._printf_core) for _printf_core
    printf6.o(i.__0fprintf$6) refers to my_uart.o(i.fputc) for fputc
    printf6.o(i.__0printf$6) refers to printf6.o(i._printf_core) for _printf_core
    printf6.o(i.__0printf$6) refers to my_uart.o(i.fputc) for fputc
    printf6.o(i.__0printf$6) refers to stdout.o(.data) for __stdout
    printf6.o(i.__0snprintf$6) refers to printf6.o(i._printf_core) for _printf_core
    printf6.o(i.__0snprintf$6) refers to printf6.o(i._snputc) for _snputc
    printf6.o(i.__0sprintf$6) refers to printf6.o(i._printf_core) for _printf_core
    printf6.o(i.__0sprintf$6) refers to printf6.o(i._sputc) for _sputc
    printf6.o(i.__0vfprintf$6) refers to printf6.o(i._printf_core) for _printf_core
    printf6.o(i.__0vfprintf$6) refers to my_uart.o(i.fputc) for fputc
    printf6.o(i.__0vprintf$6) refers to printf6.o(i._printf_core) for _printf_core
    printf6.o(i.__0vprintf$6) refers to my_uart.o(i.fputc) for fputc
    printf6.o(i.__0vprintf$6) refers to stdout.o(.data) for __stdout
    printf6.o(i.__0vsnprintf$6) refers to printf6.o(i._printf_core) for _printf_core
    printf6.o(i.__0vsnprintf$6) refers to printf6.o(i._snputc) for _snputc
    printf6.o(i.__0vsprintf$6) refers to printf6.o(i._printf_core) for _printf_core
    printf6.o(i.__0vsprintf$6) refers to printf6.o(i._sputc) for _sputc
    printf6.o(i._printf_core) refers to printf6.o(i._printf_pre_padding) for _printf_pre_padding
    printf6.o(i._printf_core) refers to printf6.o(i._printf_post_padding) for _printf_post_padding
    printf6.o(i._printf_core) refers to uidiv.o(.text) for __aeabi_uidivmod
    printf7.o(i.__0fprintf$7) refers to printf7.o(i._printf_core) for _printf_core
    printf7.o(i.__0fprintf$7) refers to my_uart.o(i.fputc) for fputc
    printf7.o(i.__0printf$7) refers to printf7.o(i._printf_core) for _printf_core
    printf7.o(i.__0printf$7) refers to my_uart.o(i.fputc) for fputc
    printf7.o(i.__0printf$7) refers to stdout.o(.data) for __stdout
    printf7.o(i.__0snprintf$7) refers to printf7.o(i._printf_core) for _printf_core
    printf7.o(i.__0snprintf$7) refers to printf7.o(i._snputc) for _snputc
    printf7.o(i.__0sprintf$7) refers to printf7.o(i._printf_core) for _printf_core
    printf7.o(i.__0sprintf$7) refers to printf7.o(i._sputc) for _sputc
    printf7.o(i.__0vfprintf$7) refers to printf7.o(i._printf_core) for _printf_core
    printf7.o(i.__0vfprintf$7) refers to my_uart.o(i.fputc) for fputc
    printf7.o(i.__0vprintf$7) refers to printf7.o(i._printf_core) for _printf_core
    printf7.o(i.__0vprintf$7) refers to my_uart.o(i.fputc) for fputc
    printf7.o(i.__0vprintf$7) refers to stdout.o(.data) for __stdout
    printf7.o(i.__0vsnprintf$7) refers to printf7.o(i._printf_core) for _printf_core
    printf7.o(i.__0vsnprintf$7) refers to printf7.o(i._snputc) for _snputc
    printf7.o(i.__0vsprintf$7) refers to printf7.o(i._printf_core) for _printf_core
    printf7.o(i.__0vsprintf$7) refers to printf7.o(i._sputc) for _sputc
    printf7.o(i._printf_core) refers to printf7.o(i._printf_pre_padding) for _printf_pre_padding
    printf7.o(i._printf_core) refers to printf7.o(i._printf_post_padding) for _printf_post_padding
    printf7.o(i._printf_core) refers to uldiv.o(.text) for __aeabi_uldivmod
    printf8.o(i.__0fprintf$8) refers to printf8.o(i._printf_core) for _printf_core
    printf8.o(i.__0fprintf$8) refers to my_uart.o(i.fputc) for fputc
    printf8.o(i.__0printf$8) refers to printf8.o(i._printf_core) for _printf_core
    printf8.o(i.__0printf$8) refers to my_uart.o(i.fputc) for fputc
    printf8.o(i.__0printf$8) refers to stdout.o(.data) for __stdout
    printf8.o(i.__0snprintf$8) refers to printf8.o(i._printf_core) for _printf_core
    printf8.o(i.__0snprintf$8) refers to printf8.o(i._snputc) for _snputc
    printf8.o(i.__0sprintf$8) refers to printf8.o(i._printf_core) for _printf_core
    printf8.o(i.__0sprintf$8) refers to printf8.o(i._sputc) for _sputc
    printf8.o(i.__0vfprintf$8) refers to printf8.o(i._printf_core) for _printf_core
    printf8.o(i.__0vfprintf$8) refers to my_uart.o(i.fputc) for fputc
    printf8.o(i.__0vprintf$8) refers to printf8.o(i._printf_core) for _printf_core
    printf8.o(i.__0vprintf$8) refers to my_uart.o(i.fputc) for fputc
    printf8.o(i.__0vprintf$8) refers to stdout.o(.data) for __stdout
    printf8.o(i.__0vsnprintf$8) refers to printf8.o(i._printf_core) for _printf_core
    printf8.o(i.__0vsnprintf$8) refers to printf8.o(i._snputc) for _snputc
    printf8.o(i.__0vsprintf$8) refers to printf8.o(i._printf_core) for _printf_core
    printf8.o(i.__0vsprintf$8) refers to printf8.o(i._sputc) for _sputc
    printf8.o(i._printf_core) refers to printf8.o(i._printf_pre_padding) for _printf_pre_padding
    printf8.o(i._printf_core) refers to printf8.o(i._printf_post_padding) for _printf_post_padding
    printf8.o(i._printf_core) refers to uldiv.o(.text) for __aeabi_uldivmod
    printfa.o(i.__0fprintf) refers (Special) to iusefp.o(.text) for __I$use$fp
    printfa.o(i.__0fprintf) refers to printfa.o(i._printf_core) for _printf_core
    printfa.o(i.__0fprintf) refers to my_uart.o(i.fputc) for fputc
    printfa.o(i.__0printf) refers (Special) to iusefp.o(.text) for __I$use$fp
    printfa.o(i.__0printf) refers to printfa.o(i._printf_core) for _printf_core
    printfa.o(i.__0printf) refers to my_uart.o(i.fputc) for fputc
    printfa.o(i.__0printf) refers to stdout.o(.data) for __stdout
    printfa.o(i.__0snprintf) refers (Special) to iusefp.o(.text) for __I$use$fp
    printfa.o(i.__0snprintf) refers to printfa.o(i._printf_core) for _printf_core
    printfa.o(i.__0snprintf) refers to printfa.o(i._snputc) for _snputc
    printfa.o(i.__0sprintf) refers (Special) to iusefp.o(.text) for __I$use$fp
    printfa.o(i.__0sprintf) refers to printfa.o(i._printf_core) for _printf_core
    printfa.o(i.__0sprintf) refers to printfa.o(i._sputc) for _sputc
    printfa.o(i.__0vfprintf) refers (Special) to iusefp.o(.text) for __I$use$fp
    printfa.o(i.__0vfprintf) refers to printfa.o(i._printf_core) for _printf_core
    printfa.o(i.__0vfprintf) refers to my_uart.o(i.fputc) for fputc
    printfa.o(i.__0vprintf) refers (Special) to iusefp.o(.text) for __I$use$fp
    printfa.o(i.__0vprintf) refers to printfa.o(i._printf_core) for _printf_core
    printfa.o(i.__0vprintf) refers to my_uart.o(i.fputc) for fputc
    printfa.o(i.__0vprintf) refers to stdout.o(.data) for __stdout
    printfa.o(i.__0vsnprintf) refers (Special) to iusefp.o(.text) for __I$use$fp
    printfa.o(i.__0vsnprintf) refers to printfa.o(i._printf_core) for _printf_core
    printfa.o(i.__0vsnprintf) refers to printfa.o(i._snputc) for _snputc
    printfa.o(i.__0vsprintf) refers (Special) to iusefp.o(.text) for __I$use$fp
    printfa.o(i.__0vsprintf) refers to printfa.o(i._printf_core) for _printf_core
    printfa.o(i.__0vsprintf) refers to printfa.o(i._sputc) for _sputc
    printfa.o(i._fp_digits) refers (Special) to iusefp.o(.text) for __I$use$fp
    printfa.o(i._fp_digits) refers to dmul.o(.text) for __aeabi_dmul
    printfa.o(i._fp_digits) refers to ddiv.o(.text) for __aeabi_ddiv
    printfa.o(i._fp_digits) refers to cdrcmple.o(.text) for __aeabi_cdrcmple
    printfa.o(i._fp_digits) refers to dadd.o(.text) for __aeabi_dadd
    printfa.o(i._fp_digits) refers to dfixul.o(.text) for __aeabi_d2ulz
    printfa.o(i._fp_digits) refers to uldiv.o(.text) for __aeabi_uldivmod
    printfa.o(i._printf_core) refers (Special) to iusefp.o(.text) for __I$use$fp
    printfa.o(i._printf_core) refers to printfa.o(i._printf_pre_padding) for _printf_pre_padding
    printfa.o(i._printf_core) refers to uldiv.o(.text) for __aeabi_uldivmod
    printfa.o(i._printf_core) refers to printfa.o(i._printf_post_padding) for _printf_post_padding
    printfa.o(i._printf_core) refers to printfa.o(i._fp_digits) for _fp_digits
    printfa.o(i._printf_core) refers to uidiv.o(.text) for __aeabi_uidivmod
    printfa.o(i._printf_post_padding) refers (Special) to iusefp.o(.text) for __I$use$fp
    printfa.o(i._printf_pre_padding) refers (Special) to iusefp.o(.text) for __I$use$fp
    printfa.o(i._snputc) refers (Special) to iusefp.o(.text) for __I$use$fp
    printfa.o(i._sputc) refers (Special) to iusefp.o(.text) for __I$use$fp
    entry2.o(.ARM.Collect$$$$00000001) refers to entry2.o(.ARM.Collect$$$$00002712) for __lit__00000000
    entry2.o(.ARM.Collect$$$$00002712) refers to arm_startup_nrf51.o(STACK) for __initial_sp
    entry2.o(__vectab_stack_and_reset_area) refers to arm_startup_nrf51.o(STACK) for __initial_sp
    entry2.o(__vectab_stack_and_reset_area) refers to entry.o(.ARM.Collect$$$$00000000) for __main
    entry5.o(.ARM.Collect$$$$00000004) refers to init.o(.text) for __scatterload
    entry9a.o(.ARM.Collect$$$$0000000B) refers to main.o(i.main) for main
    entry9b.o(.ARM.Collect$$$$0000000C) refers to main.o(i.main) for main
    uldiv.o(.text) refers to llushr.o(.text) for __aeabi_llsr
    uldiv.o(.text) refers to llshl.o(.text) for __aeabi_llsl
    dadd.o(.text) refers to llshl.o(.text) for __aeabi_llsl
    dadd.o(.text) refers to llsshr.o(.text) for __aeabi_lasr
    dadd.o(.text) refers to depilogue.o(.text) for _double_epilogue
    dmul.o(.text) refers to depilogue.o(.text) for _double_epilogue
    ddiv.o(.text) refers to depilogue.o(.text) for _double_round
    dfixul.o(.text) refers to llushr.o(.text) for __aeabi_llsr
    dfixul.o(.text) refers to llshl.o(.text) for __aeabi_llsl
    init.o(.text) refers to entry5.o(.ARM.Collect$$$$00000004) for __main_after_scatterload
    depilogue.o(.text) refers to depilogue.o(i.__ARM_clz) for __ARM_clz
    depilogue.o(.text) refers to llshl.o(.text) for __aeabi_llsl
    depilogue.o(.text) refers to llushr.o(.text) for __aeabi_llsr


==============================================================================

Removing Unused input sections from the image.

    Removing main.o(.rev16_text), (4 bytes).
    Removing main.o(.revsh_text), (4 bytes).
    Removing main.o(.emb_text), (30 bytes).
    Removing my_uart.o(i.fgetc), (10 bytes).
    Removing my_uart.o(i.my_uart_trace_dump), (44 bytes).
    Removing my_misc_fun.o(.rev16_text), (4 bytes).
    Removing my_misc_fun.o(.revsh_text), (4 bytes).
    Removing my_misc_fun.o(.emb_text), (30 bytes).
    Removing my_misc_fun.o(i.get_random_number), (44 bytes).
    Removing my_misc_fun.o(i.gpio_default_init), (30 bytes).
    Removing my_misc_fun.o(i.parameters_init), (2 bytes).
    Removing my_timer.o(.rev16_text), (4 bytes).
    Removing my_timer.o(.revsh_text), (4 bytes).
    Removing my_timer.o(.emb_text), (30 bytes).
    Removing my_timer.o(i.spi_overtime_timer_start), (44 bytes).
    Removing my_timer.o(i.spi_overtime_timer_stop), (40 bytes).
    Removing my_timer.o(i.temp_timeout_stop), (40 bytes).
    Removing my_radio.o(.rev16_text), (4 bytes).
    Removing my_radio.o(.revsh_text), (4 bytes).
    Removing my_radio.o(i.my_tx_esb_init), (168 bytes).
    Removing my_spi.o(.rev16_text), (4 bytes).
    Removing my_spi.o(.revsh_text), (4 bytes).
    Removing my_spi.o(.emb_text), (30 bytes).
    Removing ringbuf2.o(.rev16_text), (4 bytes).
    Removing ringbuf2.o(.revsh_text), (4 bytes).
    Removing ringbuf2.o(.emb_text), (30 bytes).
    Removing ringbuf2.o(i.get_ringbuf_status), (12 bytes).
    Removing ringbuf2.o(i.read_ringbuf_use_num), (84 bytes).
    Removing ringbuf2.o(i.ringbuf_read_data), (112 bytes).
    Removing ringbuf2.o(i.ringbuf_test2), (192 bytes).
    Removing ringbuf2.o(i.ringbuf_write_data), (144 bytes).
    Removing ringbuf2.o(.bss), (7279 bytes).
    Removing ringbuf2.o(.data), (3 bytes).
    Removing simple_uart.o(.rev16_text), (4 bytes).
    Removing simple_uart.o(.revsh_text), (4 bytes).
    Removing simple_uart.o(.emb_text), (30 bytes).
    Removing simple_uart.o(i.simple_uart_get), (32 bytes).
    Removing simple_uart.o(i.simple_uart_get_with_timeout), (72 bytes).
    Removing simple_uart.o(i.simple_uart_putstring), (32 bytes).
    Removing nrf_delay.o(.rev16_text), (4 bytes).
    Removing nrf_delay.o(.revsh_text), (4 bytes).
    Removing nrf_delay.o(.emb_text), (30 bytes).
    Removing nrf_delay.o(i.nrf_delay_ms), (28 bytes).
    Removing nrf_esb.o(.rev16_text), (4 bytes).
    Removing nrf_esb.o(.revsh_text), (4 bytes).
    Removing nrf_esb.o(i.nrf_esb_enable_pipes), (36 bytes).
    Removing nrf_esb.o(i.nrf_esb_flush_rx), (64 bytes).
    Removing nrf_esb.o(i.nrf_esb_flush_tx), (52 bytes).
    Removing nrf_esb.o(i.nrf_esb_get_rf_channel), (28 bytes).
    Removing nrf_esb.o(i.nrf_esb_is_idle), (20 bytes).
    Removing nrf_esb.o(i.nrf_esb_pop_tx), (88 bytes).
    Removing nrf_esb.o(i.nrf_esb_set_address_length), (72 bytes).
    Removing nrf_esb.o(i.nrf_esb_set_base_address_1), (60 bytes).
    Removing nrf_esb.o(i.nrf_esb_set_tx_power), (48 bytes).
    Removing nrf_esb.o(i.nrf_esb_start_tx), (48 bytes).
    Removing nrf_esb.o(i.nrf_esb_stop_rx), (84 bytes).
    Removing nrf_esb.o(i.nrf_esb_suspend), (44 bytes).
    Removing nrf_esb.o(i.nrf_esb_update_prefix), (56 bytes).
    Removing nrf_esb.o(i.nrf_esb_write_payload), (268 bytes).
    Removing nrf_esb.o(i.on_radio_disabled_tx), (160 bytes).
    Removing nrf_esb.o(i.on_radio_disabled_tx_noack), (64 bytes).
    Removing nrf_esb.o(i.on_radio_disabled_tx_wait_for_ack), (364 bytes).
    Removing nrf_esb.o(i.start_tx_transaction), (404 bytes).
    Removing nrf_esb.o(i.tx_fifo_remove_last), (56 bytes).
    Removing app_timer.o(.rev16_text), (4 bytes).
    Removing app_timer.o(.revsh_text), (4 bytes).
    Removing app_timer.o(i.app_timer_cnt_diff_compute), (22 bytes).
    Removing app_timer.o(i.app_timer_cnt_get), (14 bytes).
    Removing app_timer.o(i.app_timer_stop), (60 bytes).
    Removing app_timer.o(i.app_timer_stop_all), (36 bytes).
    Removing app_timer.o(i.timer_stop_all_op_schedule), (64 bytes).
    Removing app_timer.o(i.timer_stop_op_schedule), (64 bytes).
    Removing app_error.o(.rev16_text), (4 bytes).
    Removing app_error.o(.revsh_text), (4 bytes).
    Removing app_error.o(i.app_error_handler), (32 bytes).
    Removing app_error.o(i.app_error_save_and_stop), (140 bytes).
    Removing app_error.o(.bss), (32 bytes).
    Removing nrf_assert.o(.rev16_text), (4 bytes).
    Removing nrf_assert.o(.revsh_text), (4 bytes).
    Removing app_error_weak.o(.rev16_text), (4 bytes).
    Removing app_error_weak.o(.revsh_text), (4 bytes).
    Removing nrf_drv_spis.o(.rev16_text), (4 bytes).
    Removing nrf_drv_spis.o(.revsh_text), (4 bytes).
    Removing nrf_drv_spis.o(i.nrf_drv_spis_uninit), (76 bytes).
    Removing nrf_drv_common.o(.rev16_text), (4 bytes).
    Removing nrf_drv_common.o(.revsh_text), (4 bytes).
    Removing system_nrf51.o(.rev16_text), (4 bytes).
    Removing system_nrf51.o(.revsh_text), (4 bytes).
    Removing system_nrf51.o(i.SystemCoreClockUpdate), (16 bytes).
    Removing arm_startup_nrf51.o(HEAP), (2048 bytes).
    Removing dadd.o(.text), (356 bytes).
    Removing dmul.o(.text), (208 bytes).
    Removing ddiv.o(.text), (240 bytes).
    Removing dfixul.o(.text), (64 bytes).
    Removing cdrcmple.o(.text), (40 bytes).
    Removing depilogue.o(.text), (190 bytes).
    Removing depilogue.o(i.__ARM_clz), (46 bytes).

97 unused section(s) (total 14514 bytes) removed from the image.

==============================================================================

Image Symbol Table

    Local Symbols

    Symbol Name                              Value     Ov Type        Size  Object(Section)

    RESET                                    0x00000000   Section      192  arm_startup_nrf51.o(RESET)
    ../clib/microlib/division.c              0x00000000   Number         0  uidiv.o ABSOLUTE
    ../clib/microlib/division.c              0x00000000   Number         0  uldiv.o ABSOLUTE
    ../clib/microlib/init/entry.s            0x00000000   Number         0  entry5.o ABSOLUTE
    ../clib/microlib/init/entry.s            0x00000000   Number         0  entry8b.o ABSOLUTE
    ../clib/microlib/init/entry.s            0x00000000   Number         0  entry7a.o ABSOLUTE
    ../clib/microlib/init/entry.s            0x00000000   Number         0  entry9a.o ABSOLUTE
    ../clib/microlib/init/entry.s            0x00000000   Number         0  entry9b.o ABSOLUTE
    ../clib/microlib/init/entry.s            0x00000000   Number         0  entry10a.o ABSOLUTE
    ../clib/microlib/init/entry.s            0x00000000   Number         0  entry.o ABSOLUTE
    ../clib/microlib/init/entry.s            0x00000000   Number         0  entry10b.o ABSOLUTE
    ../clib/microlib/init/entry.s            0x00000000   Number         0  entry7b.o ABSOLUTE
    ../clib/microlib/init/entry.s            0x00000000   Number         0  entry11b.o ABSOLUTE
    ../clib/microlib/init/entry.s            0x00000000   Number         0  entry2.o ABSOLUTE
    ../clib/microlib/init/entry.s            0x00000000   Number         0  entry11a.o ABSOLUTE
    ../clib/microlib/init/entry.s            0x00000000   Number         0  entry8a.o ABSOLUTE
    ../clib/microlib/longlong.c              0x00000000   Number         0  llshl.o ABSOLUTE
    ../clib/microlib/longlong.c              0x00000000   Number         0  llsshr.o ABSOLUTE
    ../clib/microlib/longlong.c              0x00000000   Number         0  llushr.o ABSOLUTE
    ../clib/microlib/printf/printf.c         0x00000000   Number         0  printf7.o ABSOLUTE
    ../clib/microlib/printf/printf.c         0x00000000   Number         0  printf6.o ABSOLUTE
    ../clib/microlib/printf/printf.c         0x00000000   Number         0  printfa.o ABSOLUTE
    ../clib/microlib/printf/printf.c         0x00000000   Number         0  printf5.o ABSOLUTE
    ../clib/microlib/printf/printf.c         0x00000000   Number         0  printf4.o ABSOLUTE
    ../clib/microlib/printf/printf.c         0x00000000   Number         0  printf3.o ABSOLUTE
    ../clib/microlib/printf/printf.c         0x00000000   Number         0  printf2.o ABSOLUTE
    ../clib/microlib/printf/printf.c         0x00000000   Number         0  printf1.o ABSOLUTE
    ../clib/microlib/printf/printf.c         0x00000000   Number         0  printf0.o ABSOLUTE
    ../clib/microlib/printf/printf.c         0x00000000   Number         0  printfb.o ABSOLUTE
    ../clib/microlib/printf/printf.c         0x00000000   Number         0  printf8.o ABSOLUTE
    ../clib/microlib/printf/stubs.s          0x00000000   Number         0  stubs.o ABSOLUTE
    ../clib/microlib/stdio/streams.c         0x00000000   Number         0  stdout.o ABSOLUTE
    ../clib/microlib/string/memcpy.c         0x00000000   Number         0  memcpyb.o ABSOLUTE
    ../clib/microlib/string/memcpy.c         0x00000000   Number         0  memcpya.o ABSOLUTE
    ../clib/microlib/string/memset.c         0x00000000   Number         0  memseta.o ABSOLUTE
    ../clib/microlib/stubs.s                 0x00000000   Number         0  iusefp.o ABSOLUTE
    ../fplib/microlib/fpadd.c                0x00000000   Number         0  dadd.o ABSOLUTE
    ../fplib/microlib/fpdiv.c                0x00000000   Number         0  ddiv.o ABSOLUTE
    ../fplib/microlib/fpepilogue.c           0x00000000   Number         0  depilogue.o ABSOLUTE
    ../fplib/microlib/fpfix.c                0x00000000   Number         0  dfixul.o ABSOLUTE
    ../fplib/microlib/fpmul.c                0x00000000   Number         0  dmul.o ABSOLUTE
    ..\\components\\drivers_nrf\\common\\nrf_drv_common.c 0x00000000   Number         0  nrf_drv_common.o ABSOLUTE
    ..\\components\\drivers_nrf\\delay\\nrf_delay.c 0x00000000   Number         0  nrf_delay.o ABSOLUTE
    ..\\components\\drivers_nrf\\spi_slave\\nrf_drv_spis.c 0x00000000   Number         0  nrf_drv_spis.o ABSOLUTE
    ..\\components\\libraries\\timer\\app_timer.c 0x00000000   Number         0  app_timer.o ABSOLUTE
    ..\\components\\libraries\\util\\app_error.c 0x00000000   Number         0  app_error.o ABSOLUTE
    ..\\components\\libraries\\util\\app_error_weak.c 0x00000000   Number         0  app_error_weak.o ABSOLUTE
    ..\\components\\libraries\\util\\nrf_assert.c 0x00000000   Number         0  nrf_assert.o ABSOLUTE
    ..\\components\\properitary_rf\\esb\\nrf_esb.c 0x00000000   Number         0  nrf_esb.o ABSOLUTE
    ..\\components\\toolchain\\system_nrf51.c 0x00000000   Number         0  system_nrf51.o ABSOLUTE
    ..\\user\\main.c                         0x00000000   Number         0  main.o ABSOLUTE
    ..\\user\\my_misc_fun.c                  0x00000000   Number         0  my_misc_fun.o ABSOLUTE
    ..\\user\\my_radio.c                     0x00000000   Number         0  my_radio.o ABSOLUTE
    ..\\user\\my_spi.c                       0x00000000   Number         0  my_spi.o ABSOLUTE
    ..\\user\\my_timer.c                     0x00000000   Number         0  my_timer.o ABSOLUTE
    ..\\user\\ringbuf2.c                     0x00000000   Number         0  ringbuf2.o ABSOLUTE
    ..\\user\\simple_uart.c                  0x00000000   Number         0  simple_uart.o ABSOLUTE
    ..\components\drivers_nrf\common\nrf_drv_common.c 0x00000000   Number         0  nrf_drv_common.o ABSOLUTE
    ..\components\drivers_nrf\delay\nrf_delay.c 0x00000000   Number         0  nrf_delay.o ABSOLUTE
    ..\components\drivers_nrf\spi_slave\nrf_drv_spis.c 0x00000000   Number         0  nrf_drv_spis.o ABSOLUTE
    ..\components\libraries\timer\app_timer.c 0x00000000   Number         0  app_timer.o ABSOLUTE
    ..\components\libraries\util\app_error.c 0x00000000   Number         0  app_error.o ABSOLUTE
    ..\components\libraries\util\app_error_weak.c 0x00000000   Number         0  app_error_weak.o ABSOLUTE
    ..\components\libraries\util\nrf_assert.c 0x00000000   Number         0  nrf_assert.o ABSOLUTE
    ..\components\properitary_rf\esb\nrf_esb.c 0x00000000   Number         0  nrf_esb.o ABSOLUTE
    ..\components\toolchain\arm\arm_startup_nrf51.s 0x00000000   Number         0  arm_startup_nrf51.o ABSOLUTE
    ..\components\toolchain\system_nrf51.c   0x00000000   Number         0  system_nrf51.o ABSOLUTE
    ..\user\main.c                           0x00000000   Number         0  main.o ABSOLUTE
    ..\user\my_misc_fun.c                    0x00000000   Number         0  my_misc_fun.o ABSOLUTE
    ..\user\my_radio.c                       0x00000000   Number         0  my_radio.o ABSOLUTE
    ..\user\my_spi.c                         0x00000000   Number         0  my_spi.o ABSOLUTE
    ..\user\my_timer.c                       0x00000000   Number         0  my_timer.o ABSOLUTE
    ..\user\my_uart.c                        0x00000000   Number         0  my_uart.o ABSOLUTE
    ..\user\ringbuf2.c                       0x00000000   Number         0  ringbuf2.o ABSOLUTE
    ..\user\simple_uart.c                    0x00000000   Number         0  simple_uart.o ABSOLUTE
    cdrcmple.s                               0x00000000   Number         0  cdrcmple.o ABSOLUTE
    dc.s                                     0x00000000   Number         0  dc.o ABSOLUTE
    handlers.s                               0x00000000   Number         0  handlers.o ABSOLUTE
    init.s                                   0x00000000   Number         0  init.o ABSOLUTE
    .ARM.Collect$$$$00000000                 0x000000c0   Section        0  entry.o(.ARM.Collect$$$$00000000)
    .ARM.Collect$$$$00000001                 0x000000c0   Section        4  entry2.o(.ARM.Collect$$$$00000001)
    .ARM.Collect$$$$00000004                 0x000000c4   Section        4  entry5.o(.ARM.Collect$$$$00000004)
    .ARM.Collect$$$$00000008                 0x000000c8   Section        0  entry7b.o(.ARM.Collect$$$$00000008)
    .ARM.Collect$$$$0000000A                 0x000000c8   Section        0  entry8b.o(.ARM.Collect$$$$0000000A)
    .ARM.Collect$$$$0000000B                 0x000000c8   Section        8  entry9a.o(.ARM.Collect$$$$0000000B)
    .ARM.Collect$$$$0000000D                 0x000000d0   Section        0  entry10a.o(.ARM.Collect$$$$0000000D)
    .ARM.Collect$$$$0000000F                 0x000000d0   Section        0  entry11a.o(.ARM.Collect$$$$0000000F)
    .ARM.Collect$$$$00002712                 0x000000d0   Section        4  entry2.o(.ARM.Collect$$$$00002712)
    __lit__00000000                          0x000000d0   Data           4  entry2.o(.ARM.Collect$$$$00002712)
    .emb_text                                0x000000d4   Section       30  my_radio.o(.emb_text)
    .emb_text                                0x000000f4   Section       30  app_timer.o(.emb_text)
    .text                                    0x00000114   Section       56  arm_startup_nrf51.o(.text)
    .text                                    0x0000014c   Section        0  memcpya.o(.text)
    .text                                    0x00000170   Section        0  memseta.o(.text)
    .text                                    0x00000194   Section        0  uldiv.o(.text)
    .text                                    0x000001f4   Section       36  init.o(.text)
    .text                                    0x00000218   Section        0  llshl.o(.text)
    .text                                    0x00000238   Section        0  llushr.o(.text)
    i.NVIC_ClearPendingIRQ                   0x0000025c   Section        0  nrf_esb.o(i.NVIC_ClearPendingIRQ)
    NVIC_ClearPendingIRQ                     0x0000025d   Thumb Code    14  nrf_esb.o(i.NVIC_ClearPendingIRQ)
    i.NVIC_ClearPendingIRQ                   0x00000270   Section        0  app_timer.o(i.NVIC_ClearPendingIRQ)
    NVIC_ClearPendingIRQ                     0x00000271   Thumb Code    14  app_timer.o(i.NVIC_ClearPendingIRQ)
    i.NVIC_DisableIRQ                        0x00000284   Section        0  nrf_esb.o(i.NVIC_DisableIRQ)
    NVIC_DisableIRQ                          0x00000285   Thumb Code    14  nrf_esb.o(i.NVIC_DisableIRQ)
    i.NVIC_EnableIRQ                         0x00000298   Section        0  nrf_esb.o(i.NVIC_EnableIRQ)
    NVIC_EnableIRQ                           0x00000299   Thumb Code    14  nrf_esb.o(i.NVIC_EnableIRQ)
    i.NVIC_EnableIRQ                         0x000002ac   Section        0  app_timer.o(i.NVIC_EnableIRQ)
    NVIC_EnableIRQ                           0x000002ad   Thumb Code    14  app_timer.o(i.NVIC_EnableIRQ)
    i.NVIC_SetPendingIRQ                     0x000002c0   Section        0  nrf_esb.o(i.NVIC_SetPendingIRQ)
    NVIC_SetPendingIRQ                       0x000002c1   Thumb Code    14  nrf_esb.o(i.NVIC_SetPendingIRQ)
    i.NVIC_SetPendingIRQ                     0x000002d4   Section        0  app_timer.o(i.NVIC_SetPendingIRQ)
    NVIC_SetPendingIRQ                       0x000002d5   Thumb Code    14  app_timer.o(i.NVIC_SetPendingIRQ)
    i.NVIC_SetPriority                       0x000002e8   Section        0  nrf_esb.o(i.NVIC_SetPriority)
    NVIC_SetPriority                         0x000002e9   Thumb Code   110  nrf_esb.o(i.NVIC_SetPriority)
    i.NVIC_SetPriority                       0x00000360   Section        0  app_timer.o(i.NVIC_SetPriority)
    NVIC_SetPriority                         0x00000361   Thumb Code   110  app_timer.o(i.NVIC_SetPriority)
    i.NVIC_SetPriority                       0x000003d8   Section        0  nrf_drv_common.o(i.NVIC_SetPriority)
    NVIC_SetPriority                         0x000003d9   Thumb Code   110  nrf_drv_common.o(i.NVIC_SetPriority)
    i.RADIO_IRQHandler                       0x00000450   Section        0  nrf_esb.o(i.RADIO_IRQHandler)
    i.RTC1_IRQHandler                        0x000004d0   Section        0  app_timer.o(i.RTC1_IRQHandler)
    i.SPI1_TWI1_IRQHandler                   0x000004f8   Section        0  nrf_drv_spis.o(i.SPI1_TWI1_IRQHandler)
    i.SWI0_IRQHandler                        0x0000050c   Section        0  nrf_esb.o(i.SWI0_IRQHandler)
    i.SWI1_IRQHandler                        0x0000057c   Section        0  app_timer.o(i.SWI1_IRQHandler)
    i.SystemInit                             0x00000584   Section        0  system_nrf51.o(i.SystemInit)
    i.XOR_Cal                                0x000005e8   Section        0  my_misc_fun.o(i.XOR_Cal)
    i.__0printf$8                            0x00000604   Section        0  printf8.o(i.__0printf$8)
    i.__scatterload_copy                     0x00000624   Section       14  handlers.o(i.__scatterload_copy)
    i.__scatterload_null                     0x00000632   Section        2  handlers.o(i.__scatterload_null)
    i.__scatterload_zeroinit                 0x00000634   Section       14  handlers.o(i.__scatterload_zeroinit)
    i._printf_core                           0x00000644   Section        0  printf8.o(i._printf_core)
    _printf_core                             0x00000645   Thumb Code  1020  printf8.o(i._printf_core)
    i._printf_post_padding                   0x00000a6c   Section        0  printf8.o(i._printf_post_padding)
    _printf_post_padding                     0x00000a6d   Thumb Code    32  printf8.o(i._printf_post_padding)
    i._printf_pre_padding                    0x00000a8c   Section        0  printf8.o(i._printf_pre_padding)
    _printf_pre_padding                      0x00000a8d   Thumb Code    44  printf8.o(i._printf_pre_padding)
    i.addr_conv                              0x00000ab8   Section        0  nrf_esb.o(i.addr_conv)
    addr_conv                                0x00000ab9   Thumb Code    14  nrf_esb.o(i.addr_conv)
    i.app_error_fault_handler                0x00000ac8   Section        0  app_error_weak.o(i.app_error_fault_handler)
    i.app_error_handler_bare                 0x00000b00   Section        0  app_error.o(i.app_error_handler_bare)
    i.app_timer_create                       0x00000b20   Section        0  app_timer.o(i.app_timer_create)
    i.app_timer_init                         0x00000b64   Section        0  app_timer.o(i.app_timer_init)
    i.app_timer_start                        0x00000c1c   Section        0  app_timer.o(i.app_timer_start)
    i.bytewise_bit_swap                      0x00000c78   Section        0  nrf_esb.o(i.bytewise_bit_swap)
    bytewise_bit_swap                        0x00000c79   Thumb Code    60  nrf_esb.o(i.bytewise_bit_swap)
    i.clear_events_restart_rx                0x00000cc0   Section        0  nrf_esb.o(i.clear_events_restart_rx)
    clear_events_restart_rx                  0x00000cc1   Thumb Code    70  nrf_esb.o(i.clear_events_restart_rx)
    i.clocks_start                           0x00000d24   Section        0  my_misc_fun.o(i.clocks_start)
    i.compare_reg_update                     0x00000d6c   Section        0  app_timer.o(i.compare_reg_update)
    compare_reg_update                       0x00000d6d   Thumb Code   126  app_timer.o(i.compare_reg_update)
    i.current_int_priority_get               0x00000df8   Section        0  app_timer.o(i.current_int_priority_get)
    current_int_priority_get                 0x00000df9   Thumb Code    84  app_timer.o(i.current_int_priority_get)
    i.debug_uart_init                        0x00000e54   Section        0  my_uart.o(i.debug_uart_init)
    i.elapsed_ticks_acquire                  0x00000e68   Section        0  app_timer.o(i.elapsed_ticks_acquire)
    elapsed_ticks_acquire                    0x00000e69   Thumb Code    82  app_timer.o(i.elapsed_ticks_acquire)
    i.expired_timers_handler                 0x00000ecc   Section        0  app_timer.o(i.expired_timers_handler)
    expired_timers_handler                   0x00000ecd   Thumb Code    86  app_timer.o(i.expired_timers_handler)
    i.fputc                                  0x00000f28   Section        0  my_uart.o(i.fputc)
    i.initialize_fifos                       0x00000f38   Section        0  nrf_esb.o(i.initialize_fifos)
    initialize_fifos                         0x00000f39   Thumb Code    56  nrf_esb.o(i.initialize_fifos)
    i.is_disabled_in_debug_needed            0x00000f80   Section        0  system_nrf51.o(i.is_disabled_in_debug_needed)
    is_disabled_in_debug_needed              0x00000f81   Thumb Code    52  system_nrf51.o(i.is_disabled_in_debug_needed)
    i.is_manual_peripheral_setup_needed      0x00000fb8   Section        0  system_nrf51.o(i.is_manual_peripheral_setup_needed)
    is_manual_peripheral_setup_needed        0x00000fb9   Thumb Code   104  system_nrf51.o(i.is_manual_peripheral_setup_needed)
    i.is_peripheral_domain_setup_needed      0x00001024   Section        0  system_nrf51.o(i.is_peripheral_domain_setup_needed)
    is_peripheral_domain_setup_needed        0x00001025   Thumb Code    78  system_nrf51.o(i.is_peripheral_domain_setup_needed)
    i.list_deletions_handler                 0x00001078   Section        0  app_timer.o(i.list_deletions_handler)
    list_deletions_handler                   0x00001079   Thumb Code   136  app_timer.o(i.list_deletions_handler)
    i.list_insertions_handler                0x0000110c   Section        0  app_timer.o(i.list_insertions_handler)
    list_insertions_handler                  0x0000110d   Thumb Code   248  app_timer.o(i.list_insertions_handler)
    i.main                                   0x0000121c   Section        0  main.o(i.main)
    i.my_rx_esb_init                         0x000012b0   Section        0  my_radio.o(i.my_rx_esb_init)
    i.my_spi_slave_init                      0x00001358   Section        0  my_spi.o(i.my_spi_slave_init)
    i.nrf_drv_common_irq_enable              0x000013f8   Section        0  nrf_drv_common.o(i.nrf_drv_common_irq_enable)
    i.nrf_drv_is_in_RAM                      0x00001430   Section        0  nrf_drv_spis.o(i.nrf_drv_is_in_RAM)
    nrf_drv_is_in_RAM                        0x00001431   Thumb Code    22  nrf_drv_spis.o(i.nrf_drv_is_in_RAM)
    i.nrf_drv_spis_buffers_set               0x00001448   Section        0  nrf_drv_spis.o(i.nrf_drv_spis_buffers_set)
    i.nrf_drv_spis_init                      0x000014dc   Section        0  nrf_drv_spis.o(i.nrf_drv_spis_init)
    i.nrf_esb_disable                        0x000016a8   Section        0  nrf_esb.o(i.nrf_esb_disable)
    i.nrf_esb_event_handler                  0x000016f0   Section        0  my_radio.o(i.nrf_esb_event_handler)
    i.nrf_esb_get_clear_interrupts           0x00001714   Section        0  nrf_esb.o(i.nrf_esb_get_clear_interrupts)
    i.nrf_esb_init                           0x00001758   Section        0  nrf_esb.o(i.nrf_esb_init)
    i.nrf_esb_read_rx_payload                0x00001804   Section        0  nrf_esb.o(i.nrf_esb_read_rx_payload)
    i.nrf_esb_set_base_address_0             0x000018ac   Section        0  nrf_esb.o(i.nrf_esb_set_base_address_0)
    i.nrf_esb_set_prefixes                   0x000018e8   Section        0  nrf_esb.o(i.nrf_esb_set_prefixes)
    i.nrf_esb_set_rf_channel                 0x00001948   Section        0  nrf_esb.o(i.nrf_esb_set_rf_channel)
    i.nrf_esb_start_rx                       0x00001978   Section        0  nrf_esb.o(i.nrf_esb_start_rx)
    i.nrf_gpio_cfg                           0x00001a0c   Section        0  my_spi.o(i.nrf_gpio_cfg)
    nrf_gpio_cfg                             0x00001a0d   Thumb Code    38  my_spi.o(i.nrf_gpio_cfg)
    i.nrf_gpio_cfg                           0x00001a32   Section        0  simple_uart.o(i.nrf_gpio_cfg)
    nrf_gpio_cfg                             0x00001a33   Thumb Code    38  simple_uart.o(i.nrf_gpio_cfg)
    i.nrf_gpio_cfg                           0x00001a58   Section        0  nrf_drv_spis.o(i.nrf_gpio_cfg)
    nrf_gpio_cfg                             0x00001a59   Thumb Code    38  nrf_drv_spis.o(i.nrf_gpio_cfg)
    i.nrf_gpio_cfg_input                     0x00001a7e   Section        0  simple_uart.o(i.nrf_gpio_cfg_input)
    nrf_gpio_cfg_input                       0x00001a7f   Thumb Code    26  simple_uart.o(i.nrf_gpio_cfg_input)
    i.nrf_gpio_cfg_output                    0x00001a98   Section        0  simple_uart.o(i.nrf_gpio_cfg_output)
    nrf_gpio_cfg_output                      0x00001a99   Thumb Code    24  simple_uart.o(i.nrf_gpio_cfg_output)
    i.nrf_gpio_pin_set                       0x00001ab0   Section        0  my_radio.o(i.nrf_gpio_pin_set)
    nrf_gpio_pin_set                         0x00001ab1   Thumb Code    10  my_radio.o(i.nrf_gpio_pin_set)
    i.nrf_rx_data_handler                    0x00001ac0   Section        0  my_radio.o(i.nrf_rx_data_handler)
    i.nrf_spis_event_check                   0x00001bcc   Section        0  nrf_drv_spis.o(i.nrf_spis_event_check)
    nrf_spis_event_check                     0x00001bcd   Thumb Code    16  nrf_drv_spis.o(i.nrf_spis_event_check)
    i.nrf_spis_event_clear                   0x00001bdc   Section        0  nrf_drv_spis.o(i.nrf_spis_event_clear)
    nrf_spis_event_clear                     0x00001bdd   Thumb Code     6  nrf_drv_spis.o(i.nrf_spis_event_clear)
    i.nrf_spis_rx_buffer_set                 0x00001be2   Section        0  nrf_drv_spis.o(i.nrf_spis_rx_buffer_set)
    nrf_spis_rx_buffer_set                   0x00001be3   Thumb Code    18  nrf_drv_spis.o(i.nrf_spis_rx_buffer_set)
    i.nrf_spis_task_trigger                  0x00001bf4   Section        0  nrf_drv_spis.o(i.nrf_spis_task_trigger)
    nrf_spis_task_trigger                    0x00001bf5   Thumb Code     6  nrf_drv_spis.o(i.nrf_spis_task_trigger)
    i.nrf_spis_tx_buffer_set                 0x00001bfa   Section        0  nrf_drv_spis.o(i.nrf_spis_tx_buffer_set)
    nrf_spis_tx_buffer_set                   0x00001bfb   Thumb Code    18  nrf_drv_spis.o(i.nrf_spis_tx_buffer_set)
    i.on_radio_disabled_rx                   0x00001c0c   Section        0  nrf_esb.o(i.on_radio_disabled_rx)
    on_radio_disabled_rx                     0x00001c0d   Thumb Code   394  nrf_esb.o(i.on_radio_disabled_rx)
    i.on_radio_disabled_rx_ack               0x00001dd4   Section        0  nrf_esb.o(i.on_radio_disabled_rx_ack)
    on_radio_disabled_rx_ack                 0x00001dd5   Thumb Code    40  nrf_esb.o(i.on_radio_disabled_rx_ack)
    i.ppi_init                               0x00001e1c   Section        0  nrf_esb.o(i.ppi_init)
    ppi_init                                 0x00001e1d   Thumb Code    78  nrf_esb.o(i.ppi_init)
    i.reset_fifos                            0x00001e80   Section        0  nrf_esb.o(i.reset_fifos)
    reset_fifos                              0x00001e81   Thumb Code    20  nrf_esb.o(i.reset_fifos)
    i.rtc1_compare0_set                      0x00001e9c   Section        0  app_timer.o(i.rtc1_compare0_set)
    rtc1_compare0_set                        0x00001e9d   Thumb Code     6  app_timer.o(i.rtc1_compare0_set)
    i.rtc1_counter_get                       0x00001ea8   Section        0  app_timer.o(i.rtc1_counter_get)
    rtc1_counter_get                         0x00001ea9   Thumb Code     6  app_timer.o(i.rtc1_counter_get)
    i.rtc1_init                              0x00001eb4   Section        0  app_timer.o(i.rtc1_init)
    rtc1_init                                0x00001eb5   Thumb Code    18  app_timer.o(i.rtc1_init)
    i.rtc1_start                             0x00001ecc   Section        0  app_timer.o(i.rtc1_start)
    rtc1_start                               0x00001ecd   Thumb Code    48  app_timer.o(i.rtc1_start)
    i.rtc1_stop                              0x00001f08   Section        0  app_timer.o(i.rtc1_stop)
    rtc1_stop                                0x00001f09   Thumb Code    66  app_timer.o(i.rtc1_stop)
    i.rx_fifo_push_rfbuf                     0x00001f60   Section        0  nrf_esb.o(i.rx_fifo_push_rfbuf)
    rx_fifo_push_rfbuf                       0x00001f61   Thumb Code   194  nrf_esb.o(i.rx_fifo_push_rfbuf)
    i.simple_uart_config                     0x00002034   Section        0  simple_uart.o(i.simple_uart_config)
    i.simple_uart_put                        0x000020a0   Section        0  simple_uart.o(i.simple_uart_put)
    i.spi_data_handler                       0x000020c0   Section        0  my_spi.o(i.spi_data_handler)
    i.spi_gpio_init                          0x000020e0   Section        0  my_spi.o(i.spi_gpio_init)
    i.spi_overtime_timer_handler             0x00002124   Section        0  my_timer.o(i.spi_overtime_timer_handler)
    i.spis_event_handler                     0x00002168   Section        0  my_spi.o(i.spis_event_handler)
    i.spis_irq_handler                       0x000021e8   Section        0  nrf_drv_spis.o(i.spis_irq_handler)
    spis_irq_handler                         0x000021e9   Thumb Code   132  nrf_drv_spis.o(i.spis_irq_handler)
    i.spis_state_change                      0x0000226c   Section        0  nrf_drv_spis.o(i.spis_state_change)
    spis_state_change                        0x0000226d   Thumb Code    20  nrf_drv_spis.o(i.spis_state_change)
    i.spis_state_entry_action_execute        0x00002280   Section        0  nrf_drv_spis.o(i.spis_state_entry_action_execute)
    spis_state_entry_action_execute          0x00002281   Thumb Code   162  nrf_drv_spis.o(i.spis_state_entry_action_execute)
    i.sys_timer_init                         0x00002324   Section        0  nrf_esb.o(i.sys_timer_init)
    sys_timer_init                           0x00002325   Thumb Code    18  nrf_esb.o(i.sys_timer_init)
    i.temp_timeout_start                     0x00002344   Section        0  my_timer.o(i.temp_timeout_start)
    i.temp_timer_handler                     0x00002370   Section        0  my_timer.o(i.temp_timer_handler)
    i.ticks_diff_get                         0x00002384   Section        0  app_timer.o(i.ticks_diff_get)
    ticks_diff_get                           0x00002385   Thumb Code    10  app_timer.o(i.ticks_diff_get)
    i.timeout_handler_exec                   0x00002390   Section        0  app_timer.o(i.timeout_handler_exec)
    timeout_handler_exec                     0x00002391   Thumb Code    54  app_timer.o(i.timeout_handler_exec)
    i.timer_list_handler                     0x000023cc   Section        0  app_timer.o(i.timer_list_handler)
    timer_list_handler                       0x000023cd   Thumb Code    74  app_timer.o(i.timer_list_handler)
    i.timer_list_handler_sched               0x00002424   Section        0  app_timer.o(i.timer_list_handler_sched)
    timer_list_handler_sched                 0x00002425   Thumb Code    10  app_timer.o(i.timer_list_handler_sched)
    i.timer_list_insert                      0x00002430   Section        0  app_timer.o(i.timer_list_insert)
    timer_list_insert                        0x00002431   Thumb Code   104  app_timer.o(i.timer_list_insert)
    i.timer_list_remove                      0x0000249c   Section        0  app_timer.o(i.timer_list_remove)
    timer_list_remove                        0x0000249d   Thumb Code    96  app_timer.o(i.timer_list_remove)
    i.timer_start_op_schedule                0x0000250c   Section        0  app_timer.o(i.timer_start_op_schedule)
    timer_start_op_schedule                  0x0000250d   Thumb Code    82  app_timer.o(i.timer_start_op_schedule)
    i.timer_timeouts_check                   0x00002564   Section        0  app_timer.o(i.timer_timeouts_check)
    timer_timeouts_check                     0x00002565   Thumb Code   128  app_timer.o(i.timer_timeouts_check)
    i.timer_timeouts_check_sched             0x000025f8   Section        0  app_timer.o(i.timer_timeouts_check_sched)
    timer_timeouts_check_sched               0x000025f9   Thumb Code    10  app_timer.o(i.timer_timeouts_check_sched)
    i.timers_init                            0x00002604   Section        0  my_timer.o(i.timers_init)
    i.update_radio_addresses                 0x00002684   Section        0  nrf_esb.o(i.update_radio_addresses)
    update_radio_addresses                   0x00002685   Thumb Code    76  nrf_esb.o(i.update_radio_addresses)
    i.update_radio_bitrate                   0x000026d8   Section        0  nrf_esb.o(i.update_radio_bitrate)
    update_radio_bitrate                     0x000026d9   Thumb Code    68  nrf_esb.o(i.update_radio_bitrate)
    i.update_radio_crc                       0x00002728   Section        0  nrf_esb.o(i.update_radio_crc)
    update_radio_crc                         0x00002729   Thumb Code    48  nrf_esb.o(i.update_radio_crc)
    i.update_radio_parameters                0x00002768   Section        0  nrf_esb.o(i.update_radio_parameters)
    update_radio_parameters                  0x00002769   Thumb Code    30  nrf_esb.o(i.update_radio_parameters)
    i.update_radio_protocol                  0x00002790   Section        0  nrf_esb.o(i.update_radio_protocol)
    update_radio_protocol                    0x00002791   Thumb Code    34  nrf_esb.o(i.update_radio_protocol)
    i.update_radio_tx_power                  0x000027c4   Section        0  nrf_esb.o(i.update_radio_tx_power)
    update_radio_tx_power                    0x000027c5   Thumb Code    10  nrf_esb.o(i.update_radio_tx_power)
    i.update_rf_payload_format_esb           0x000027d8   Section        0  nrf_esb.o(i.update_rf_payload_format_esb)
    update_rf_payload_format_esb             0x000027d9   Thumb Code    32  nrf_esb.o(i.update_rf_payload_format_esb)
    i.update_rf_payload_format_esb_dpl       0x00002804   Section        0  nrf_esb.o(i.update_rf_payload_format_esb_dpl)
    update_rf_payload_format_esb_dpl         0x00002805   Thumb Code    30  nrf_esb.o(i.update_rf_payload_format_esb_dpl)
    i.user_id_get                            0x00002830   Section        0  app_timer.o(i.user_id_get)
    user_id_get                              0x00002831   Thumb Code    34  app_timer.o(i.user_id_get)
    i.user_op_alloc                          0x00002852   Section        0  app_timer.o(i.user_op_alloc)
    user_op_alloc                            0x00002853   Thumb Code    46  app_timer.o(i.user_op_alloc)
    i.user_op_enque                          0x00002880   Section        0  app_timer.o(i.user_op_enque)
    user_op_enque                            0x00002881   Thumb Code     4  app_timer.o(i.user_op_enque)
    .constdata                               0x00002884   Section        8  my_timer.o(.constdata)
    temp_timer_id                            0x00002884   Data           4  my_timer.o(.constdata)
    spi_overtime_timer_id                    0x00002888   Data           4  my_timer.o(.constdata)
    .constdata                               0x0000288c   Section       48  my_radio.o(.constdata)
    .constdata                               0x000028bc   Section       32  my_spi.o(.constdata)
    spis                                     0x000028bc   Data           8  my_spi.o(.constdata)
    .constdata                               0x000028dc   Section       24  nrf_drv_spis.o(.constdata)
    m_default_config                         0x000028dc   Data          24  nrf_drv_spis.o(.constdata)
    .data                                    0x20000000   Section        1  my_radio.o(.data)
    last_sequence                            0x20000000   Data           1  my_radio.o(.data)
    .data                                    0x20000001   Section        6  my_spi.o(.data)
    is_valid_data                            0x20000006   Data           1  my_spi.o(.data)
    .data                                    0x20000008   Section       60  nrf_esb.o(.data)
    m_esb_initialized                        0x20000008   Data           1  nrf_esb.o(.data)
    m_nrf_esb_mainstate                      0x20000009   Data           1  nrf_esb.o(.data)
    mp_current_payload                       0x2000000c   Data           4  nrf_esb.o(.data)
    m_event_handler                          0x20000010   Data           4  nrf_esb.o(.data)
    m_esb_addr                               0x20000014   Data          20  nrf_esb.o(.data)
    m_interrupt_flags                        0x20000028   Data           4  nrf_esb.o(.data)
    m_retransmits_remaining                  0x2000002c   Data           4  nrf_esb.o(.data)
    m_last_tx_attempts                       0x20000030   Data           4  nrf_esb.o(.data)
    m_wait_for_ack_timeout_us                0x20000034   Data           4  nrf_esb.o(.data)
    on_radio_disabled                        0x20000038   Data           4  nrf_esb.o(.data)
    on_radio_end                             0x2000003c   Data           4  nrf_esb.o(.data)
    update_rf_payload_format                 0x20000040   Data           4  nrf_esb.o(.data)
    .data                                    0x20000044   Section       34  app_timer.o(.data)
    m_user_array_size                        0x20000044   Data           1  app_timer.o(.data)
    mp_users                                 0x20000048   Data           4  app_timer.o(.data)
    mp_timer_id_head                         0x2000004c   Data           4  app_timer.o(.data)
    m_ticks_latest                           0x20000050   Data           4  app_timer.o(.data)
    m_ticks_elapsed                          0x20000054   Data           8  app_timer.o(.data)
    m_ticks_elapsed_q_read_ind               0x2000005c   Data           1  app_timer.o(.data)
    m_ticks_elapsed_q_write_ind              0x2000005d   Data           1  app_timer.o(.data)
    m_evt_schedule_func                      0x20000060   Data           4  app_timer.o(.data)
    m_rtc1_running                           0x20000064   Data           1  app_timer.o(.data)
    m_rtc1_reset                             0x20000065   Data           1  app_timer.o(.data)
    .data                                    0x20000068   Section        4  system_nrf51.o(.data)
    __tagsym$$used                           0x20000068   Number         0  system_nrf51.o(.data)
    .data                                    0x2000006c   Section        4  stdout.o(.data)
    .bss                                     0x20000070   Section      592  my_timer.o(.bss)
    temp_timer_id_data                       0x20000070   Data          32  my_timer.o(.bss)
    spi_overtime_timer_id_data               0x20000090   Data          32  my_timer.o(.bss)
    APP_TIMER_BUF                            0x200000b0   Data         528  my_timer.o(.bss)
    .bss                                     0x200002c0   Section      510  my_radio.o(.bss)
    .bss                                     0x200004be   Section      510  my_spi.o(.bss)
    .bss                                     0x200006bc   Section     4742  nrf_esb.o(.bss)
    m_config_local                           0x200006bc   Data          24  nrf_esb.o(.bss)
    m_tx_fifo_payload                        0x200006d4   Data        2040  nrf_esb.o(.bss)
    m_tx_fifo                                0x20000ecc   Data          44  nrf_esb.o(.bss)
    m_rx_fifo_payload                        0x20000ef8   Data        2040  nrf_esb.o(.bss)
    m_rx_fifo                                0x200016f0   Data          44  nrf_esb.o(.bss)
    m_tx_payload_buffer                      0x2000171c   Data         252  nrf_esb.o(.bss)
    m_rx_payload_buffer                      0x20001818   Data         252  nrf_esb.o(.bss)
    m_pids                                   0x20001914   Data           9  nrf_esb.o(.bss)
    m_rx_pipe_info                           0x2000191e   Data          36  nrf_esb.o(.bss)
    .bss                                     0x20001944   Section       24  nrf_drv_spis.o(.bss)
    m_cb                                     0x20001944   Data          24  nrf_drv_spis.o(.bss)
    STACK                                    0x20001960   Section     2048  arm_startup_nrf51.o(STACK)

    Global Symbols

    Symbol Name                              Value     Ov Type        Size  Object(Section)

    BuildAttributes$$THM_ISAv3M$S$PE$A:L22$X:L11$S22$IEEE1$IW$USESV6$~STKCKD$USESV7$~SHL$OSPACE$ROPI$EBA8$MICROLIB$REQ8$PRES8$EABIv2 0x00000000   Number         0  anon$$obj.o ABSOLUTE
    __ARM_use_no_argv                        0x00000000   Number         0  main.o ABSOLUTE
    __Vectors                                0x00000000   Data           4  arm_startup_nrf51.o(RESET)
    _printf_a                                0x00000000   Number         0  stubs.o ABSOLUTE
    _printf_c                                0x00000000   Number         0  stubs.o ABSOLUTE
    _printf_charcount                        0x00000000   Number         0  stubs.o ABSOLUTE
    _printf_d                                0x00000000   Number         0  stubs.o ABSOLUTE
    _printf_e                                0x00000000   Number         0  stubs.o ABSOLUTE
    _printf_f                                0x00000000   Number         0  stubs.o ABSOLUTE
    _printf_flags                            0x00000000   Number         0  stubs.o ABSOLUTE
    _printf_fp_dec                           0x00000000   Number         0  stubs.o ABSOLUTE
    _printf_fp_hex                           0x00000000   Number         0  stubs.o ABSOLUTE
    _printf_g                                0x00000000   Number         0  stubs.o ABSOLUTE
    _printf_i                                0x00000000   Number         0  stubs.o ABSOLUTE
    _printf_int_dec                          0x00000000   Number         0  stubs.o ABSOLUTE
    _printf_l                                0x00000000   Number         0  stubs.o ABSOLUTE
    _printf_lc                               0x00000000   Number         0  stubs.o ABSOLUTE
    _printf_ll                               0x00000000   Number         0  stubs.o ABSOLUTE
    _printf_lld                              0x00000000   Number         0  stubs.o ABSOLUTE
    _printf_lli                              0x00000000   Number         0  stubs.o ABSOLUTE
    _printf_llo                              0x00000000   Number         0  stubs.o ABSOLUTE
    _printf_llu                              0x00000000   Number         0  stubs.o ABSOLUTE
    _printf_llx                              0x00000000   Number         0  stubs.o ABSOLUTE
    _printf_longlong_dec                     0x00000000   Number         0  stubs.o ABSOLUTE
    _printf_longlong_hex                     0x00000000   Number         0  stubs.o ABSOLUTE
    _printf_longlong_oct                     0x00000000   Number         0  stubs.o ABSOLUTE
    _printf_ls                               0x00000000   Number         0  stubs.o ABSOLUTE
    _printf_mbtowc                           0x00000000   Number         0  stubs.o ABSOLUTE
    _printf_n                                0x00000000   Number         0  stubs.o ABSOLUTE
    _printf_o                                0x00000000   Number         0  stubs.o ABSOLUTE
    _printf_p                                0x00000000   Number         0  stubs.o ABSOLUTE
    _printf_percent                          0x00000000   Number         0  stubs.o ABSOLUTE
    _printf_pre_padding                      0x00000000   Number         0  stubs.o ABSOLUTE
    _printf_return_value                     0x00000000   Number         0  stubs.o ABSOLUTE
    _printf_s                                0x00000000   Number         0  stubs.o ABSOLUTE
    _printf_sizespec                         0x00000000   Number         0  stubs.o ABSOLUTE
    _printf_str                              0x00000000   Number         0  stubs.o ABSOLUTE
    _printf_truncate_signed                  0x00000000   Number         0  stubs.o ABSOLUTE
    _printf_truncate_unsigned                0x00000000   Number         0  stubs.o ABSOLUTE
    _printf_u                                0x00000000   Number         0  stubs.o ABSOLUTE
    _printf_wc                               0x00000000   Number         0  stubs.o ABSOLUTE
    _printf_wctomb                           0x00000000   Number         0  stubs.o ABSOLUTE
    _printf_widthprec                        0x00000000   Number         0  stubs.o ABSOLUTE
    _printf_x                                0x00000000   Number         0  stubs.o ABSOLUTE
    __cpp_initialize__aeabi_                  - Undefined Weak Reference
    __cxa_finalize                            - Undefined Weak Reference
    __decompress                              - Undefined Weak Reference
    _clock_init                               - Undefined Weak Reference
    _microlib_exit                            - Undefined Weak Reference
    __Vectors_End                            0x000000c0   Data           0  arm_startup_nrf51.o(RESET)
    __Vectors_Size                           0x000000c0   Number         0  arm_startup_nrf51.o ABSOLUTE
    __main                                   0x000000c1   Thumb Code     0  entry.o(.ARM.Collect$$$$00000000)
    _main_stk                                0x000000c1   Thumb Code     0  entry2.o(.ARM.Collect$$$$00000001)
    _main_scatterload                        0x000000c5   Thumb Code     0  entry5.o(.ARM.Collect$$$$00000004)
    __main_after_scatterload                 0x000000c9   Thumb Code     0  entry5.o(.ARM.Collect$$$$00000004)
    _main_clock                              0x000000c9   Thumb Code     0  entry7b.o(.ARM.Collect$$$$00000008)
    _main_cpp_init                           0x000000c9   Thumb Code     0  entry8b.o(.ARM.Collect$$$$0000000A)
    _main_init                               0x000000c9   Thumb Code     0  entry9a.o(.ARM.Collect$$$$0000000B)
    __rt_final_cpp                           0x000000d1   Thumb Code     0  entry10a.o(.ARM.Collect$$$$0000000D)
    __rt_final_exit                          0x000000d1   Thumb Code     0  entry11a.o(.ARM.Collect$$$$0000000F)
    __asm___10_my_radio_c_93995809__nrf_delay_us 0x000000d5   Thumb Code    30  my_radio.o(.emb_text)
    __asm___11_app_timer_c_cd27f9c3__nrf_delay_us 0x000000f5   Thumb Code    30  app_timer.o(.emb_text)
    Reset_Handler                            0x00000115   Thumb Code    26  arm_startup_nrf51.o(.text)
    NMI_Handler                              0x0000012f   Thumb Code     2  arm_startup_nrf51.o(.text)
    HardFault_Handler                        0x00000131   Thumb Code     2  arm_startup_nrf51.o(.text)
    SVC_Handler                              0x00000133   Thumb Code     2  arm_startup_nrf51.o(.text)
    PendSV_Handler                           0x00000135   Thumb Code     2  arm_startup_nrf51.o(.text)
    SysTick_Handler                          0x00000137   Thumb Code     2  arm_startup_nrf51.o(.text)
    ADC_IRQHandler                           0x00000139   Thumb Code     0  arm_startup_nrf51.o(.text)
    CCM_AAR_IRQHandler                       0x00000139   Thumb Code     0  arm_startup_nrf51.o(.text)
    ECB_IRQHandler                           0x00000139   Thumb Code     0  arm_startup_nrf51.o(.text)
    GPIOTE_IRQHandler                        0x00000139   Thumb Code     0  arm_startup_nrf51.o(.text)
    LPCOMP_IRQHandler                        0x00000139   Thumb Code     0  arm_startup_nrf51.o(.text)
    POWER_CLOCK_IRQHandler                   0x00000139   Thumb Code     0  arm_startup_nrf51.o(.text)
    QDEC_IRQHandler                          0x00000139   Thumb Code     0  arm_startup_nrf51.o(.text)
    RNG_IRQHandler                           0x00000139   Thumb Code     0  arm_startup_nrf51.o(.text)
    RTC0_IRQHandler                          0x00000139   Thumb Code     0  arm_startup_nrf51.o(.text)
    SPI0_TWI0_IRQHandler                     0x00000139   Thumb Code     0  arm_startup_nrf51.o(.text)
    SWI2_IRQHandler                          0x00000139   Thumb Code     0  arm_startup_nrf51.o(.text)
    SWI3_IRQHandler                          0x00000139   Thumb Code     0  arm_startup_nrf51.o(.text)
    SWI4_IRQHandler                          0x00000139   Thumb Code     0  arm_startup_nrf51.o(.text)
    SWI5_IRQHandler                          0x00000139   Thumb Code     0  arm_startup_nrf51.o(.text)
    TEMP_IRQHandler                          0x00000139   Thumb Code     0  arm_startup_nrf51.o(.text)
    TIMER0_IRQHandler                        0x00000139   Thumb Code     0  arm_startup_nrf51.o(.text)
    TIMER1_IRQHandler                        0x00000139   Thumb Code     0  arm_startup_nrf51.o(.text)
    TIMER2_IRQHandler                        0x00000139   Thumb Code     0  arm_startup_nrf51.o(.text)
    UART0_IRQHandler                         0x00000139   Thumb Code     0  arm_startup_nrf51.o(.text)
    WDT_IRQHandler                           0x00000139   Thumb Code     0  arm_startup_nrf51.o(.text)
    __aeabi_memcpy                           0x0000014d   Thumb Code    36  memcpya.o(.text)
    __aeabi_memcpy4                          0x0000014d   Thumb Code     0  memcpya.o(.text)
    __aeabi_memcpy8                          0x0000014d   Thumb Code     0  memcpya.o(.text)
    __aeabi_memset                           0x00000171   Thumb Code    14  memseta.o(.text)
    __aeabi_memset4                          0x00000171   Thumb Code     0  memseta.o(.text)
    __aeabi_memset8                          0x00000171   Thumb Code     0  memseta.o(.text)
    __aeabi_memclr                           0x0000017f   Thumb Code     4  memseta.o(.text)
    __aeabi_memclr4                          0x0000017f   Thumb Code     0  memseta.o(.text)
    __aeabi_memclr8                          0x0000017f   Thumb Code     0  memseta.o(.text)
    _memset$wrapper                          0x00000183   Thumb Code    18  memseta.o(.text)
    __aeabi_uldivmod                         0x00000195   Thumb Code    96  uldiv.o(.text)
    __scatterload                            0x000001f5   Thumb Code    28  init.o(.text)
    __scatterload_rt2                        0x000001f5   Thumb Code     0  init.o(.text)
    __aeabi_llsl                             0x00000219   Thumb Code    32  llshl.o(.text)
    _ll_shift_l                              0x00000219   Thumb Code     0  llshl.o(.text)
    __aeabi_llsr                             0x00000239   Thumb Code    34  llushr.o(.text)
    _ll_ushift_r                             0x00000239   Thumb Code     0  llushr.o(.text)
    RADIO_IRQHandler                         0x00000451   Thumb Code   110  nrf_esb.o(i.RADIO_IRQHandler)
    RTC1_IRQHandler                          0x000004d1   Thumb Code    34  app_timer.o(i.RTC1_IRQHandler)
    SPI1_TWI1_IRQHandler                     0x000004f9   Thumb Code    12  nrf_drv_spis.o(i.SPI1_TWI1_IRQHandler)
    SWI0_IRQHandler                          0x0000050d   Thumb Code   102  nrf_esb.o(i.SWI0_IRQHandler)
    SWI1_IRQHandler                          0x0000057d   Thumb Code     8  app_timer.o(i.SWI1_IRQHandler)
    SystemInit                               0x00000585   Thumb Code    76  system_nrf51.o(i.SystemInit)
    XOR_Cal                                  0x000005e9   Thumb Code    26  my_misc_fun.o(i.XOR_Cal)
    __0printf$8                              0x00000605   Thumb Code    24  printf8.o(i.__0printf$8)
    __1printf$8                              0x00000605   Thumb Code     0  printf8.o(i.__0printf$8)
    __2printf                                0x00000605   Thumb Code     0  printf8.o(i.__0printf$8)
    __scatterload_copy                       0x00000625   Thumb Code    14  handlers.o(i.__scatterload_copy)
    __scatterload_null                       0x00000633   Thumb Code     2  handlers.o(i.__scatterload_null)
    __scatterload_zeroinit                   0x00000635   Thumb Code    14  handlers.o(i.__scatterload_zeroinit)
    app_error_fault_handler                  0x00000ac9   Thumb Code    48  app_error_weak.o(i.app_error_fault_handler)
    app_error_handler_bare                   0x00000b01   Thumb Code    26  app_error.o(i.app_error_handler_bare)
    app_timer_create                         0x00000b21   Thumb Code    64  app_timer.o(i.app_timer_create)
    app_timer_init                           0x00000b65   Thumb Code   156  app_timer.o(i.app_timer_init)
    app_timer_start                          0x00000c1d   Thumb Code    86  app_timer.o(i.app_timer_start)
    clocks_start                             0x00000d25   Thumb Code    62  my_misc_fun.o(i.clocks_start)
    debug_uart_init                          0x00000e55   Thumb Code    20  my_uart.o(i.debug_uart_init)
    fputc                                    0x00000f29   Thumb Code    16  my_uart.o(i.fputc)
    main                                     0x0000121d   Thumb Code   144  main.o(i.main)
    my_rx_esb_init                           0x000012b1   Thumb Code   148  my_radio.o(i.my_rx_esb_init)
    my_spi_slave_init                        0x00001359   Thumb Code   140  my_spi.o(i.my_spi_slave_init)
    nrf_drv_common_irq_enable                0x000013f9   Thumb Code    48  nrf_drv_common.o(i.nrf_drv_common_irq_enable)
    nrf_drv_spis_buffers_set                 0x00001449   Thumb Code   144  nrf_drv_spis.o(i.nrf_drv_spis_buffers_set)
    nrf_drv_spis_init                        0x000014dd   Thumb Code   446  nrf_drv_spis.o(i.nrf_drv_spis_init)
    nrf_esb_disable                          0x000016a9   Thumb Code    52  nrf_esb.o(i.nrf_esb_disable)
    nrf_esb_event_handler                    0x000016f1   Thumb Code    36  my_radio.o(i.nrf_esb_event_handler)
    nrf_esb_get_clear_interrupts             0x00001715   Thumb Code    60  nrf_esb.o(i.nrf_esb_get_clear_interrupts)
    nrf_esb_init                             0x00001759   Thumb Code   142  nrf_esb.o(i.nrf_esb_init)
    nrf_esb_read_rx_payload                  0x00001805   Thumb Code   158  nrf_esb.o(i.nrf_esb_read_rx_payload)
    nrf_esb_set_base_address_0               0x000018ad   Thumb Code    52  nrf_esb.o(i.nrf_esb_set_base_address_0)
    nrf_esb_set_prefixes                     0x000018e9   Thumb Code    86  nrf_esb.o(i.nrf_esb_set_prefixes)
    nrf_esb_set_rf_channel                   0x00001949   Thumb Code    38  nrf_esb.o(i.nrf_esb_set_rf_channel)
    nrf_esb_start_rx                         0x00001979   Thumb Code   108  nrf_esb.o(i.nrf_esb_start_rx)
    nrf_rx_data_handler                      0x00001ac1   Thumb Code   224  my_radio.o(i.nrf_rx_data_handler)
    simple_uart_config                       0x00002035   Thumb Code    90  simple_uart.o(i.simple_uart_config)
    simple_uart_put                          0x000020a1   Thumb Code    22  simple_uart.o(i.simple_uart_put)
    spi_data_handler                         0x000020c1   Thumb Code    24  my_spi.o(i.spi_data_handler)
    spi_gpio_init                            0x000020e1   Thumb Code    62  my_spi.o(i.spi_gpio_init)
    spi_overtime_timer_handler               0x00002125   Thumb Code    18  my_timer.o(i.spi_overtime_timer_handler)
    spis_event_handler                       0x00002169   Thumb Code    96  my_spi.o(i.spis_event_handler)
    temp_timeout_start                       0x00002345   Thumb Code    40  my_timer.o(i.temp_timeout_start)
    temp_timer_handler                       0x00002371   Thumb Code    14  my_timer.o(i.temp_timer_handler)
    timers_init                              0x00002605   Thumb Code   106  my_timer.o(i.timers_init)
    Region$$Table$$Base                      0x000028f4   Number         0  anon$$obj.o(Region$$Table)
    Region$$Table$$Limit                     0x00002914   Number         0  anon$$obj.o(Region$$Table)
    tx_data_len                              0x20000001   Data           1  my_spi.o(.data)
    flag_m_tx_buf_not_empty                  0x20000002   Data           1  my_spi.o(.data)
    rf_int_status                            0x20000003   Data           1  my_spi.o(.data)
    spi_status                               0x20000004   Data           1  my_spi.o(.data)
    spi_busy_status                          0x20000005   Data           1  my_spi.o(.data)
    SystemCoreClock                          0x20000068   Data           4  system_nrf51.o(.data)
    __stdout                                 0x2000006c   Data           4  stdout.o(.data)
    tx_payload                               0x200002c0   Data         255  my_radio.o(.bss)
    rx_payload                               0x200003bf   Data         255  my_radio.o(.bss)
    m_tx_buf                                 0x200004be   Data         255  my_spi.o(.bss)
    m_rx_buf                                 0x200005bd   Data         255  my_spi.o(.bss)
    __initial_sp                             0x20002160   Data           0  arm_startup_nrf51.o(STACK)



==============================================================================

Memory Map of the image

  Image Entry point : 0x000000c1

  Load Region LR_IROM1 (Base: 0x00000000, Size: 0x00002984, Max: 0x00040000, ABSOLUTE)

    Execution Region ER_IROM1 (Base: 0x00000000, Size: 0x00002914, Max: 0x00040000, ABSOLUTE)

    Base Addr    Size         Type   Attr      Idx    E Section Name        Object

    0x00000000   0x000000c0   Data   RO         1409    RESET               arm_startup_nrf51.o
    0x000000c0   0x00000000   Code   RO         1414  * .ARM.Collect$$$$00000000  mc_p.l(entry.o)
    0x000000c0   0x00000004   Code   RO         1684    .ARM.Collect$$$$00000001  mc_p.l(entry2.o)
    0x000000c4   0x00000004   Code   RO         1687    .ARM.Collect$$$$00000004  mc_p.l(entry5.o)
    0x000000c8   0x00000000   Code   RO         1689    .ARM.Collect$$$$00000008  mc_p.l(entry7b.o)
    0x000000c8   0x00000000   Code   RO         1691    .ARM.Collect$$$$0000000A  mc_p.l(entry8b.o)
    0x000000c8   0x00000008   Code   RO         1692    .ARM.Collect$$$$0000000B  mc_p.l(entry9a.o)
    0x000000d0   0x00000000   Code   RO         1694    .ARM.Collect$$$$0000000D  mc_p.l(entry10a.o)
    0x000000d0   0x00000000   Code   RO         1696    .ARM.Collect$$$$0000000F  mc_p.l(entry11a.o)
    0x000000d0   0x00000004   Code   RO         1685    .ARM.Collect$$$$00002712  mc_p.l(entry2.o)
    0x000000d4   0x0000001e   Code   RO          312    .emb_text           my_radio.o
    0x000000f2   0x00000002   PAD
    0x000000f4   0x0000001e   Code   RO          905    .emb_text           app_timer.o
    0x00000112   0x00000002   PAD
    0x00000114   0x00000038   Code   RO         1410    .text               arm_startup_nrf51.o
    0x0000014c   0x00000024   Code   RO         1417    .text               mc_p.l(memcpya.o)
    0x00000170   0x00000024   Code   RO         1419    .text               mc_p.l(memseta.o)
    0x00000194   0x00000060   Code   RO         1701    .text               mc_p.l(uldiv.o)
    0x000001f4   0x00000024   Code   RO         1714    .text               mc_p.l(init.o)
    0x00000218   0x00000020   Code   RO         1716    .text               mc_p.l(llshl.o)
    0x00000238   0x00000022   Code   RO         1718    .text               mc_p.l(llushr.o)
    0x0000025a   0x00000002   PAD
    0x0000025c   0x00000014   Code   RO          589    i.NVIC_ClearPendingIRQ  nrf_esb.o
    0x00000270   0x00000014   Code   RO          906    i.NVIC_ClearPendingIRQ  app_timer.o
    0x00000284   0x00000014   Code   RO          590    i.NVIC_DisableIRQ   nrf_esb.o
    0x00000298   0x00000014   Code   RO          591    i.NVIC_EnableIRQ    nrf_esb.o
    0x000002ac   0x00000014   Code   RO          907    i.NVIC_EnableIRQ    app_timer.o
    0x000002c0   0x00000014   Code   RO          592    i.NVIC_SetPendingIRQ  nrf_esb.o
    0x000002d4   0x00000014   Code   RO          908    i.NVIC_SetPendingIRQ  app_timer.o
    0x000002e8   0x00000078   Code   RO          593    i.NVIC_SetPriority  nrf_esb.o
    0x00000360   0x00000078   Code   RO          909    i.NVIC_SetPriority  app_timer.o
    0x000003d8   0x00000078   Code   RO         1325    i.NVIC_SetPriority  nrf_drv_common.o
    0x00000450   0x00000080   Code   RO          594    i.RADIO_IRQHandler  nrf_esb.o
    0x000004d0   0x00000028   Code   RO          910    i.RTC1_IRQHandler   app_timer.o
    0x000004f8   0x00000014   Code   RO         1219    i.SPI1_TWI1_IRQHandler  nrf_drv_spis.o
    0x0000050c   0x00000070   Code   RO          595    i.SWI0_IRQHandler   nrf_esb.o
    0x0000057c   0x00000008   Code   RO          911    i.SWI1_IRQHandler   app_timer.o
    0x00000584   0x00000064   Code   RO         1357    i.SystemInit        system_nrf51.o
    0x000005e8   0x0000001a   Code   RO          196    i.XOR_Cal           my_misc_fun.o
    0x00000602   0x00000002   PAD
    0x00000604   0x00000020   Code   RO         1630    i.__0printf$8       mc_p.l(printf8.o)
    0x00000624   0x0000000e   Code   RO         1728    i.__scatterload_copy  mc_p.l(handlers.o)
    0x00000632   0x00000002   Code   RO         1729    i.__scatterload_null  mc_p.l(handlers.o)
    0x00000634   0x0000000e   Code   RO         1730    i.__scatterload_zeroinit  mc_p.l(handlers.o)
    0x00000642   0x00000002   PAD
    0x00000644   0x00000428   Code   RO         1637    i._printf_core      mc_p.l(printf8.o)
    0x00000a6c   0x00000020   Code   RO         1638    i._printf_post_padding  mc_p.l(printf8.o)
    0x00000a8c   0x0000002c   Code   RO         1639    i._printf_pre_padding  mc_p.l(printf8.o)
    0x00000ab8   0x0000000e   Code   RO          596    i.addr_conv         nrf_esb.o
    0x00000ac6   0x00000002   PAD
    0x00000ac8   0x00000038   Code   RO         1196    i.app_error_fault_handler  app_error_weak.o
    0x00000b00   0x00000020   Code   RO         1147    i.app_error_handler_bare  app_error.o
    0x00000b20   0x00000044   Code   RO          914    i.app_timer_create  app_timer.o
    0x00000b64   0x000000b8   Code   RO          915    i.app_timer_init    app_timer.o
    0x00000c1c   0x0000005c   Code   RO          916    i.app_timer_start   app_timer.o
    0x00000c78   0x00000048   Code   RO          597    i.bytewise_bit_swap  nrf_esb.o
    0x00000cc0   0x00000064   Code   RO          598    i.clear_events_restart_rx  nrf_esb.o
    0x00000d24   0x00000048   Code   RO          197    i.clocks_start      my_misc_fun.o
    0x00000d6c   0x0000008c   Code   RO          919    i.compare_reg_update  app_timer.o
    0x00000df8   0x0000005c   Code   RO          920    i.current_int_priority_get  app_timer.o
    0x00000e54   0x00000014   Code   RO          159    i.debug_uart_init   my_uart.o
    0x00000e68   0x00000064   Code   RO          921    i.elapsed_ticks_acquire  app_timer.o
    0x00000ecc   0x0000005c   Code   RO          922    i.expired_timers_handler  app_timer.o
    0x00000f28   0x00000010   Code   RO          161    i.fputc             my_uart.o
    0x00000f38   0x00000048   Code   RO          599    i.initialize_fifos  nrf_esb.o
    0x00000f80   0x00000038   Code   RO         1358    i.is_disabled_in_debug_needed  system_nrf51.o
    0x00000fb8   0x0000006c   Code   RO         1359    i.is_manual_peripheral_setup_needed  system_nrf51.o
    0x00001024   0x00000054   Code   RO         1360    i.is_peripheral_domain_setup_needed  system_nrf51.o
    0x00001078   0x00000094   Code   RO          923    i.list_deletions_handler  app_timer.o
    0x0000110c   0x00000110   Code   RO          924    i.list_insertions_handler  app_timer.o
    0x0000121c   0x00000094   Code   RO            4    i.main              main.o
    0x000012b0   0x000000a8   Code   RO          313    i.my_rx_esb_init    my_radio.o
    0x00001358   0x000000a0   Code   RO          374    i.my_spi_slave_init  my_spi.o
    0x000013f8   0x00000038   Code   RO         1326    i.nrf_drv_common_irq_enable  nrf_drv_common.o
    0x00001430   0x00000016   Code   RO         1220    i.nrf_drv_is_in_RAM  nrf_drv_spis.o
    0x00001446   0x00000002   PAD
    0x00001448   0x00000094   Code   RO         1221    i.nrf_drv_spis_buffers_set  nrf_drv_spis.o
    0x000014dc   0x000001cc   Code   RO         1222    i.nrf_drv_spis_init  nrf_drv_spis.o
    0x000016a8   0x00000048   Code   RO          600    i.nrf_esb_disable   nrf_esb.o
    0x000016f0   0x00000024   Code   RO          315    i.nrf_esb_event_handler  my_radio.o
    0x00001714   0x00000044   Code   RO          604    i.nrf_esb_get_clear_interrupts  nrf_esb.o
    0x00001758   0x000000ac   Code   RO          606    i.nrf_esb_init      nrf_esb.o
    0x00001804   0x000000a8   Code   RO          609    i.nrf_esb_read_rx_payload  nrf_esb.o
    0x000018ac   0x0000003c   Code   RO          611    i.nrf_esb_set_base_address_0  nrf_esb.o
    0x000018e8   0x00000060   Code   RO          613    i.nrf_esb_set_prefixes  nrf_esb.o
    0x00001948   0x00000030   Code   RO          614    i.nrf_esb_set_rf_channel  nrf_esb.o
    0x00001978   0x00000094   Code   RO          616    i.nrf_esb_start_rx  nrf_esb.o
    0x00001a0c   0x00000026   Code   RO          375    i.nrf_gpio_cfg      my_spi.o
    0x00001a32   0x00000026   Code   RO          497    i.nrf_gpio_cfg      simple_uart.o
    0x00001a58   0x00000026   Code   RO         1224    i.nrf_gpio_cfg      nrf_drv_spis.o
    0x00001a7e   0x0000001a   Code   RO          498    i.nrf_gpio_cfg_input  simple_uart.o
    0x00001a98   0x00000018   Code   RO          499    i.nrf_gpio_cfg_output  simple_uart.o
    0x00001ab0   0x00000010   Code   RO          316    i.nrf_gpio_pin_set  my_radio.o
    0x00001ac0   0x0000010c   Code   RO          317    i.nrf_rx_data_handler  my_radio.o
    0x00001bcc   0x00000010   Code   RO         1225    i.nrf_spis_event_check  nrf_drv_spis.o
    0x00001bdc   0x00000006   Code   RO         1226    i.nrf_spis_event_clear  nrf_drv_spis.o
    0x00001be2   0x00000012   Code   RO         1227    i.nrf_spis_rx_buffer_set  nrf_drv_spis.o
    0x00001bf4   0x00000006   Code   RO         1228    i.nrf_spis_task_trigger  nrf_drv_spis.o
    0x00001bfa   0x00000012   Code   RO         1229    i.nrf_spis_tx_buffer_set  nrf_drv_spis.o
    0x00001c0c   0x000001c8   Code   RO          622    i.on_radio_disabled_rx  nrf_esb.o
    0x00001dd4   0x00000048   Code   RO          623    i.on_radio_disabled_rx_ack  nrf_esb.o
    0x00001e1c   0x00000064   Code   RO          627    i.ppi_init          nrf_esb.o
    0x00001e80   0x0000001c   Code   RO          628    i.reset_fifos       nrf_esb.o
    0x00001e9c   0x0000000c   Code   RO          925    i.rtc1_compare0_set  app_timer.o
    0x00001ea8   0x0000000c   Code   RO          926    i.rtc1_counter_get  app_timer.o
    0x00001eb4   0x00000018   Code   RO          927    i.rtc1_init         app_timer.o
    0x00001ecc   0x0000003c   Code   RO          928    i.rtc1_start        app_timer.o
    0x00001f08   0x00000058   Code   RO          929    i.rtc1_stop         app_timer.o
    0x00001f60   0x000000d4   Code   RO          629    i.rx_fifo_push_rfbuf  nrf_esb.o
    0x00002034   0x0000006c   Code   RO          500    i.simple_uart_config  simple_uart.o
    0x000020a0   0x00000020   Code   RO          503    i.simple_uart_put   simple_uart.o
    0x000020c0   0x00000020   Code   RO          376    i.spi_data_handler  my_spi.o
    0x000020e0   0x00000044   Code   RO          377    i.spi_gpio_init     my_spi.o
    0x00002124   0x00000044   Code   RO          250    i.spi_overtime_timer_handler  my_timer.o
    0x00002168   0x00000080   Code   RO          378    i.spis_event_handler  my_spi.o
    0x000021e8   0x00000084   Code   RO         1230    i.spis_irq_handler  nrf_drv_spis.o
    0x0000226c   0x00000014   Code   RO         1231    i.spis_state_change  nrf_drv_spis.o
    0x00002280   0x000000a2   Code   RO         1232    i.spis_state_entry_action_execute  nrf_drv_spis.o
    0x00002322   0x00000002   PAD
    0x00002324   0x00000020   Code   RO          631    i.sys_timer_init    nrf_esb.o
    0x00002344   0x0000002c   Code   RO          253    i.temp_timeout_start  my_timer.o
    0x00002370   0x00000014   Code   RO          255    i.temp_timer_handler  my_timer.o
    0x00002384   0x0000000a   Code   RO          930    i.ticks_diff_get    app_timer.o
    0x0000238e   0x00000002   PAD
    0x00002390   0x0000003c   Code   RO          931    i.timeout_handler_exec  app_timer.o
    0x000023cc   0x00000058   Code   RO          932    i.timer_list_handler  app_timer.o
    0x00002424   0x0000000a   Code   RO          933    i.timer_list_handler_sched  app_timer.o
    0x0000242e   0x00000002   PAD
    0x00002430   0x0000006c   Code   RO          934    i.timer_list_insert  app_timer.o
    0x0000249c   0x00000070   Code   RO          935    i.timer_list_remove  app_timer.o
    0x0000250c   0x00000058   Code   RO          936    i.timer_start_op_schedule  app_timer.o
    0x00002564   0x00000094   Code   RO          939    i.timer_timeouts_check  app_timer.o
    0x000025f8   0x0000000a   Code   RO          940    i.timer_timeouts_check_sched  app_timer.o
    0x00002602   0x00000002   PAD
    0x00002604   0x00000080   Code   RO          256    i.timers_init       my_timer.o
    0x00002684   0x00000054   Code   RO          633    i.update_radio_addresses  nrf_esb.o
    0x000026d8   0x00000050   Code   RO          634    i.update_radio_bitrate  nrf_esb.o
    0x00002728   0x00000040   Code   RO          635    i.update_radio_crc  nrf_esb.o
    0x00002768   0x00000028   Code   RO          636    i.update_radio_parameters  nrf_esb.o
    0x00002790   0x00000034   Code   RO          637    i.update_radio_protocol  nrf_esb.o
    0x000027c4   0x00000014   Code   RO          638    i.update_radio_tx_power  nrf_esb.o
    0x000027d8   0x0000002c   Code   RO          639    i.update_rf_payload_format_esb  nrf_esb.o
    0x00002804   0x0000002c   Code   RO          640    i.update_rf_payload_format_esb_dpl  nrf_esb.o
    0x00002830   0x00000022   Code   RO          941    i.user_id_get       app_timer.o
    0x00002852   0x0000002e   Code   RO          942    i.user_op_alloc     app_timer.o
    0x00002880   0x00000004   Code   RO          943    i.user_op_enque     app_timer.o
    0x00002884   0x00000008   Data   RO          258    .constdata          my_timer.o
    0x0000288c   0x00000030   Data   RO          319    .constdata          my_radio.o
    0x000028bc   0x00000020   Data   RO          380    .constdata          my_spi.o
    0x000028dc   0x00000018   Data   RO         1234    .constdata          nrf_drv_spis.o
    0x000028f4   0x00000020   Data   RO         1726    Region$$Table       anon$$obj.o


    Execution Region RW_IRAM1 (Base: 0x20000000, Size: 0x00002160, Max: 0x00004000, ABSOLUTE)

    Base Addr    Size         Type   Attr      Idx    E Section Name        Object

    0x20000000   0x00000001   Data   RW          320    .data               my_radio.o
    0x20000001   0x00000006   Data   RW          381    .data               my_spi.o
    0x20000007   0x00000001   PAD
    0x20000008   0x0000003c   Data   RW          642    .data               nrf_esb.o
    0x20000044   0x00000022   Data   RW          944    .data               app_timer.o
    0x20000066   0x00000002   PAD
    0x20000068   0x00000004   Data   RW         1361    .data               system_nrf51.o
    0x2000006c   0x00000004   Data   RW         1698    .data               mc_p.l(stdout.o)
    0x20000070   0x00000250   Zero   RW          257    .bss                my_timer.o
    0x200002c0   0x000001fe   Zero   RW          318    .bss                my_radio.o
    0x200004be   0x000001fe   Zero   RW          379    .bss                my_spi.o
    0x200006bc   0x00001286   Zero   RW          641    .bss                nrf_esb.o
    0x20001942   0x00000002   PAD
    0x20001944   0x00000018   Zero   RW         1233    .bss                nrf_drv_spis.o
    0x2000195c   0x00000004   PAD
    0x20001960   0x00000800   Zero   RW         1407    STACK               arm_startup_nrf51.o


==============================================================================

Image component sizes


      Code (inc. data)   RO Data    RW Data    ZI Data      Debug   Object Name

        32          6          0          0          0       2133   app_error.o
        56          8          0          0          0       7206   app_error_weak.o
      2360        272          0         34          0      37502   app_timer.o
        56         18        192          0       2048        688   arm_startup_nrf51.o
       148          4          0          0          0      32063   main.o
        98         10          0          0          0       1445   my_misc_fun.o
       518         70         48          1        510       6307   my_radio.o
       426         66         32          6        510      10345   my_spi.o
       260         82          8          0        592       3305   my_timer.o
        36          0          0          0          0       2266   my_uart.o
       176         18          0          0          0       7872   nrf_drv_common.o
      1066         26         24          0         24      20966   nrf_drv_spis.o
      2858        512          0         60       4742      28759   nrf_esb.o
       228         28          0          0          0       5987   simple_uart.o
       348         38          0          4          0       2559   system_nrf51.o

    ----------------------------------------------------------------------
      8684       1158        336        108       8432     169403   Object Totals
         0          0         32          0          0          0   (incl. Generated)
        18          0          0          3          6          0   (incl. Padding)

    ----------------------------------------------------------------------

      Code (inc. data)   RO Data    RW Data    ZI Data      Debug   Library Member Name

         0          0          0          0          0          0   entry.o
         0          0          0          0          0          0   entry10a.o
         0          0          0          0          0          0   entry11a.o
         8          4          0          0          0          0   entry2.o
         4          0          0          0          0          0   entry5.o
         0          0          0          0          0          0   entry7b.o
         0          0          0          0          0          0   entry8b.o
         8          4          0          0          0          0   entry9a.o
        30          0          0          0          0          0   handlers.o
        36          8          0          0          0         68   init.o
        32          0          0          0          0         68   llshl.o
        34          0          0          0          0         68   llushr.o
        36          0          0          0          0         60   memcpya.o
        36          0          0          0          0        100   memseta.o
      1172         52          0          0          0        324   printf8.o
         0          0          0          4          0          0   stdout.o
        96          0          0          0          0         84   uldiv.o

    ----------------------------------------------------------------------
      1496         68          0          4          0        772   Library Totals
         4          0          0          0          0          0   (incl. Padding)

    ----------------------------------------------------------------------

      Code (inc. data)   RO Data    RW Data    ZI Data      Debug   Library Name

      1492         68          0          4          0        772   mc_p.l

    ----------------------------------------------------------------------
      1496         68          0          4          0        772   Library Totals

    ----------------------------------------------------------------------

==============================================================================


      Code (inc. data)   RO Data    RW Data    ZI Data      Debug   

     10180       1226        336        112       8432     165207   Grand Totals
     10180       1226        336        112       8432     165207   ELF Image Totals
     10180       1226        336        112          0          0   ROM Totals

==============================================================================

    Total RO  Size (Code + RO Data)                10516 (  10.27kB)
    Total RW  Size (RW Data + ZI Data)              8544 (   8.34kB)
    Total ROM Size (Code + RO Data + RW Data)      10628 (  10.38kB)

==============================================================================

