Component: ARM Compiler 5.06 update 1 (build 61) Tool: armlink [4d35a8]

==============================================================================

Section Cross References

    system_stm32f10x.o(.text) refers to stm32f10x_rcc.o(.text) for RCC_DeInit
    system_stm32f10x.o(.text) refers to variable.o(.data) for gbf_hse_setup_fail
    system_stm32f10x.o(.text) refers to system_stm32f10x.o(.data) for SystemCoreClock
    startup_stm32f10x_md.o(RESET) refers to startup_stm32f10x_md.o(STACK) for __initial_sp
    startup_stm32f10x_md.o(RESET) refers to startup_stm32f10x_md.o(.text) for Reset_Handler
    startup_stm32f10x_md.o(RESET) refers to stm32f10x_it.o(.text) for NMI_Handler
    startup_stm32f10x_md.o(.text) refers to system_stm32f10x.o(.text) for SystemInit
    startup_stm32f10x_md.o(.text) refers to entry.o(.ARM.Collect$$$$00000000) for __main
    stm32f10x_gpio.o(.text) refers to stm32f10x_rcc.o(.text) for RCC_APB2PeriphResetCmd
    stm32f10x_rcc.o(.text) refers to stm32f10x_rcc.o(.data) for APBAHBPrescTable
    stm32f10x_spi.o(.text) refers to stm32f10x_rcc.o(.text) for RCC_APB2PeriphResetCmd
    stm32f10x_tim.o(.text) refers to stm32f10x_rcc.o(.text) for RCC_APB2PeriphResetCmd
    stm32f10x_usart.o(.text) refers to stm32f10x_rcc.o(.text) for RCC_APB2PeriphResetCmd
    m24sr_cmd.o(.text) refers to memcpya.o(.text) for __aeabi_memcpy
    m24sr_cmd.o(.text) refers to m24sr_cmd.o(.bss) for Command
    m24sr_cmd.o(.text) refers to m24sr_cmd.o(.data) for BlockNumber
    mfrc500.o(.text) refers to memseta.o(.text) for __aeabi_memclr
    mfrc500.o(.text) refers to mfrc500_ios14443.o(.text) for PcdRATS
    mfrc500.o(.text) refers to memcpya.o(.text) for __aeabi_memcpy
    mfrc500.o(.text) refers to app_card_process.o(.bss) for respon
    nrf.o(.text) refers to stm32f10x_rcc.o(.text) for RCC_APB2PeriphClockCmd
    nrf.o(.text) refers to stm32f10x_gpio.o(.text) for GPIO_Init
    nrf.o(.text) refers to stm32f10x_spi.o(.text) for SPI_Init
    nrf.o(.text) refers to stm32f10x_exti.o(.text) for EXTI_Init
    nrf.o(.text) refers to misc.o(.text) for NVIC_PriorityGroupConfig
    nrf.o(.text) refers to stm32f10x_tim.o(.text) for TIM_TimeBaseInit
    nrf.o(.text) refers to memcpya.o(.text) for __aeabi_memcpy
    nrf.o(.text) refers to baord.o(.text) for XOR_Cal
    nrf.o(.text) refers to app_spi_send_data_process.o(.text) for spi_send_data_write_tx_payload
    nrf.o(.text) refers to whitelist.o(.text) for search_uid_in_white_list
    nrf.o(.text) refers to whitelist.o(.bss) for revicer
    nrf.o(.text) refers to init.o(.bss) for nrf_data
    eeprom.o(.text) refers to stm32f10x_flash.o(.text) for FLASH_ErasePage
    eeprom.o(.text) refers to eeprom.o(.data) for DataVar
    gpio.o(.text) refers to stm32f10x_rcc.o(.text) for RCC_APB2PeriphClockCmd
    gpio.o(.text) refers to stm32f10x_gpio.o(.text) for GPIO_Init
    gpio.o(.text) refers to gpio.o(.constdata) for GPIO_CLK
    gpio.o(.text) refers to gpio.o(.data) for GPIO_PORT
    baord.o(.text) refers to stm32f10x_usart.o(.text) for USART_SendData
    mfrc500_hw.o(.text) refers to stm32f10x_gpio.o(.text) for GPIO_PinRemapConfig
    mfrc500_hw.o(.text) refers to stm32f10x_rcc.o(.text) for RCC_APB2PeriphClockCmd
    mfrc500_hw.o(.text) refers to app_timer.o(.text) for Delay10us
    mfrc500_hw.o(.text) refers to printf8.o(i.__0printf$8) for __2printf
    mfrc500_hw.o(.text) refers to memcpya.o(.text) for __aeabi_memcpy
    mfrc500_ios14443.o(.text) refers to mfrc500_hw.o(.text) for PcdSetTmo
    mfrc500_ios14443.o(.text) refers to m24sr_cmd.o(.text) for M24SR_ComputeCrc
    mfrc500_ios14443.o(.text) refers to memcpya.o(.text) for __aeabi_memcpy
    mfrc500_ios14443.o(.text) refers to m24sr_cmd.o(.bss) for uM24SRbuffer
    main.o(.text) refers to init.o(.text) for Platform_Init
    main.o(.text) refers to app_handle_layer.o(.text) for app_handle_layer
    app_handle_layer.o(.text) refers to app_send_data_process.o(.text) for App_clickers_send_data_process
    app_handle_layer.o(.text) refers to app_serial_cmd_process.o(.text) for App_seirial_cmd_process
    app_handle_layer.o(.text) refers to app_card_process.o(.text) for App_card_process
    app_handle_layer.o(.text) refers to app_show_message_process.o(.text) for message_show_process
    app_handle_layer.o(.text) refers to app_spi_send_data_process.o(.text) for App_spi_send_data_process
    app_serial_cmd_process.o(.text) refers to memseta.o(.text) for __aeabi_memset
    app_serial_cmd_process.o(.text) refers to baord.o(.text) for XOR_Cal
    app_serial_cmd_process.o(.text) refers to app_systick_package_process.o(.text) for systick_set_ack_funcction
    app_serial_cmd_process.o(.text) refers to whitelist.o(.text) for get_index_of_uid
    app_serial_cmd_process.o(.text) refers to app_card_process.o(.text) for rf_get_card_status
    app_serial_cmd_process.o(.text) refers to app_send_data_process.o(.bss) for send_data_process_tcb
[...]
    _printf_core                             0x08009045   Thumb Code   996  printf8.o(i._printf_core)
    i._printf_core                           0x08009454   Section        0  printfa.o(i._printf_core)
    _printf_core                             0x08009455   Thumb Code  1744  printfa.o(i._printf_core)
    i._printf_post_padding                   0x08009b30   Section        0  printf8.o(i._printf_post_padding)
    _printf_post_padding                     0x08009b31   Thumb Code    36  printf8.o(i._printf_post_padding)
    i._printf_post_padding                   0x08009b54   Section        0  printfa.o(i._printf_post_padding)
    _printf_post_padding                     0x08009b55   Thumb Code    36  printfa.o(i._printf_post_padding)
    i._printf_pre_padding                    0x08009b78   Section        0  printf8.o(i._printf_pre_padding)
    _printf_pre_padding                      0x08009b79   Thumb Code    46  printf8.o(i._printf_pre_padding)
    i._printf_pre_padding                    0x08009ba6   Section        0  printfa.o(i._printf_pre_padding)
    _printf_pre_padding                      0x08009ba7   Thumb Code    46  printfa.o(i._printf_pre_padding)
    i._sputc                                 0x08009bd4   Section        0  printfa.o(i._sputc)
    _sputc                                   0x08009bd5   Thumb Code    10  printfa.o(i._sputc)
    .constdata                               0x08009be0   Section       24  gpio.o(.constdata)
    .constdata                               0x08009bf8   Section       20  ringbuffer.o(.constdata)
    .constdata                               0x08009c0c   Section       49  version.o(.constdata)
    .data                                    0x20000000   Section       20  system_stm32f10x.o(.data)
    .data                                    0x20000014   Section       20  stm32f10x_rcc.o(.data)
    APBAHBPrescTable                         0x20000014   Data          16  stm32f10x_rcc.o(.data)
    ADCPrescTable                            0x20000024   Data           4  stm32f10x_rcc.o(.data)
    .data                                    0x20000028   Section        1  m24sr_cmd.o(.data)
    BlockNumber                              0x20000028   Data           1  m24sr_cmd.o(.data)
    .data                                    0x2000002a   Section        2  eeprom.o(.data)
    .data                                    0x2000002c   Section       16  gpio.o(.data)
    .data                                    0x2000003c   Section        4  app_serial_cmd_process.o(.data)
    whitelist_print_index                    0x2000003c   Data           1  app_serial_cmd_process.o(.data)
    .data                                    0x20000040   Section       34  app_send_data_process.o(.data)
    pre_status                               0x20000045   Data           1  app_send_data_process.o(.data)
    sum_clicker_count                        0x20000046   Data           1  app_send_data_process.o(.data)
    result_check_tables                      0x20000049   Data           2  app_send_data_process.o(.data)
    after_result_status                      0x2000004b   Data           1  app_send_data_process.o(.data)
    retransmit_check_tables                  0x2000004c   Data           4  app_send_data_process.o(.data)
    after_retransmit_status                  0x20000050   Data           1  app_send_data_process.o(.data)
    message_tcb                              0x20000052   Data           8  app_send_data_process.o(.data)
    retransmit_tcb                           0x2000005a   Data           8  app_send_data_process.o(.data)
    .data                                    0x20000062   Section        2  app_systick_package_process.o(.data)
    rf_systick_status                        0x20000062   Data           1  app_systick_package_process.o(.data)
    open_systick_ack                         0x20000063   Data           1  app_systick_package_process.o(.data)
    .data                                    0x20000064   Section        8  app_spi_send_data_process.o(.data)
    spi_send_data_status                     0x20000064   Data           1  app_spi_send_data_process.o(.data)
    spi_send_data_buffer_len                 0x20000065   Data           4  app_spi_send_data_process.o(.data)
    spi_send_data_write_index                0x20000069   Data           1  app_spi_send_data_process.o(.data)
    spi_send_data_read_index                 0x2000006a   Data           1  app_spi_send_data_process.o(.data)
    spi_send_data_count                      0x2000006b   Data           1  app_spi_send_data_process.o(.data)
    .data                                    0x2000006c   Section       12  app_card_process.o(.data)
    card_process_status                      0x2000006c   Data           1  app_card_process.o(.data)
    is_white_list_uid                        0x2000006d   Data           1  app_card_process.o(.data)
    ndef_wr_xor                              0x2000006e   Data           1  app_card_process.o(.data)
    ndef_rd_xor                              0x2000006f   Data           1  app_card_process.o(.data)
    g_uid_len                                0x20000072   Data           1  app_card_process.o(.data)
    wtrte_flash_ok                           0x20000073   Data           1  app_card_process.o(.data)
    read_uid_pos                             0x20000074   Data           1  app_card_process.o(.data)
    write_uid_pos                            0x20000075   Data           1  app_card_process.o(.data)
    card_message_err                         0x20000076   Data           1  app_card_process.o(.data)
    find_card_ok                             0x20000077   Data           1  app_card_process.o(.data)
    .data                                    0x20000078   Section        9  app_timer.o(.data)
    TimingDelay                              0x20000078   Data           4  app_timer.o(.data)
    .data                                    0x20000084   Section       24  stm32f10x_it.o(.data)
    uart_rx_timeout                          0x20000088   Data           4  stm32f10x_it.o(.data)
    flag_uart_rxing                          0x2000008c   Data           1  stm32f10x_it.o(.data)
    uart_status                              0x2000008d   Data           1  stm32f10x_it.o(.data)
    uart_rx_cnt                              0x20000093   Data           1  stm32f10x_it.o(.data)
    temp_sign_len                            0x20000094   Data           1  stm32f10x_it.o(.data)
    uart_tx_cnt                              0x20000095   Data           1  stm32f10x_it.o(.data)
    pdata                                    0x20000098   Data           4  stm32f10x_it.o(.data)
    .data                                    0x2000009c   Section        4  variable.o(.data)
    .data                                    0x200000a0   Section       29  ringbuffer.o(.data)
    PrintBuffer                              0x200000a0   Data           1  ringbuffer.o(.data)
    pBuffer                                  0x200000a4   Data          20  ringbuffer.o(.data)
    Status                                   0x200000b8   Data           5  ringbuffer.o(.data)
    .data                                    0x200000bd   Section        8  version.o(.data)
    .data                                    0x200000c5   Section        3  whitelist.o(.data)
    .data                                    0x200000c8   Section        4  stdout.o(.data)
    .bss                                     0x200000cc   Section      744  m24sr_cmd.o(.bss)
    .bss                                     0x200003b4   Section      747  app_serial_cmd_process.o(.bss)
    ReviceMessage                            0x200004ad   Data         249  app_serial_cmd_process.o(.bss)
    SendMessage                              0x200005a6   Data         249  app_serial_cmd_process.o(.bss)
    .bss                                     0x200006a0   Section      572  app_send_data_process.o(.bss)
    revice_lost_massage                      0x200006ea   Data         249  app_send_data_process.o(.bss)
    revice_ok_massage                        0x200007e3   Data         249  app_send_data_process.o(.bss)
    .bss                                     0x200008dc   Section       31  app_systick_package_process.o(.bss)
    .bss                                     0x200008fb   Section     1300  app_spi_send_data_process.o(.bss)
    spi_send_data_buffer                     0x200008fb   Data        1300  app_spi_send_data_process.o(.bss)
    .bss                                     0x20000e0f   Section      871  app_card_process.o(.bss)
    card_message                             0x20000e2e   Data         249  app_card_process.o(.bss)
    .bss                                     0x20001178   Section      400  app_timer.o(.bss)
    .bss                                     0x20001308   Section      770  init.o(.bss)
    .bss                                     0x2000160a   Section      606  stm32f10x_it.o(.bss)
    .bss                                     0x20001868   Section      241  variable.o(.bss)
    .bss                                     0x2000195c   Section     7208  ringbuffer.o(.bss)
    UartReviceBuffer                         0x2000195c   Data        1024  ringbuffer.o(.bss)
    UartSendBuffer                           0x20001d5c   Data        2048  ringbuffer.o(.bss)
    SpireviceBuffer                          0x2000255c   Data        2048  ringbuffer.o(.bss)
    SpiIrqBuffer                             0x20002d5c   Data        2048  ringbuffer.o(.bss)
    Top                                      0x2000355c   Data          10  ringbuffer.o(.bss)
    Bottom                                   0x20003566   Data          10  ringbuffer.o(.bss)
    Size                                     0x20003570   Data          20  ringbuffer.o(.bss)
    .bss                                     0x20003584   Section     2688  whitelist.o(.bss)
    STACK                                    0x20004008   Section     2048  startup_stm32f10x_md.o(STACK)

    Global Symbols

    Symbol Name                              Value     Ov Type        Size  Object(Section)

    BuildAttributes$$THM_ISAv4$P$D$K$B$S$PE$A:L22UL41UL21$X:L11$S22US41US21$IEEE1$IW$USESV6$~STKCKD$USESV7$~SHL$OSPACE$ROPI$EBA8$MICROLIB$REQ8$PRES8$EABIv2 0x00000000   Number         0  anon$$obj.o ABSOLUTE
    __ARM_use_no_argv                        0x00000000   Number         0  main.o ABSOLUTE
    _printf_a                                0x00000000   Number         0  stubs.o ABSOLUTE
    _printf_c                                0x00000000   Number         0  stubs.o ABSOLUTE
    _printf_charcount                        0x00000000   Number         0  stubs.o ABSOLUTE
    _printf_d                                0x00000000   Number         0  stubs.o ABSOLUTE
    _printf_e                                0x00000000   Number         0  stubs.o ABSOLUTE
    _printf_f                                0x00000000   Number         0  stubs.o ABSOLUTE
    _printf_flags                            0x00000000   Number         0  stubs.o ABSOLUTE
    _printf_fp_dec                           0x00000000   Number         0  stubs.o ABSOLUTE
    _printf_fp_hex                           0x00000000   Number         0  stubs.o ABSOLUTE
    _printf_g                                0x00000000   Number         0  stubs.o ABSOLUTE
    _printf_i                                0x00000000   Number         0  stubs.o ABSOLUTE
    _printf_int_dec                          0x00000000   Number         0  stubs.o ABSOLUTE
    _printf_l                                0x00000000   Number         0  stubs.o ABSOLUTE
    _printf_lc                               0x00000000   Number         0  stubs.o ABSOLUTE
    _printf_ll                               0x00000000   Number         0  stubs.o ABSOLUTE
    _printf_lld                              0x00000000   Number         0  stubs.o ABSOLUTE
    _printf_lli                              0x00000000   Number         0  stubs.o ABSOLUTE
    _printf_llo                              0x00000000   Number         0  stubs.o ABSOLUTE
    _printf_llu                              0x00000000   Number         0  stubs.o ABSOLUTE
    _printf_llx                              0x00000000   Number         0  stubs.o ABSOLUTE
    _printf_longlong_dec                     0x00000000   Number         0  stubs.o ABSOLUTE
    _printf_longlong_hex                     0x00000000   Number         0  stubs.o ABSOLUTE
    _printf_longlong_oct                     0x00000000   Number         0  stubs.o ABSOLUTE
    _printf_ls                               0x00000000   Number         0  stubs.o ABSOLUTE
    _printf_mbtowc                           0x00000000   Number         0  stubs.o ABSOLUTE
    _printf_n                                0x00000000   Number         0  stubs.o ABSOLUTE
    _printf_o                                0x00000000   Number         0  stubs.o ABSOLUTE
    _printf_p                                0x00000000   Number         0  stubs.o ABSOLUTE
    _printf_percent                          0x00000000   Number         0  stubs.o ABSOLUTE
    _printf_pre_padding                      0x00000000   Number         0  stubs.o ABSOLUTE
    _printf_return_value                     0x00000000   Number         0  stubs.o ABSOLUTE
    _printf_s                                0x00000000   Number         0  stubs.o ABSOLUTE
    _printf_sizespec                         0x00000000   Number         0  stubs.o ABSOLUTE
    _printf_str                              0x00000000   Number         0  stubs.o ABSOLUTE
    _printf_truncate_signed                  0x00000000   Number         0  stubs.o ABSOLUTE
    _printf_truncate_unsigned                0x00000000   Number         0  stubs.o ABSOLUTE
    _printf_u                                0x00000000   Number         0  stubs.o ABSOLUTE
    _printf_wc                               0x00000000   Number         0  stubs.o ABSOLUTE
    _printf_wctomb                           0x00000000   Number         0  stubs.o ABSOLUTE
    _printf_widthprec                        0x00000000   Number         0  stubs.o ABSOLUTE
    _printf_x                                0x00000000   Number         0  stubs.o ABSOLUTE
    __cpp_initialize__aeabi_                  - Undefined Weak Reference
    __cxa_finalize                            - Undefined Weak Reference
    __decompress                              - Undefined Weak Reference
    _clock_init                               - Undefined Weak Reference
    _microlib_exit                            - Undefined Weak Reference
    __Vectors_Size                           0x000000ec   Number         0  startup_stm32f10x_md.o ABSOLUTE
    __Vectors                                0x08000000   Data           4  startup_stm32f10x_md.o(RESET)
    __Vectors_End                            0x080000ec   Data           0  startup_stm32f10x_md.o(RESET)
    __main                                   0x080000ed   Thumb Code     0  entry.o(.ARM.Collect$$$$00000000)
    _main_stk                                0x080000ed   Thumb Code     0  entry2.o(.ARM.Collect$$$$00000001)
    _main_scatterload                        0x080000f1   Thumb Code     0  entry5.o(.ARM.Collect$$$$00000004)
    __main_after_scatterload                 0x080000f5   Thumb Code     0  entry5.o(.ARM.Collect$$$$00000004)
    _main_clock                              0x080000f5   Thumb Code     0  entry7b.o(.ARM.Collect$$$$00000008)
    _main_cpp_init                           0x080000f5   Thumb Code     0  entry8b.o(.ARM.Collect$$$$0000000A)
    _main_init                               0x080000f5   Thumb Code     0  entry9a.o(.ARM.Collect$$$$0000000B)
    __rt_final_cpp                           0x080000fd   Thumb Code     0  entry10a.o(.ARM.Collect$$$$0000000D)
    __rt_final_exit                          0x080000fd   Thumb Code     0  entry11a.o(.ARM.Collect$$$$0000000F)
    GenerateSystemReset                      0x08000101   Thumb Code     0  stm32f10x_it.o(.emb_text)
    SystemInit                               0x0800025d   Thumb Code    78  system_stm32f10x.o(.text)
    SystemCoreClockUpdate                    0x080002ab   Thumb Code   142  system_stm32f10x.o(.text)
    Reset_Handler                            0x08000365   Thumb Code     8  startup_stm32f10x_md.o(.text)
    ADC1_2_IRQHandler                        0x0800037f   Thumb Code     0  startup_stm32f10x_md.o(.text)
    CAN1_RX1_IRQHandler                      0x0800037f   Thumb Code     0  startup_stm32f10x_md.o(.text)
    CAN1_SCE_IRQHandler                      0x0800037f   Thumb Code     0  startup_stm32f10x_md.o(.text)
    DMA1_Channel1_IRQHandler                 0x0800037f   Thumb Code     0  startup_stm32f10x_md.o(.text)
    DMA1_Channel2_IRQHandler                 0x0800037f   Thumb Code     0  startup_stm32f10x_md.o(.text)
    DMA1_Channel3_IRQHandler                 0x0800037f   Thumb Code     0  startup_stm32f10x_md.o(.text)
    DMA1_Channel4_IRQHandler                 0x0800037f   Thumb Code     0  startup_stm32f10x_md.o(.text)
    DMA1_Channel5_IRQHandler                 0x0800037f   Thumb Code     0  startup_stm32f10x_md.o(.text)
    DMA1_Channel6_IRQHandler                 0x0800037f   Thumb Code     0  startup_stm32f10x_md.o(.text)
    DMA1_Channel7_IRQHandler                 0x0800037f   Thumb Code     0  startup_stm32f10x_md.o(.text)
    EXTI0_IRQHandler                         0x0800037f   Thumb Code     0  startup_stm32f10x_md.o(.text)
    EXTI15_10_IRQHandler                     0x0800037f   Thumb Code     0  startup_stm32f10x_md.o(.text)
    EXTI1_IRQHandler                         0x0800037f   Thumb Code     0  startup_stm32f10x_md.o(.text)
    EXTI2_IRQHandler                         0x0800037f   Thumb Code     0  startup_stm32f10x_md.o(.text)
    EXTI3_IRQHandler                         0x0800037f   Thumb Code     0  startup_stm32f10x_md.o(.text)
    EXTI4_IRQHandler                         0x0800037f   Thumb Code     0  startup_stm32f10x_md.o(.text)
    FLASH_IRQHandler                         0x0800037f   Thumb Code     0  startup_stm32f10x_md.o(.text)
    I2C1_ER_IRQHandler                       0x0800037f   Thumb Code     0  startup_stm32f10x_md.o(.text)
    I2C1_EV_IRQHandler                       0x0800037f   Thumb Code     0  startup_stm32f10x_md.o(.text)
    I2C2_ER_IRQHandler                       0x0800037f   Thumb Code     0  startup_stm32f10x_md.o(.text)
    I2C2_EV_IRQHandler                       0x0800037f   Thumb Code     0  startup_stm32f10x_md.o(.text)
    PVD_IRQHandler                           0x0800037f   Thumb Code     0  startup_stm32f10x_md.o(.text)
    RCC_IRQHandler                           0x0800037f   Thumb Code     0  startup_stm32f10x_md.o(.text)
    RTCAlarm_IRQHandler                      0x0800037f   Thumb Code     0  startup_stm32f10x_md.o(.text)
    RTC_IRQHandler                           0x0800037f   Thumb Code     0  startup_stm32f10x_md.o(.text)
    SPI1_IRQHandler                          0x0800037f   Thumb Code     0  startup_stm32f10x_md.o(.text)
    SPI2_IRQHandler                          0x0800037f   Thumb Code     0  startup_stm32f10x_md.o(.text)
    TAMPER_IRQHandler                        0x0800037f   Thumb Code     0  startup_stm32f10x_md.o(.text)
    TIM1_BRK_IRQHandler                      0x0800037f   Thumb Code     0  startup_stm32f10x_md.o(.text)
    TIM1_CC_IRQHandler                       0x0800037f   Thumb Code     0  startup_stm32f10x_md.o(.text)
    TIM1_TRG_COM_IRQHandler                  0x0800037f   Thumb Code     0  startup_stm32f10x_md.o(.text)
    TIM1_UP_IRQHandler                       0x0800037f   Thumb Code     0  startup_stm32f10x_md.o(.text)
    TIM2_IRQHandler                          0x0800037f   Thumb Code     0  startup_stm32f10x_md.o(.text)
    TIM3_IRQHandler                          0x0800037f   Thumb Code     0  startup_stm32f10x_md.o(.text)
    TIM4_IRQHandler                          0x0800037f   Thumb Code     0  startup_stm32f10x_md.o(.text)
    USART2_IRQHandler                        0x0800037f   Thumb Code     0  startup_stm32f10x_md.o(.text)
    USART3_IRQHandler                        0x0800037f   Thumb Code     0  startup_stm32f10x_md.o(.text)
    USBWakeUp_IRQHandler                     0x0800037f   Thumb Code     0  startup_stm32f10x_md.o(.text)
    USB_HP_CAN1_TX_IRQHandler                0x0800037f   Thumb Code     0  startup_stm32f10x_md.o(.text)
    USB_LP_CAN1_RX0_IRQHandler               0x0800037f   Thumb Code     0  startup_stm32f10x_md.o(.text)
    WWDG_IRQHandler                          0x0800037f   Thumb Code     0  startup_stm32f10x_md.o(.text)
    NVIC_PriorityGroupConfig                 0x08000389   Thumb Code    10  misc.o(.text)
    NVIC_Init                                0x08000393   Thumb Code   100  misc.o(.text)
    NVIC_SetVectorTable                      0x080003f7   Thumb Code    14  misc.o(.text)
    NVIC_SystemLPConfig                      0x08000405   Thumb Code    34  misc.o(.text)
    SysTick_CLKSourceConfig                  0x08000427   Thumb Code    40  misc.o(.text)
    EXTI_DeInit                              0x08000465   Thumb Code    28  stm32f10x_exti.o(.text)
    EXTI_Init                                0x08000481   Thumb Code   142  stm32f10x_exti.o(.text)
    EXTI_StructInit                          0x0800050f   Thumb Code    16  stm32f10x_exti.o(.text)
    EXTI_GenerateSWInterrupt                 0x0800051f   Thumb Code    16  stm32f10x_exti.o(.text)
    EXTI_GetFlagStatus                       0x0800052f   Thumb Code    22  stm32f10x_exti.o(.text)
    EXTI_ClearFlag                           0x08000545   Thumb Code     8  stm32f10x_exti.o(.text)
    EXTI_GetITStatus                         0x0800054d   Thumb Code    34  stm32f10x_exti.o(.text)
    EXTI_ClearITPendingBit                   0x0800056f   Thumb Code     8  stm32f10x_exti.o(.text)
    FLASH_SetLatency                         0x08000581   Thumb Code    18  stm32f10x_flash.o(.text)
    FLASH_HalfCycleAccessCmd                 0x08000593   Thumb Code    22  stm32f10x_flash.o(.text)
    FLASH_PrefetchBufferCmd                  0x080005a9   Thumb Code    22  stm32f10x_flash.o(.text)
    FLASH_Unlock                             0x080005bf   Thumb Code    12  stm32f10x_flash.o(.text)
    FLASH_UnlockBank1                        0x080005cb   Thumb Code    12  stm32f10x_flash.o(.text)
    FLASH_Lock                               0x080005d7   Thumb Code    14  stm32f10x_flash.o(.text)
    FLASH_LockBank1                          0x080005e5   Thumb Code    14  stm32f10x_flash.o(.text)
    FLASH_GetBank1Status                     0x080005f3   Thumb Code    48  stm32f10x_flash.o(.text)
    FLASH_WaitForLastOperation               0x08000623   Thumb Code    38  stm32f10x_flash.o(.text)
    FLASH_ErasePage                          0x08000649   Thumb Code    72  stm32f10x_flash.o(.text)
    FLASH_EraseAllPages                      0x08000691   Thumb Code    68  stm32f10x_flash.o(.text)
    FLASH_WaitForLastBank1Operation          0x080006d5   Thumb Code    38  stm32f10x_flash.o(.text)
    FLASH_EraseAllBank1Pages                 0x080006fb   Thumb Code    68  stm32f10x_flash.o(.text)
    FLASH_GetReadOutProtectionStatus         0x0800073f   Thumb Code    20  stm32f10x_flash.o(.text)
    FLASH_EraseOptionBytes                   0x08000753   Thumb Code   150  stm32f10x_flash.o(.text)
    FLASH_ProgramWord                        0x080007e9   Thumb Code   102  stm32f10x_flash.o(.text)
    FLASH_ProgramHalfWord                    0x0800084f   Thumb Code    60  stm32f10x_flash.o(.text)
    FLASH_ProgramOptionByteData              0x0800088b   Thumb Code    72  stm32f10x_flash.o(.text)
    FLASH_EnableWriteProtection              0x080008d3   Thumb Code   200  stm32f10x_flash.o(.text)
    FLASH_ReadOutProtection                  0x0800099b   Thumb Code   156  stm32f10x_flash.o(.text)
    FLASH_UserOptionByteConfig               0x08000a37   Thumb Code    88  stm32f10x_flash.o(.text)
    FLASH_GetUserOptionByte                  0x08000a8f   Thumb Code     8  stm32f10x_flash.o(.text)
    FLASH_GetWriteProtectionOptionByte       0x08000a97   Thumb Code     6  stm32f10x_flash.o(.text)
    FLASH_GetPrefetchBufferStatus            0x08000a9d   Thumb Code    20  stm32f10x_flash.o(.text)
    FLASH_ITConfig                           0x08000ab1   Thumb Code    26  stm32f10x_flash.o(.text)
    FLASH_GetFlagStatus                      0x08000acb   Thumb Code    42  stm32f10x_flash.o(.text)
    FLASH_ClearFlag                          0x08000af5   Thumb Code     6  stm32f10x_flash.o(.text)
    FLASH_GetStatus                          0x08000afb   Thumb Code    48  stm32f10x_flash.o(.text)
    GPIO_DeInit                              0x08000b3d   Thumb Code   172  stm32f10x_gpio.o(.text)
    GPIO_AFIODeInit                          0x08000be9   Thumb Code    20  stm32f10x_gpio.o(.text)
    GPIO_Init                                0x08000bfd   Thumb Code   278  stm32f10x_gpio.o(.text)
    GPIO_StructInit                          0x08000d13   Thumb Code    16  stm32f10x_gpio.o(.text)
    GPIO_ReadInputDataBit                    0x08000d23   Thumb Code    18  stm32f10x_gpio.o(.text)
    GPIO_ReadInputData                       0x08000d35   Thumb Code     8  stm32f10x_gpio.o(.text)
    GPIO_ReadOutputDataBit                   0x08000d3d   Thumb Code    18  stm32f10x_gpio.o(.text)
    GPIO_ReadOutputData                      0x08000d4f   Thumb Code     8  stm32f10x_gpio.o(.text)
    GPIO_SetBits                             0x08000d57   Thumb Code     4  stm32f10x_gpio.o(.text)
    GPIO_ResetBits                           0x08000d5b   Thumb Code     4  stm32f10x_gpio.o(.text)
    GPIO_WriteBit                            0x08000d5f   Thumb Code    10  stm32f10x_gpio.o(.text)
    GPIO_Write                               0x08000d69   Thumb Code     4  stm32f10x_gpio.o(.text)
    GPIO_PinLockConfig                       0x08000d6d   Thumb Code    18  stm32f10x_gpio.o(.text)
    GPIO_EventOutputConfig                   0x08000d7f   Thumb Code    26  stm32f10x_gpio.o(.text)
    GPIO_EventOutputCmd                      0x08000d99   Thumb Code     6  stm32f10x_gpio.o(.text)
    GPIO_PinRemapConfig                      0x08000d9f   Thumb Code   138  stm32f10x_gpio.o(.text)
    GPIO_EXTILineConfig                      0x08000e29   Thumb Code    66  stm32f10x_gpio.o(.text)
    GPIO_ETH_MediaInterfaceConfig            0x08000e6b   Thumb Code     8  stm32f10x_gpio.o(.text)
    IWDG_WriteAccessCmd                      0x08000e99   Thumb Code     6  stm32f10x_iwdg.o(.text)
    IWDG_SetPrescaler                        0x08000e9f   Thumb Code     6  stm32f10x_iwdg.o(.text)
    IWDG_SetReload                           0x08000ea5   Thumb Code     6  stm32f10x_iwdg.o(.text)
    IWDG_ReloadCounter                       0x08000eab   Thumb Code    10  stm32f10x_iwdg.o(.text)
    IWDG_Enable                              0x08000eb5   Thumb Code    10  stm32f10x_iwdg.o(.text)
    IWDG_GetFlagStatus                       0x08000ebf   Thumb Code    20  stm32f10x_iwdg.o(.text)
    RCC_DeInit                               0x08000ed9   Thumb Code    64  stm32f10x_rcc.o(.text)
    RCC_HSEConfig                            0x08000f19   Thumb Code    70  stm32f10x_rcc.o(.text)
    RCC_GetFlagStatus                        0x08000f5f   Thumb Code    56  stm32f10x_rcc.o(.text)
    RCC_WaitForHSEStartUp                    0x08000f97   Thumb Code    56  stm32f10x_rcc.o(.text)
    RCC_AdjustHSICalibrationValue            0x08000fcf   Thumb Code    20  stm32f10x_rcc.o(.text)
    RCC_HSICmd                               0x08000fe3   Thumb Code     6  stm32f10x_rcc.o(.text)
    RCC_PLLConfig                            0x08000fe9   Thumb Code    24  stm32f10x_rcc.o(.text)
    RCC_PLLCmd                               0x08001001   Thumb Code     6  stm32f10x_rcc.o(.text)
    RCC_SYSCLKConfig                         0x08001007   Thumb Code    18  stm32f10x_rcc.o(.text)
    RCC_GetSYSCLKSource                      0x08001019   Thumb Code    10  stm32f10x_rcc.o(.text)
    RCC_HCLKConfig                           0x08001023   Thumb Code    18  stm32f10x_rcc.o(.text)
    RCC_PCLK1Config                          0x08001035   Thumb Code    18  stm32f10x_rcc.o(.text)
    RCC_PCLK2Config                          0x08001047   Thumb Code    20  stm32f10x_rcc.o(.text)
    RCC_ITConfig                             0x0800105b   Thumb Code    26  stm32f10x_rcc.o(.text)
    RCC_USBCLKConfig                         0x08001075   Thumb Code     8  stm32f10x_rcc.o(.text)
    RCC_ADCCLKConfig                         0x0800107d   Thumb Code    18  stm32f10x_rcc.o(.text)
    RCC_LSEConfig                            0x0800108f   Thumb Code    50  stm32f10x_rcc.o(.text)
    RCC_LSICmd                               0x080010c1   Thumb Code     6  stm32f10x_rcc.o(.text)
    RCC_RTCCLKConfig                         0x080010c7   Thumb Code    12  stm32f10x_rcc.o(.text)
    RCC_RTCCLKCmd                            0x080010d3   Thumb Code     8  stm32f10x_rcc.o(.text)
    RCC_GetClocksFreq                        0x080010db   Thumb Code   192  stm32f10x_rcc.o(.text)
    RCC_AHBPeriphClockCmd                    0x0800119b   Thumb Code    26  stm32f10x_rcc.o(.text)
    RCC_APB2PeriphClockCmd                   0x080011b5   Thumb Code    26  stm32f10x_rcc.o(.text)
    RCC_APB1PeriphClockCmd                   0x080011cf   Thumb Code    26  stm32f10x_rcc.o(.text)
    RCC_APB2PeriphResetCmd                   0x080011e9   Thumb Code    26  stm32f10x_rcc.o(.text)
    RCC_APB1PeriphResetCmd                   0x08001203   Thumb Code    26  stm32f10x_rcc.o(.text)
    RCC_BackupResetCmd                       0x0800121d   Thumb Code     8  stm32f10x_rcc.o(.text)
    RCC_ClockSecuritySystemCmd               0x08001225   Thumb Code     6  stm32f10x_rcc.o(.text)
    RCC_MCOConfig                            0x0800122b   Thumb Code     6  stm32f10x_rcc.o(.text)
    RCC_ClearFlag                            0x08001231   Thumb Code    14  stm32f10x_rcc.o(.text)
    RCC_GetITStatus                          0x0800123f   Thumb Code    20  stm32f10x_rcc.o(.text)
    RCC_ClearITPendingBit                    0x08001253   Thumb Code     6  stm32f10x_rcc.o(.text)
    SPI_I2S_DeInit                           0x08001281   Thumb Code    76  stm32f10x_spi.o(.text)
    SPI_Init                                 0x080012cd   Thumb Code    60  stm32f10x_spi.o(.text)
    I2S_Init                                 0x08001309   Thumb Code   226  stm32f10x_spi.o(.text)
    SPI_StructInit                           0x080013eb   Thumb Code    24  stm32f10x_spi.o(.text)
    I2S_StructInit                           0x08001403   Thumb Code    20  stm32f10x_spi.o(.text)
    SPI_Cmd                                  0x08001417   Thumb Code    24  stm32f10x_spi.o(.text)
    I2S_Cmd                                  0x0800142f   Thumb Code    24  stm32f10x_spi.o(.text)
    SPI_I2S_ITConfig                         0x08001447   Thumb Code    32  stm32f10x_spi.o(.text)
    SPI_I2S_DMACmd                           0x08001467   Thumb Code    18  stm32f10x_spi.o(.text)
    SPI_I2S_SendData                         0x08001479   Thumb Code     4  stm32f10x_spi.o(.text)
    SPI_I2S_ReceiveData                      0x0800147d   Thumb Code     6  stm32f10x_spi.o(.text)
    SPI_NSSInternalSoftwareConfig            0x08001483   Thumb Code    30  stm32f10x_spi.o(.text)
    SPI_SSOutputCmd                          0x080014a1   Thumb Code    24  stm32f10x_spi.o(.text)
    SPI_DataSizeConfig                       0x080014b9   Thumb Code    18  stm32f10x_spi.o(.text)
    SPI_TransmitCRC                          0x080014cb   Thumb Code    10  stm32f10x_spi.o(.text)
    SPI_CalculateCRC                         0x080014d5   Thumb Code    24  stm32f10x_spi.o(.text)
    SPI_GetCRC                               0x080014ed   Thumb Code    16  stm32f10x_spi.o(.text)
    SPI_GetCRCPolynomial                     0x080014fd   Thumb Code     6  stm32f10x_spi.o(.text)
    SPI_BiDirectionalLineConfig              0x08001503   Thumb Code    28  stm32f10x_spi.o(.text)
    SPI_I2S_GetFlagStatus                    0x0800151f   Thumb Code    18  stm32f10x_spi.o(.text)
    SPI_I2S_ClearFlag                        0x08001531   Thumb Code     6  stm32f10x_spi.o(.text)
    SPI_I2S_GetITStatus                      0x08001537   Thumb Code    52  stm32f10x_spi.o(.text)
    SPI_I2S_ClearITPendingBit                0x0800156b   Thumb Code    20  stm32f10x_spi.o(.text)
    TIM_DeInit                               0x0800158d   Thumb Code   424  stm32f10x_tim.o(.text)
    TIM_TimeBaseInit                         0x08001735   Thumb Code   122  stm32f10x_tim.o(.text)
    TIM_OC1Init                              0x080017af   Thumb Code   132  stm32f10x_tim.o(.text)
    TIM_OC2Init                              0x08001833   Thumb Code   154  stm32f10x_tim.o(.text)
    TIM_OC3Init                              0x080018cd   Thumb Code   150  stm32f10x_tim.o(.text)
    TIM_OC4Init                              0x08001963   Thumb Code   182  stm32f10x_tim.o(.text)
    TIM_SetIC4Prescaler                      0x08001a19   Thumb Code    26  stm32f10x_tim.o(.text)
    TIM_SetIC3Prescaler                      0x08001ab5   Thumb Code    18  stm32f10x_tim.o(.text)
    TIM_SetIC2Prescaler                      0x08001b41   Thumb Code    26  stm32f10x_tim.o(.text)
    TIM_SetIC1Prescaler                      0x08001bdd   Thumb Code    18  stm32f10x_tim.o(.text)
    TIM_ICInit                               0x08001c5b   Thumb Code   150  stm32f10x_tim.o(.text)
    TIM_PWMIConfig                           0x08001cf1   Thumb Code   124  stm32f10x_tim.o(.text)
    TIM_BDTRConfig                           0x08001d6d   Thumb Code    32  stm32f10x_tim.o(.text)
    TIM_TimeBaseStructInit                   0x08001d8d   Thumb Code    18  stm32f10x_tim.o(.text)
    TIM_OCStructInit                         0x08001d9f   Thumb Code    20  stm32f10x_tim.o(.text)
    TIM_ICStructInit                         0x08001db3   Thumb Code    18  stm32f10x_tim.o(.text)
    TIM_BDTRStructInit                       0x08001dc5   Thumb Code    40  stm32f10x_tim.o(.text)
    TIM_Cmd                                  0x08001ded   Thumb Code    24  stm32f10x_tim.o(.text)
    TIM_CtrlPWMOutputs                       0x08001e05   Thumb Code    30  stm32f10x_tim.o(.text)
    TIM_ITConfig                             0x08001e23   Thumb Code    18  stm32f10x_tim.o(.text)
    TIM_GenerateEvent                        0x08001e35   Thumb Code     4  stm32f10x_tim.o(.text)
    TIM_DMAConfig                            0x08001e39   Thumb Code    10  stm32f10x_tim.o(.text)
    TIM_DMACmd                               0x08001e43   Thumb Code    18  stm32f10x_tim.o(.text)
    TIM_InternalClockConfig                  0x08001e55   Thumb Code    12  stm32f10x_tim.o(.text)
    TIM_SelectInputTrigger                   0x08001e61   Thumb Code    18  stm32f10x_tim.o(.text)
    TIM_ITRxExternalClockConfig              0x08001e73   Thumb Code    24  stm32f10x_tim.o(.text)
    TIM_TIxExternalClockConfig               0x08001e8b   Thumb Code    62  stm32f10x_tim.o(.text)
    TIM_ETRConfig                            0x08001ec9   Thumb Code    28  stm32f10x_tim.o(.text)
    TIM_ETRClockMode1Config                  0x08001ee5   Thumb Code    54  stm32f10x_tim.o(.text)
    TIM_ETRClockMode2Config                  0x08001f1b   Thumb Code    32  stm32f10x_tim.o(.text)
    TIM_PrescalerConfig                      0x08001f3b   Thumb Code     6  stm32f10x_tim.o(.text)
    TIM_CounterModeConfig                    0x08001f41   Thumb Code    18  stm32f10x_tim.o(.text)
    TIM_EncoderInterfaceConfig               0x08001f53   Thumb Code    66  stm32f10x_tim.o(.text)
    TIM_ForcedOC1Config                      0x08001f95   Thumb Code    18  stm32f10x_tim.o(.text)
    TIM_ForcedOC2Config                      0x08001fa7   Thumb Code    26  stm32f10x_tim.o(.text)
    TIM_ForcedOC3Config                      0x08001fc1   Thumb Code    18  stm32f10x_tim.o(.text)
    TIM_ForcedOC4Config                      0x08001fd3   Thumb Code    26  stm32f10x_tim.o(.text)
    TIM_ARRPreloadConfig                     0x08001fed   Thumb Code    24  stm32f10x_tim.o(.text)
    TIM_SelectCOM                            0x08002005   Thumb Code    24  stm32f10x_tim.o(.text)
    TIM_SelectCCDMA                          0x0800201d   Thumb Code    24  stm32f10x_tim.o(.text)
    TIM_CCPreloadControl                     0x08002035   Thumb Code    24  stm32f10x_tim.o(.text)
    TIM_OC1PreloadConfig                     0x0800204d   Thumb Code    18  stm32f10x_tim.o(.text)
    TIM_OC2PreloadConfig                     0x0800205f   Thumb Code    26  stm32f10x_tim.o(.text)
    TIM_OC3PreloadConfig                     0x08002079   Thumb Code    18  stm32f10x_tim.o(.text)
    TIM_OC4PreloadConfig                     0x0800208b   Thumb Code    26  stm32f10x_tim.o(.text)
    TIM_OC1FastConfig                        0x080020a5   Thumb Code    18  stm32f10x_tim.o(.text)
    TIM_OC2FastConfig                        0x080020b7   Thumb Code    26  stm32f10x_tim.o(.text)
    TIM_OC3FastConfig                        0x080020d1   Thumb Code    18  stm32f10x_tim.o(.text)
    TIM_OC4FastConfig                        0x080020e3   Thumb Code    26  stm32f10x_tim.o(.text)
    TIM_ClearOC1Ref                          0x080020fd   Thumb Code    18  stm32f10x_tim.o(.text)
    TIM_ClearOC2Ref                          0x0800210f   Thumb Code    24  stm32f10x_tim.o(.text)
    TIM_ClearOC3Ref                          0x08002127   Thumb Code    18  stm32f10x_tim.o(.text)
    TIM_ClearOC4Ref                          0x08002139   Thumb Code    24  stm32f10x_tim.o(.text)
    TIM_OC1PolarityConfig                    0x08002151   Thumb Code    18  stm32f10x_tim.o(.text)
    TIM_OC1NPolarityConfig                   0x08002163   Thumb Code    18  stm32f10x_tim.o(.text)
    TIM_OC2PolarityConfig                    0x08002175   Thumb Code    26  stm32f10x_tim.o(.text)
    TIM_OC2NPolarityConfig                   0x0800218f   Thumb Code    26  stm32f10x_tim.o(.text)
    TIM_OC3PolarityConfig                    0x080021a9   Thumb Code    26  stm32f10x_tim.o(.text)
    TIM_OC3NPolarityConfig                   0x080021c3   Thumb Code    26  stm32f10x_tim.o(.text)
    TIM_OC4PolarityConfig                    0x080021dd   Thumb Code    26  stm32f10x_tim.o(.text)
    TIM_CCxCmd                               0x080021f7   Thumb Code    30  stm32f10x_tim.o(.text)
    TIM_CCxNCmd                              0x08002215   Thumb Code    30  stm32f10x_tim.o(.text)
    TIM_SelectOCxM                           0x08002233   Thumb Code    82  stm32f10x_tim.o(.text)
    TIM_UpdateDisableConfig                  0x08002285   Thumb Code    24  stm32f10x_tim.o(.text)
    TIM_UpdateRequestConfig                  0x0800229d   Thumb Code    24  stm32f10x_tim.o(.text)
    TIM_SelectHallSensor                     0x080022b5   Thumb Code    24  stm32f10x_tim.o(.text)
    TIM_SelectOnePulseMode                   0x080022cd   Thumb Code    18  stm32f10x_tim.o(.text)
    TIM_SelectOutputTrigger                  0x080022df   Thumb Code    18  stm32f10x_tim.o(.text)
    TIM_SelectSlaveMode                      0x080022f1   Thumb Code    18  stm32f10x_tim.o(.text)
    TIM_SelectMasterSlaveMode                0x08002303   Thumb Code    18  stm32f10x_tim.o(.text)
    TIM_SetCounter                           0x08002315   Thumb Code     4  stm32f10x_tim.o(.text)
    TIM_SetAutoreload                        0x08002319   Thumb Code     4  stm32f10x_tim.o(.text)
    TIM_SetCompare1                          0x0800231d   Thumb Code     4  stm32f10x_tim.o(.text)
    TIM_SetCompare2                          0x08002321   Thumb Code     4  stm32f10x_tim.o(.text)
    TIM_SetCompare3                          0x08002325   Thumb Code     4  stm32f10x_tim.o(.text)
    TIM_SetCompare4                          0x08002329   Thumb Code     6  stm32f10x_tim.o(.text)
    TIM_SetClockDivision                     0x0800232f   Thumb Code    18  stm32f10x_tim.o(.text)
    TIM_GetCapture1                          0x08002341   Thumb Code     6  stm32f10x_tim.o(.text)
    TIM_GetCapture2                          0x08002347   Thumb Code     6  stm32f10x_tim.o(.text)
    TIM_GetCapture3                          0x0800234d   Thumb Code     6  stm32f10x_tim.o(.text)
    TIM_GetCapture4                          0x08002353   Thumb Code     8  stm32f10x_tim.o(.text)
    TIM_GetCounter                           0x0800235b   Thumb Code     6  stm32f10x_tim.o(.text)
    TIM_GetPrescaler                         0x08002361   Thumb Code     6  stm32f10x_tim.o(.text)
    TIM_GetFlagStatus                        0x08002367   Thumb Code    18  stm32f10x_tim.o(.text)
    TIM_ClearFlag                            0x08002379   Thumb Code     6  stm32f10x_tim.o(.text)
    TIM_GetITStatus                          0x0800237f   Thumb Code    34  stm32f10x_tim.o(.text)
    TIM_ClearITPendingBit                    0x080023a1   Thumb Code     6  stm32f10x_tim.o(.text)
    USART_DeInit                             0x080023a9   Thumb Code   134  stm32f10x_usart.o(.text)
    USART_Init                               0x0800242f   Thumb Code   210  stm32f10x_usart.o(.text)
    USART_StructInit                         0x08002501   Thumb Code    24  stm32f10x_usart.o(.text)
    USART_ClockInit                          0x08002519   Thumb Code    34  stm32f10x_usart.o(.text)
    USART_ClockStructInit                    0x0800253b   Thumb Code    12  stm32f10x_usart.o(.text)
    USART_Cmd                                0x08002547   Thumb Code    24  stm32f10x_usart.o(.text)
    USART_ITConfig                           0x0800255f   Thumb Code    74  stm32f10x_usart.o(.text)
    USART_DMACmd                             0x080025a9   Thumb Code    18  stm32f10x_usart.o(.text)
    USART_SetAddress                         0x080025bb   Thumb Code    18  stm32f10x_usart.o(.text)
    USART_WakeUpConfig                       0x080025cd   Thumb Code    18  stm32f10x_usart.o(.text)
    USART_ReceiverWakeUpCmd                  0x080025df   Thumb Code    24  stm32f10x_usart.o(.text)
    USART_LINBreakDetectLengthConfig         0x080025f7   Thumb Code    18  stm32f10x_usart.o(.text)
    USART_LINCmd                             0x08002609   Thumb Code    24  stm32f10x_usart.o(.text)
    USART_SendData                           0x08002621   Thumb Code     8  stm32f10x_usart.o(.text)
    USART_ReceiveData                        0x08002629   Thumb Code    10  stm32f10x_usart.o(.text)
    USART_SendBreak                          0x08002633   Thumb Code    10  stm32f10x_usart.o(.text)
    USART_SetGuardTime                       0x0800263d   Thumb Code    16  stm32f10x_usart.o(.text)
    USART_SetPrescaler                       0x0800264d   Thumb Code    16  stm32f10x_usart.o(.text)
    USART_SmartCardCmd                       0x0800265d   Thumb Code    24  stm32f10x_usart.o(.text)
    USART_SmartCardNACKCmd                   0x08002675   Thumb Code    24  stm32f10x_usart.o(.text)
    USART_HalfDuplexCmd                      0x0800268d   Thumb Code    24  stm32f10x_usart.o(.text)
    USART_OverSampling8Cmd                   0x080026a5   Thumb Code    22  stm32f10x_usart.o(.text)
    USART_OneBitMethodCmd                    0x080026bb   Thumb Code    24  stm32f10x_usart.o(.text)
    USART_IrDAConfig                         0x080026d3   Thumb Code    18  stm32f10x_usart.o(.text)
    USART_IrDACmd                            0x080026e5   Thumb Code    24  stm32f10x_usart.o(.text)
    USART_GetFlagStatus                      0x080026fd   Thumb Code    26  stm32f10x_usart.o(.text)
    USART_ClearFlag                          0x08002717   Thumb Code    18  stm32f10x_usart.o(.text)
    USART_GetITStatus                        0x08002729   Thumb Code    84  stm32f10x_usart.o(.text)
    USART_ClearITPendingBit                  0x0800277d   Thumb Code    52  stm32f10x_usart.o(.text)
    M24SR_InitStructure                      0x080027b1   Thumb Code    48  m24sr_cmd.o(.text)
    M24SR_UpdateCrc                          0x080027e1   Thumb Code    34  m24sr_cmd.o(.text)
    M24SR_ComputeCrc                         0x08002803   Thumb Code    40  m24sr_cmd.o(.text)
    M24SR_BuildIBlockCommand                 0x0800282b   Thumb Code   274  m24sr_cmd.o(.text)
    M24SR_SelectApplication                  0x0800293d   Thumb Code   132  m24sr_cmd.o(.text)
    M24SR_SelectCCfile                       0x080029c1   Thumb Code    98  m24sr_cmd.o(.text)
    M24SR_SelectSystemfile                   0x08002a23   Thumb Code    98  m24sr_cmd.o(.text)
    M24SR_SelectNDEFfile                     0x08002a85   Thumb Code    96  m24sr_cmd.o(.text)
    M24SR_ReadBinary                         0x08002ae5   Thumb Code    80  m24sr_cmd.o(.text)
    M24SR_UpdateBinary                       0x08002b35   Thumb Code   136  m24sr_cmd.o(.text)
    M24SR_SendInterrupt                      0x08002bbd   Thumb Code    78  m24sr_cmd.o(.text)
    M24SR_FWTExtension                       0x08002c0b   Thumb Code    60  m24sr_cmd.o(.text)
    M24SR_IsCorrectCRC16Residue              0x08002c47   Thumb Code    76  m24sr_cmd.o(.text)
    SelectApplication                        0x08002c9d   Thumb Code   138  mfrc500.o(.text)
    ForceReadCCfile                          0x08002d27   Thumb Code   122  mfrc500.o(.text)
    ReadNDEFfile                             0x08002da1   Thumb Code   164  mfrc500.o(.text)
    WriteNDEFfile                            0x08002e45   Thumb Code   166  mfrc500.o(.text)
    SendInterrupt                            0x08002eeb   Thumb Code   148  mfrc500.o(.text)
    Deselect                                 0x08002f7f   Thumb Code    60  mfrc500.o(.text)
    nrf1_spi_init                            0x08002fc1   Thumb Code   324  nrf.o(.text)
    nrf2_spi_init                            0x08003105   Thumb Code   258  nrf.o(.text)
    nrf51822_spi_init                        0x08003207   Thumb Code    12  nrf.o(.text)
    TIM3_Int_Init                            0x08003213   Thumb Code    80  nrf.o(.text)
    nrf_transmit_start                       0x08003263   Thumb Code   576  nrf.o(.text)
    EE_ReadVariable                          0x080035bf   Thumb Code    92  eeprom.o(.text)
    Fee_InitPage                             0x0800361b   Thumb Code   556  eeprom.o(.text)
    Fee_Init                                 0x08003847   Thumb Code   106  eeprom.o(.text)
    EE_WriteVariable                         0x080039cb   Thumb Code    36  eeprom.o(.text)
    ledInit                                  0x080039f9   Thumb Code    52  gpio.o(.text)
    ledOn                                    0x08003a2d   Thumb Code    46  gpio.o(.text)
    ledOff                                   0x08003a5b   Thumb Code    46  gpio.o(.text)
    ledToggle                                0x08003a89   Thumb Code    26  gpio.o(.text)
    GPIOInit_BEEP                            0x08003aa3   Thumb Code    30  gpio.o(.text)
    GpioInit                                 0x08003ac1   Thumb Code    20  gpio.o(.text)
    uart_send_char                           0x08003ae5   Thumb Code    28  baord.o(.text)
    fputc                                    0x08003b01   Thumb Code    32  baord.o(.text)
    fgetc                                    0x08003b21   Thumb Code    26  baord.o(.text)
    XOR_Cal                                  0x08003b3b   Thumb Code    26  baord.o(.text)
    MRC500_DEBUG_START                       0x08003b59   Thumb Code     2  mfrc500_hw.o(.text)
    MRC500_DEBUG_END                         0x08003b5b   Thumb Code     2  mfrc500_hw.o(.text)
    mfrc500_gpio_init                        0x08003b5d   Thumb Code   246  mfrc500_hw.o(.text)
    ReadRC                                   0x08003c53   Thumb Code   336  mfrc500_hw.o(.text)
    WriteRC                                  0x08003da3   Thumb Code   214  mfrc500_hw.o(.text)
    DEBUGRC                                  0x08003e79   Thumb Code    36  mfrc500_hw.o(.text)
    SetBitMask                               0x08003e9d   Thumb Code    28  mfrc500_hw.o(.text)
    ClearBitMask                             0x08003eb9   Thumb Code    28  mfrc500_hw.o(.text)
    PcdAntennaOff                            0x08003ed5   Thumb Code    12  mfrc500_hw.o(.text)
    mfrc500_init                             0x08003ee1   Thumb Code   300  mfrc500_hw.o(.text)
    PcdSetTmo                                0x0800400d   Thumb Code   124  mfrc500_hw.o(.text)
    PcdComTransceive                         0x08004089   Thumb Code   466  mfrc500_hw.o(.text)
    PcdAntennaOn                             0x0800425b   Thumb Code    12  mfrc500_hw.o(.text)
    PcdRequest                               0x08004269   Thumb Code   108  mfrc500_ios14443.o(.text)
    PcdSelect1                               0x080042d5   Thumb Code   136  mfrc500_ios14443.o(.text)
    PcdAnticoll                              0x0800435d   Thumb Code   168  mfrc500_ios14443.o(.text)
    PcdSelect2                               0x08004405   Thumb Code   136  mfrc500_ios14443.o(.text)
    PcdRATS                                  0x0800448d   Thumb Code   114  mfrc500_ios14443.o(.text)
    PcdPPS                                   0x080044ff   Thumb Code   120  mfrc500_ios14443.o(.text)
    PcdSelectApplication                     0x08004577   Thumb Code   102  mfrc500_ios14443.o(.text)
    PcdSelectCCfile                          0x080045dd   Thumb Code   102  mfrc500_ios14443.o(.text)
    PcdReadCCfileLength                      0x08004643   Thumb Code   106  mfrc500_ios14443.o(.text)
    PcdReadCCfile                            0x080046ad   Thumb Code   114  mfrc500_ios14443.o(.text)
    PcdSelectNDEFfile                        0x0800471f   Thumb Code   104  mfrc500_ios14443.o(.text)
    PcdReadNDEFfileLength                    0x08004787   Thumb Code   106  mfrc500_ios14443.o(.text)
    PcdReadNDEFfile                          0x080047f1   Thumb Code   114  mfrc500_ios14443.o(.text)
    PcdWriteNDEFfile                         0x08004863   Thumb Code   120  mfrc500_ios14443.o(.text)
    PcdSelectSystemfile                      0x080048db   Thumb Code   102  mfrc500_ios14443.o(.text)
    PcdReadSystemfile                        0x08004941   Thumb Code   120  mfrc500_ios14443.o(.text)
    PcdSendInterrupt                         0x080049b9   Thumb Code   102  mfrc500_ios14443.o(.text)
    PcdDeselect                              0x08004a1f   Thumb Code    92  mfrc500_ios14443.o(.text)
    MifareProRst                             0x08004a7b   Thumb Code    82  mfrc500_ios14443.o(.text)
    PcdHalt                                  0x08004acd   Thumb Code    68  mfrc500_ios14443.o(.text)
    main                                     0x08004b15   Thumb Code    12  main.o(.text)
    app_handle_layer                         0x08004b21   Thumb Code    28  app_handle_layer.o(.text)
    App_returnErr                            0x08004b3d   Thumb Code    76  app_serial_cmd_process.o(.text)
    App_send_process_parameter_set           0x08004b89   Thumb Code   224  app_serial_cmd_process.o(.text)
    App_start_or_stop_answer                 0x08004c69   Thumb Code   120  app_serial_cmd_process.o(.text)
    App_return_systick                       0x08004ce1   Thumb Code   192  app_serial_cmd_process.o(.text)
    App_open_systick_ack                     0x08004da1   Thumb Code   118  app_serial_cmd_process.o(.text)
    App_return_device_info                   0x08004e17   Thumb Code   224  app_serial_cmd_process.o(.text)
    App_return_whitelist_data                0x08004ef7   Thumb Code   154  app_serial_cmd_process.o(.text)
    App_card_match                           0x08004f91   Thumb Code   226  app_serial_cmd_process.o(.text)
    App_card_match_single                    0x08005073   Thumb Code   134  app_serial_cmd_process.o(.text)
    App_open_or_close_attendance_match       0x080050f9   Thumb Code   166  app_serial_cmd_process.o(.text)
    App_open_or_close_white_list             0x0800519f   Thumb Code   120  app_serial_cmd_process.o(.text)
    App_initialize_white_list                0x08005217   Thumb Code    90  app_serial_cmd_process.o(.text)
    App_operate_uids_to_whitelist            0x08005271   Thumb Code   360  app_serial_cmd_process.o(.text)
    App_stop_send_data_to_clickers           0x080053d9   Thumb Code   156  app_serial_cmd_process.o(.text)
    App_send_data_to_clickers                0x08005475   Thumb Code   538  app_serial_cmd_process.o(.text)
    App_seirial_cmd_process                  0x08005ad9   Thumb Code    12  app_serial_cmd_process.o(.text)
    app_debuglog_dump                        0x08005ae5   Thumb Code    16  app_serial_cmd_process.o(.text)
    app_debuglog_dump_no_space               0x08005af5   Thumb Code    16  app_serial_cmd_process.o(.text)
    rf_retransmit_set_status                 0x08005b29   Thumb Code     6  app_send_data_process.o(.text)
    get_rf_retransmit_status                 0x08005b2f   Thumb Code     6  app_send_data_process.o(.text)
    create_status_message                    0x08005b35   Thumb Code   158  app_send_data_process.o(.text)
    change_clicker_send_data_status          0x08005bd3   Thumb Code    14  app_send_data_process.o(.text)
    get_clicker_send_data_status             0x08005be1   Thumb Code     6  app_send_data_process.o(.text)
    spi_buffer_status_check                  0x08005be7   Thumb Code   104  app_send_data_process.o(.text)
    clear_uid_check_table                    0x08005c4f   Thumb Code    64  app_send_data_process.o(.text)
    whitelist_checktable_or                  0x08005c8f   Thumb Code    52  app_send_data_process.o(.text)
    whitelist_checktable_and                 0x08005cc3   Thumb Code    52  app_send_data_process.o(.text)
    clicker_send_data_statistics             0x08005cf7   Thumb Code   108  app_send_data_process.o(.text)
    rf_move_data_to_buffer                   0x08005d63   Thumb Code   222  app_send_data_process.o(.text)
    spi_process_revice_data                  0x08005e41   Thumb Code   780  app_send_data_process.o(.text)
    checkout_online_uids                     0x0800614d   Thumb Code   110  app_send_data_process.o(.text)
    get_send_data_table_message              0x080061bb   Thumb Code   142  app_send_data_process.o(.text)
    get_retransmit_messsage                  0x08006249   Thumb Code   104  app_send_data_process.o(.text)
    checkout_retransmit_clickers             0x080062b1   Thumb Code    88  app_send_data_process.o(.text)
    check_is_revice_over                     0x08006309   Thumb Code    96  app_send_data_process.o(.text)
    retransmit_env_init                      0x08006369   Thumb Code    28  app_send_data_process.o(.text)
    retansmit_data                           0x08006385   Thumb Code   144  app_send_data_process.o(.text)
    send_data_result                         0x08006415   Thumb Code   538  app_send_data_process.o(.text)
    retransmit_data_to_next_clicker          0x0800662f   Thumb Code    88  app_send_data_process.o(.text)
    spi_write_temp_buffer_to_buffer          0x08006687   Thumb Code   178  app_send_data_process.o(.text)
    send_data_env_init                       0x08006739   Thumb Code   174  app_send_data_process.o(.text)
    change_single_send_data_status           0x080067e7   Thumb Code     6  app_send_data_process.o(.text)
    get_single_send_data_status              0x080067ed   Thumb Code     6  app_send_data_process.o(.text)
    single_send_data_result                  0x080067f3   Thumb Code   106  app_send_data_process.o(.text)
    App_clickers_single_send_data_process    0x0800685d   Thumb Code   278  app_send_data_process.o(.text)
    App_clickers_send_data_process           0x08006973   Thumb Code   252  app_send_data_process.o(.text)
    send_data_process_timer_init             0x08006a6f   Thumb Code   170  app_send_data_process.o(.text)
    message_show_process                     0x08006b69   Thumb Code    42  app_show_message_process.o(.text)
    b_print                                  0x08006b93   Thumb Code    68  app_show_message_process.o(.text)
    rf_change_systick_status                 0x08006bfd   Thumb Code     6  app_systick_package_process.o(.text)
    rf_get_systick_status                    0x08006c03   Thumb Code     6  app_systick_package_process.o(.text)
    systick_set_ack_funcction                0x08006c09   Thumb Code     6  app_systick_package_process.o(.text)
    systick_get_ack_funcction_para           0x08006c0f   Thumb Code     6  app_systick_package_process.o(.text)
    App_clickers_systick_process             0x08006c15   Thumb Code   432  app_systick_package_process.o(.text)
    systick_package_timer_init               0x08006dc5   Thumb Code    32  app_systick_package_process.o(.text)
    change_spi_send_data_process_status      0x08006e01   Thumb Code     6  app_spi_send_data_process.o(.text)
    get_spi_send_data_process_status         0x08006e07   Thumb Code     6  app_spi_send_data_process.o(.text)
    App_spi_send_data_process                0x08006e0d   Thumb Code   212  app_spi_send_data_process.o(.text)
    spi_send_data_write_tx_payload           0x08006ee1   Thumb Code   134  app_spi_send_data_process.o(.text)
    rf_set_card_status                       0x08006f85   Thumb Code     6  app_card_process.o(.text)
    rf_get_card_status                       0x08006f8b   Thumb Code     6  app_card_process.o(.text)
    App_card_process                         0x08006f91   Thumb Code  1344  app_card_process.o(.text)
    card_timer_init                          0x080074d1   Thumb Code    44  app_card_process.o(.text)
    SysClockInit                             0x08007539   Thumb Code   210  app_timer.o(.text)
    DelayMs                                  0x0800760b   Thumb Code    20  app_timer.o(.text)
    TimingDelay_Decrement                    0x0800761f   Thumb Code    28  app_timer.o(.text)
    IWDG_Configuration                       0x0800763b   Thumb Code    34  app_timer.o(.text)
    Delay2us                                 0x0800765d   Thumb Code    28  app_timer.o(.text)
    Delay3us                                 0x08007679   Thumb Code    16  app_timer.o(.text)
    Delay10us                                0x08007689   Thumb Code    28  app_timer.o(.text)
    Timer_list_handler                       0x080076a5   Thumb Code   134  app_timer.o(.text)
    sw_register_timer                        0x0800772b   Thumb Code    50  app_timer.o(.text)
    sw_unregister_timer                      0x0800775d   Thumb Code    14  app_timer.o(.text)
    sw_set_sattus                            0x0800776b   Thumb Code     6  app_timer.o(.text)
    sw_get_status                            0x08007771   Thumb Code     8  app_timer.o(.text)
    sw_set_cnt                               0x08007779   Thumb Code     4  app_timer.o(.text)
    sw_get_cnt                               0x0800777d   Thumb Code     6  app_timer.o(.text)
    sw_inc_cnt                               0x08007783   Thumb Code     8  app_timer.o(.text)
    sw_timer_init                            0x0800778b   Thumb Code    72  app_timer.o(.text)
    sw_create_timer                          0x080077d3   Thumb Code    42  app_timer.o(.text)
    sw_clear_timer                           0x080077fd   Thumb Code    16  app_timer.o(.text)
    systemtick_timeout_callback              0x0800780d   Thumb Code   106  app_timer.o(.text)
    system_timer_init                        0x08007877   Thumb Code    50  app_timer.o(.text)
    Usart1_Init                              0x080078cd   Thumb Code   156  init.o(.text)
    Platform_Init                            0x08007969   Thumb Code   124  init.o(.text)
    Usart2_Init                              0x080079e5   Thumb Code   152  init.o(.text)
    uesb_nrf_get_irq_flags                   0x08007ab1   Thumb Code   246  init.o(.text)
    uesb_nrf_write_tx_payload                0x08007ba7   Thumb Code   154  init.o(.text)
    uart_clear_message                       0x08007c61   Thumb Code    22  stm32f10x_it.o(.text)
    uart_revice_data_state_mechine           0x08007c77   Thumb Code   320  stm32f10x_it.o(.text)
    uart_send_data_state_machine             0x08007db7   Thumb Code   198  stm32f10x_it.o(.text)
    NMI_Handler                              0x08007e7d   Thumb Code     8  stm32f10x_it.o(.text)
    HardFault_Handler                        0x08007e85   Thumb Code     8  stm32f10x_it.o(.text)
    MemManage_Handler                        0x08007e8d   Thumb Code     8  stm32f10x_it.o(.text)
    BusFault_Handler                         0x08007e95   Thumb Code     8  stm32f10x_it.o(.text)
    UsageFault_Handler                       0x08007e9d   Thumb Code     4  stm32f10x_it.o(.text)
    SVC_Handler                              0x08007ea1   Thumb Code     2  stm32f10x_it.o(.text)
    DebugMon_Handler                         0x08007ea3   Thumb Code     2  stm32f10x_it.o(.text)
    PendSV_Handler                           0x08007ea5   Thumb Code     2  stm32f10x_it.o(.text)
    SysTick_Handler                          0x08007ea7   Thumb Code    54  stm32f10x_it.o(.text)
    USART1_IRQHandler                        0x08007edd   Thumb Code    82  stm32f10x_it.o(.text)
    EXTI9_5_IRQHandler                       0x08007f2f   Thumb Code   116  stm32f10x_it.o(.text)
    buffer_get_buffer_status                 0x08007fdd   Thumb Code     8  ringbuffer.o(.text)
    serial_ringbuffer_write_data             0x08008137   Thumb Code   114  ringbuffer.o(.text)
    serial_ringbuffer_read_data              0x080081a9   Thumb Code   132  ringbuffer.o(.text)
    spi_write_data_to_buffer                 0x0800822d   Thumb Code   100  ringbuffer.o(.text)
    spi_read_data_from_buffer                0x08008291   Thumb Code    92  ringbuffer.o(.text)
    serial_ringbuffer_get_usage_rate         0x080082ed   Thumb Code    26  ringbuffer.o(.text)
    print_write_data_to_buffer               0x08008307   Thumb Code    58  ringbuffer.o(.text)
    print_read_data_to_buffer                0x08008341   Thumb Code    76  ringbuffer.o(.text)
    get_mcu_uid                              0x080083a5   Thumb Code   202  version.o(.text)
    clear_current_uid_index                  0x08008481   Thumb Code     8  whitelist.o(.text)
    clear_white_list_table                   0x08008489   Thumb Code    28  whitelist.o(.text)
    flash_white_list_use_table               0x080084a5   Thumb Code    30  whitelist.o(.text)
    get_index_of_white_list_pos_status       0x080084c3   Thumb Code    56  whitelist.o(.text)
    get_white_list_from_flash                0x080084fb   Thumb Code   152  whitelist.o(.text)
    store_len_to_fee                         0x08008593   Thumb Code    28  whitelist.o(.text)
    set_index_of_white_list_pos              0x080085af   Thumb Code   100  whitelist.o(.text)
    clear_index_of_white_list_pos            0x08008613   Thumb Code    96  whitelist.o(.text)
    get_nouse_pos_of_white_list              0x08008673   Thumb Code    36  whitelist.o(.text)
    uidcmp                                   0x08008697   Thumb Code    42  whitelist.o(.text)
    get_index_of_uid                         0x080086c1   Thumb Code    42  whitelist.o(.text)
    clear_index_of_uid                       0x080086eb   Thumb Code    14  whitelist.o(.text)
    add_index_of_uid                         0x080086f9   Thumb Code    70  whitelist.o(.text)
    get_len_of_white_list                    0x0800873f   Thumb Code    40  whitelist.o(.text)
    store_switch_status_to_fee               0x08008767   Thumb Code    30  whitelist.o(.text)
    initialize_white_list                    0x08008785   Thumb Code    86  whitelist.o(.text)
    search_uid_in_white_list                 0x080087db   Thumb Code    72  whitelist.o(.text)
    delete_uid_from_white_list               0x08008823   Thumb Code    34  whitelist.o(.text)
    add_uid_to_white_list                    0x08008845   Thumb Code    68  whitelist.o(.text)
    get_next_uid_of_white_list               0x08008889   Thumb Code   102  whitelist.o(.text)
    __aeabi_memcpy                           0x080088f5   Thumb Code    36  memcpya.o(.text)
    __aeabi_memcpy4                          0x080088f5   Thumb Code     0  memcpya.o(.text)
    __aeabi_memcpy8                          0x080088f5   Thumb Code     0  memcpya.o(.text)
    __aeabi_memset                           0x08008919   Thumb Code    14  memseta.o(.text)
    __aeabi_memset4                          0x08008919   Thumb Code     0  memseta.o(.text)
    __aeabi_memset8                          0x08008919   Thumb Code     0  memseta.o(.text)
    __aeabi_memclr                           0x08008927   Thumb Code     4  memseta.o(.text)
    __aeabi_memclr4                          0x08008927   Thumb Code     0  memseta.o(.text)
    __aeabi_memclr8                          0x08008927   Thumb Code     0  memseta.o(.text)
    _memset$wrapper                          0x0800892b   Thumb Code    18  memseta.o(.text)
    __aeabi_uidiv                            0x0800893d   Thumb Code     0  uidiv.o(.text)
    __aeabi_uidivmod                         0x0800893d   Thumb Code    44  uidiv.o(.text)
    __aeabi_uldivmod                         0x08008969   Thumb Code    98  uldiv.o(.text)
    __I$use$fp                               0x080089cb   Thumb Code     0  iusefp.o(.text)
    __aeabi_dadd                             0x080089cb   Thumb Code   322  dadd.o(.text)
    __aeabi_dsub                             0x08008b0d   Thumb Code     6  dadd.o(.text)
    __aeabi_drsub                            0x08008b13   Thumb Code     6  dadd.o(.text)
    __aeabi_dmul                             0x08008b19   Thumb Code   228  dmul.o(.text)
    __aeabi_ddiv                             0x08008bfd   Thumb Code   222  ddiv.o(.text)
    __aeabi_d2ulz                            0x08008cdb   Thumb Code    48  dfixul.o(.text)
    __aeabi_cdrcmple                         0x08008d0d   Thumb Code    48  cdrcmple.o(.text)
    __scatterload                            0x08008d3d   Thumb Code    28  init.o(.text)
    __scatterload_rt2                        0x08008d3d   Thumb Code     0  init.o(.text)
    __aeabi_llsl                             0x08008d61   Thumb Code    30  llshl.o(.text)
    _ll_shift_l                              0x08008d61   Thumb Code     0  llshl.o(.text)
    __aeabi_llsr                             0x08008d7f   Thumb Code    32  llushr.o(.text)
    _ll_ushift_r                             0x08008d7f   Thumb Code     0  llushr.o(.text)
    __aeabi_lasr                             0x08008d9f   Thumb Code    36  llsshr.o(.text)
    _ll_sshift_r                             0x08008d9f   Thumb Code     0  llsshr.o(.text)
    _double_round                            0x08008dc3   Thumb Code    30  depilogue.o(.text)
    _double_epilogue                         0x08008de1   Thumb Code   156  depilogue.o(.text)
    __0printf$8                              0x08008e7d   Thumb Code    22  printf8.o(i.__0printf$8)
    __1printf$8                              0x08008e7d   Thumb Code     0  printf8.o(i.__0printf$8)
    __2printf                                0x08008e7d   Thumb Code     0  printf8.o(i.__0printf$8)
    __0vsprintf                              0x08008e9d   Thumb Code    30  printfa.o(i.__0vsprintf)
    __1vsprintf                              0x08008e9d   Thumb Code     0  printfa.o(i.__0vsprintf)
    __2vsprintf                              0x08008e9d   Thumb Code     0  printfa.o(i.__0vsprintf)
    __c89vsprintf                            0x08008e9d   Thumb Code     0  printfa.o(i.__0vsprintf)
    vsprintf                                 0x08008e9d   Thumb Code     0  printfa.o(i.__0vsprintf)
    __scatterload_copy                       0x08008ec1   Thumb Code    14  handlers.o(i.__scatterload_copy)
    __scatterload_null                       0x08008ecf   Thumb Code     2  handlers.o(i.__scatterload_null)
    __scatterload_zeroinit                   0x08008ed1   Thumb Code    14  handlers.o(i.__scatterload_zeroinit)
    GPIO_PIN                                 0x08009be0   Data           8  gpio.o(.constdata)
    GPIO_CLK                                 0x08009be8   Data          16  gpio.o(.constdata)
    BufferSize                               0x08009bf8   Data          20  ringbuffer.o(.constdata)
    software                                 0x08009c0c   Data           3  version.o(.constdata)
    hardware                                 0x08009c0f   Data          30  version.o(.constdata)
    company                                  0x08009c2d   Data          16  version.o(.constdata)
    Region$$Table$$Base                      0x08009c40   Number         0  anon$$obj.o(Region$$Table)
    Region$$Table$$Limit                     0x08009c60   Number         0  anon$$obj.o(Region$$Table)
    SystemCoreClock                          0x20000000   Data           4  system_stm32f10x.o(.data)
    AHBPrescTable                            0x20000004   Data          16  system_stm32f10x.o(.data)
    DataVar                                  0x2000002a   Data           2  eeprom.o(.data)
    GPIO_PORT                                0x2000002c   Data          16  gpio.o(.data)
    serial_cmd_status                        0x2000003d   Data           1  app_serial_cmd_process.o(.data)
    serial_cmd_type                          0x2000003e   Data           1  app_serial_cmd_process.o(.data)
    err_cmd_type                             0x2000003f   Data           1  app_serial_cmd_process.o(.data)
    is_open_statistic                        0x20000040   Data           1  app_send_data_process.o(.data)
    single_send_data_status                  0x20000041   Data           1  app_send_data_process.o(.data)
    single_sned_data_count                   0x20000042   Data           1  app_send_data_process.o(.data)
    retranmist_data_status                   0x20000043   Data           1  app_send_data_process.o(.data)
    clicker_send_data_status                 0x20000044   Data           1  app_send_data_process.o(.data)
    rf_online_index                          0x20000047   Data           2  app_send_data_process.o(.data)
    NDEF_Len                                 0x20000070   Data           2  app_card_process.o(.data)
    PowerOnTime                              0x2000007c   Data           4  app_timer.o(.data)
    system_timer_status                      0x20000080   Data           1  app_timer.o(.data)
    clicker_test_printf_flg                  0x20000084   Data           4  stm32f10x_it.o(.data)
    uart_tx_status                           0x2000008e   Data           1  stm32f10x_it.o(.data)
    spi_status_write_index                   0x2000008f   Data           1  stm32f10x_it.o(.data)
    spi_status_read_index                    0x20000090   Data           1  stm32f10x_it.o(.data)
    spi_status_count                         0x20000091   Data           1  stm32f10x_it.o(.data)
    irq_flag                                 0x20000092   Data           1  stm32f10x_it.o(.data)
    gbf_hse_setup_fail                       0x2000009c   Data           1  variable.o(.data)
    delay_nms                                0x2000009e   Data           2  variable.o(.data)
    jsq_uid                                  0x200000bd   Data           8  version.o(.data)
    uid_p                                    0x200000c5   Data           1  whitelist.o(.data)
    uid_len                                  0x200000c6   Data           1  whitelist.o(.data)
    rf_current_uid_index                     0x200000c7   Data           1  whitelist.o(.data)
    __stdout                                 0x200000c8   Data           4  stdout.o(.data)
    Command                                  0x200000cc   Data         252  m24sr_cmd.o(.bss)
    DataBuffer                               0x200001c8   Data         246  m24sr_cmd.o(.bss)
    uM24SRbuffer                             0x200002be   Data         246  m24sr_cmd.o(.bss)
    backup_massage                           0x200003b4   Data         249  app_serial_cmd_process.o(.bss)
    Send_data_process                        0x200006a0   Data          31  app_send_data_process.o(.bss)
    Single_send_data_process                 0x200006bf   Data          31  app_send_data_process.o(.bss)
    send_data_process_tcb                    0x200006de   Data          12  app_send_data_process.o(.bss)
    systick_process                          0x200008dc   Data          31  app_systick_package_process.o(.bss)
    Card_process                             0x20000e0f   Data          31  app_card_process.o(.bss)
    g_cardType                               0x20000f27   Data          40  app_card_process.o(.bss)
    respon                                   0x20000f4f   Data         266  app_card_process.o(.bss)
    NDEF_DataWrite                           0x20001059   Data          30  app_card_process.o(.bss)
    NDEF_DataRead                            0x20001077   Data         255  app_card_process.o(.bss)
    timer_list                               0x20001178   Data         100  app_timer.o(.bss)
    retransmit_timer                         0x200011dc   Data          24  app_timer.o(.bss)
    system_timer                             0x200011f4   Data          24  app_timer.o(.bss)
    send_data1_timer                         0x2000120c   Data          24  app_timer.o(.bss)
    send_data2_timer                         0x20001224   Data          24  app_timer.o(.bss)
    send_data3_timer                         0x2000123c   Data          24  app_timer.o(.bss)
    request_data_timer                       0x20001254   Data          24  app_timer.o(.bss)
    single_send_data_timer                   0x2000126c   Data          24  app_timer.o(.bss)
    spi_send_data_timer                      0x20001284   Data          24  app_timer.o(.bss)
    spi_send_data_timer1                     0x2000129c   Data          24  app_timer.o(.bss)
    systick_package_timer                    0x200012b4   Data          24  app_timer.o(.bss)
    card_buzzer_timer                        0x200012cc   Data          24  app_timer.o(.bss)
    card_second_find_timer                   0x200012e4   Data          24  app_timer.o(.bss)
    system_rtc_timer                         0x200012fc   Data          12  app_timer.o(.bss)
    spi_cmd_type                             0x20001308   Data         260  init.o(.bss)
    nrf_data                                 0x2000140c   Data         510  init.o(.bss)
    uart_irq_revice_massage                  0x2000160a   Data         249  stm32f10x_it.o(.bss)
    uart_irq_send_massage                    0x20001703   Data         249  stm32f10x_it.o(.bss)
    spi_status_buffer                        0x200017fc   Data         108  stm32f10x_it.o(.bss)
    rf_var                                   0x20001868   Data         241  variable.o(.bss)
    g_cSNR                                   0x20003584   Data          10  whitelist.o(.bss)
    list_tcb_table                           0x2000358e   Data         256  whitelist.o(.bss)
    wl                                       0x20003690   Data        2408  whitelist.o(.bss)
    revicer                                  0x20003ff8   Data          12  whitelist.o(.bss)
    __initial_sp                             0x20004808   Data           0  startup_stm32f10x_md.o(STACK)



==============================================================================

Memory Map of the image

  Image Entry point : 0x080000ed

  Load Region LR_IROM1 (Base: 0x08000000, Size: 0x00009d2c, Max: 0x00020000, ABSOLUTE)

    Execution Region ER_IROM1 (Base: 0x08000000, Size: 0x00009c60, Max: 0x00020000, ABSOLUTE)

    Base Addr    Size         Type   Attr      Idx    E Section Name        Object

    0x08000000   0x000000ec   Data   RO           64    RESET               startup_stm32f10x_md.o
    0x080000ec   0x00000000   Code   RO          669  * .ARM.Collect$$$$00000000  mc_w.l(entry.o)
    0x080000ec   0x00000004   Code   RO          939    .ARM.Collect$$$$00000001  mc_w.l(entry2.o)
    0x080000f0   0x00000004   Code   RO          942    .ARM.Collect$$$$00000004  mc_w.l(entry5.o)
    0x080000f4   0x00000000   Code   RO          944    .ARM.Collect$$$$00000008  mc_w.l(entry7b.o)
    0x080000f4   0x00000000   Code   RO          946    .ARM.Collect$$$$0000000A  mc_w.l(entry8b.o)
    0x080000f4   0x00000008   Code   RO          947    .ARM.Collect$$$$0000000B  mc_w.l(entry9a.o)
    0x080000fc   0x00000000   Code   RO          949    .ARM.Collect$$$$0000000D  mc_w.l(entry10a.o)
    0x080000fc   0x00000000   Code   RO          951    .ARM.Collect$$$$0000000F  mc_w.l(entry11a.o)
    0x080000fc   0x00000004   Code   RO          940    .ARM.Collect$$$$00002712  mc_w.l(entry2.o)
    0x08000100   0x00000000   Code   RO          581    .emb_text           stm32f10x_it.o
    0x08000100   0x00000264   Code   RO            1    .text               system_stm32f10x.o
    0x08000364   0x00000024   Code   RO           65    .text               startup_stm32f10x_md.o
    0x08000388   0x000000dc   Code   RO           80    .text               misc.o
    0x08000464   0x0000011c   Code   RO           96    .text               stm32f10x_exti.o
    0x08000580   0x000005bc   Code   RO          108    .text               stm32f10x_flash.o
    0x08000b3c   0x0000035c   Code   RO          120    .text               stm32f10x_gpio.o
    0x08000e98   0x00000040   Code   RO          132    .text               stm32f10x_iwdg.o
    0x08000ed8   0x000003a8   Code   RO          144    .text               stm32f10x_rcc.o
    0x08001280   0x0000030c   Code   RO          158    .text               stm32f10x_spi.o
    0x0800158c   0x00000e1a   Code   RO          170    .text               stm32f10x_tim.o
    0x080023a6   0x00000002   PAD
    0x080023a8   0x00000408   Code   RO          182    .text               stm32f10x_usart.o
    0x080027b0   0x000004ec   Code   RO          194    .text               m24sr_cmd.o
    0x08002c9c   0x00000324   Code   RO          217    .text               mfrc500.o
    0x08002fc0   0x000004f4   Code   RO          300    .text               nrf.o
    0x080034b4   0x00000544   Code   RO          323    .text               eeprom.o
    0x080039f8   0x000000ec   Code   RO          338    .text               gpio.o
    0x08003ae4   0x00000074   Code   RO          354    .text               baord.o
    0x08003b58   0x0000070e   Code   RO          366    .text               mfrc500_hw.o
    0x08004266   0x00000002   PAD
    0x08004268   0x000008ac   Code   RO          378    .text               mfrc500_ios14443.o
    0x08004b14   0x0000000c   Code   RO          391    .text               main.o
    0x08004b20   0x0000001c   Code   RO          406    .text               app_handle_layer.o
    0x08004b3c   0x00000fec   Code   RO          425    .text               app_serial_cmd_process.o
    0x08005b28   0x00001040   Code   RO          442    .text               app_send_data_process.o
    0x08006b68   0x00000094   Code   RO          462    .text               app_show_message_process.o
    0x08006bfc   0x00000204   Code   RO          481    .text               app_systick_package_process.o
    0x08006e00   0x00000184   Code   RO          498    .text               app_spi_send_data_process.o
    0x08006f84   0x000005b4   Code   RO          513    .text               app_card_process.o
    0x08007538   0x00000394   Code   RO          537    .text               app_timer.o
    0x080078cc   0x00000394   Code   RO          561    .text               init.o
    0x08007c60   0x0000037c   Code   RO          582    .text               stm32f10x_it.o
    0x08007fdc   0x000003c8   Code   RO          613    .text               ringbuffer.o
    0x080083a4   0x000000dc   Code   RO          630    .text               version.o
    0x08008480   0x00000474   Code   RO          650    .text               whitelist.o
    0x080088f4   0x00000024   Code   RO          672    .text               mc_w.l(memcpya.o)
    0x08008918   0x00000024   Code   RO          674    .text               mc_w.l(memseta.o)
    0x0800893c   0x0000002c   Code   RO          954    .text               mc_w.l(uidiv.o)
    0x08008968   0x00000062   Code   RO          956    .text               mc_w.l(uldiv.o)
    0x080089ca   0x00000000   Code   RO          958    .text               mc_w.l(iusefp.o)
    0x080089ca   0x0000014e   Code   RO          959    .text               mf_w.l(dadd.o)
    0x08008b18   0x000000e4   Code   RO          961    .text               mf_w.l(dmul.o)
    0x08008bfc   0x000000de   Code   RO          963    .text               mf_w.l(ddiv.o)
    0x08008cda   0x00000030   Code   RO          965    .text               mf_w.l(dfixul.o)
    0x08008d0a   0x00000002   PAD
    0x08008d0c   0x00000030   Code   RO          967    .text               mf_w.l(cdrcmple.o)
    0x08008d3c   0x00000024   Code   RO          969    .text               mc_w.l(init.o)
    0x08008d60   0x0000001e   Code   RO          971    .text               mc_w.l(llshl.o)
    0x08008d7e   0x00000020   Code   RO          973    .text               mc_w.l(llushr.o)
    0x08008d9e   0x00000024   Code   RO          975    .text               mc_w.l(llsshr.o)
    0x08008dc2   0x000000ba   Code   RO          977    .text               mf_w.l(depilogue.o)
    0x08008e7c   0x00000020   Code   RO          885    i.__0printf$8       mc_w.l(printf8.o)
    0x08008e9c   0x00000024   Code   RO          917    i.__0vsprintf       mc_w.l(printfa.o)
    0x08008ec0   0x0000000e   Code   RO          981    i.__scatterload_copy  mc_w.l(handlers.o)
    0x08008ece   0x00000002   Code   RO          982    i.__scatterload_null  mc_w.l(handlers.o)
    0x08008ed0   0x0000000e   Code   RO          983    i.__scatterload_zeroinit  mc_w.l(handlers.o)
    0x08008ede   0x00000002   PAD
    0x08008ee0   0x00000164   Code   RO          918    i._fp_digits        mc_w.l(printfa.o)
    0x08009044   0x00000410   Code   RO          892    i._printf_core      mc_w.l(printf8.o)
    0x08009454   0x000006dc   Code   RO          919    i._printf_core      mc_w.l(printfa.o)
    0x08009b30   0x00000024   Code   RO          893    i._printf_post_padding  mc_w.l(printf8.o)
    0x08009b54   0x00000024   Code   RO          920    i._printf_post_padding  mc_w.l(printfa.o)
    0x08009b78   0x0000002e   Code   RO          894    i._printf_pre_padding  mc_w.l(printf8.o)
    0x08009ba6   0x0000002e   Code   RO          921    i._printf_pre_padding  mc_w.l(printfa.o)
    0x08009bd4   0x0000000a   Code   RO          923    i._sputc            mc_w.l(printfa.o)
    0x08009bde   0x00000002   PAD
    0x08009be0   0x00000018   Data   RO          339    .constdata          gpio.o
    0x08009bf8   0x00000014   Data   RO          615    .constdata          ringbuffer.o
    0x08009c0c   0x00000031   Data   RO          631    .constdata          version.o
    0x08009c3d   0x00000003   PAD
    0x08009c40   0x00000020   Data   RO          979    Region$$Table       anon$$obj.o


    Execution Region RW_IRAM1 (Base: 0x20000000, Size: 0x00004808, Max: 0x00005000, ABSOLUTE)

    Base Addr    Size         Type   Attr      Idx    E Section Name        Object

    0x20000000   0x00000014   Data   RW            2    .data               system_stm32f10x.o
    0x20000014   0x00000014   Data   RW          145    .data               stm32f10x_rcc.o
    0x20000028   0x00000001   Data   RW          196    .data               m24sr_cmd.o
    0x20000029   0x00000001   PAD
    0x2000002a   0x00000002   Data   RW          324    .data               eeprom.o
    0x2000002c   0x00000010   Data   RW          340    .data               gpio.o
    0x2000003c   0x00000004   Data   RW          427    .data               app_serial_cmd_process.o
    0x20000040   0x00000022   Data   RW          444    .data               app_send_data_process.o
    0x20000062   0x00000002   Data   RW          483    .data               app_systick_package_process.o
    0x20000064   0x00000008   Data   RW          500    .data               app_spi_send_data_process.o
    0x2000006c   0x0000000c   Data   RW          515    .data               app_card_process.o
    0x20000078   0x00000009   Data   RW          539    .data               app_timer.o
    0x20000081   0x00000003   PAD
    0x20000084   0x00000018   Data   RW          584    .data               stm32f10x_it.o
    0x2000009c   0x00000004   Data   RW          600    .data               variable.o
    0x200000a0   0x0000001d   Data   RW          616    .data               ringbuffer.o
    0x200000bd   0x00000008   Data   RW          632    .data               version.o
    0x200000c5   0x00000003   Data   RW          652    .data               whitelist.o
    0x200000c8   0x00000004   Data   RW          953    .data               mc_w.l(stdout.o)
    0x200000cc   0x000002e8   Zero   RW          195    .bss                m24sr_cmd.o
    0x200003b4   0x000002eb   Zero   RW          426    .bss                app_serial_cmd_process.o
    0x2000069f   0x00000001   PAD
    0x200006a0   0x0000023c   Zero   RW          443    .bss                app_send_data_process.o
    0x200008dc   0x0000001f   Zero   RW          482    .bss                app_systick_package_process.o
    0x200008fb   0x00000514   Zero   RW          499    .bss                app_spi_send_data_process.o
    0x20000e0f   0x00000367   Zero   RW          514    .bss                app_card_process.o
    0x20001176   0x00000002   PAD
    0x20001178   0x00000190   Zero   RW          538    .bss                app_timer.o
    0x20001308   0x00000302   Zero   RW          562    .bss                init.o
    0x2000160a   0x0000025e   Zero   RW          583    .bss                stm32f10x_it.o
    0x20001868   0x000000f1   Zero   RW          599    .bss                variable.o
    0x20001959   0x00000003   PAD
    0x2000195c   0x00001c28   Zero   RW          614    .bss                ringbuffer.o
    0x20003584   0x00000a80   Zero   RW          651    .bss                whitelist.o
    0x20004004   0x00000004   PAD
    0x20004008   0x00000800   Zero   RW           62    STACK               startup_stm32f10x_md.o


==============================================================================

Image component sizes


      Code (inc. data)   RO Data    RW Data    ZI Data      Debug   Object Name

      1460        164          0         12        871       4473   app_card_process.o
        28          0          0          0          0        467   app_handle_layer.o
      4160        262          0         34        572      14305   app_send_data_process.o
      4076        170          0          4        747       9538   app_serial_cmd_process.o
       148         38          0          0          0       1395   app_show_message_process.o
       388         30          0          8       1300       2232   app_spi_send_data_process.o
       516         28          0          2         31       2104   app_systick_package_process.o
       916         36          0          9        400      21821   app_timer.o
       116          4          0          0          0       1425   baord.o
      1348         20          0          2          0       5179   eeprom.o
       236         16         24         16          0       1794   gpio.o
       916         32          0          0        770      18705   init.o
      1260         34          0          1        744       8177   m24sr_cmd.o
        12          0          0          0          0        415   main.o
       804          6          0          0          0      10142   mfrc500.o
      1806         64          0          0          0       4122   mfrc500_hw.o
      2220         10          0          0          0      11781   mfrc500_ios14443.o
       220         22          0          0          0       1873   misc.o
      1268         62          0          0          0       5581   nrf.o
       968         24         20         29       7208       5010   ringbuffer.o
        36          8        236          0       2048        912   startup_stm32f10x_md.o
       284         10          0          0          0       2331   stm32f10x_exti.o
      1468         34          0          0          0       8274   stm32f10x_flash.o
       860         38          0          0          0       5805   stm32f10x_gpio.o
       892         66          0         24        606       4009   stm32f10x_it.o
        64          6          0          0          0       1301   stm32f10x_iwdg.o
       936         40          0         20          0       8984   stm32f10x_rcc.o
       780         14          0          0          0       6686   stm32f10x_spi.o
      3610         88          0          0          0      22916   stm32f10x_tim.o
      1032         22          0          0          0       8528   stm32f10x_usart.o
       612         44          0         20          0     269640   system_stm32f10x.o
         0          0          0          4        241       1536   variable.o
       220         18         49          8          0       1193   version.o
      1140         20          0          3       2688       7246   whitelist.o

    ----------------------------------------------------------------------
     34804       1430        364        200      18236     479900   Object Totals
         0          0         32          0          0          0   (incl. Generated)
         4          0          3          4         10          0   (incl. Padding)

    ----------------------------------------------------------------------

      Code (inc. data)   RO Data    RW Data    ZI Data      Debug   Library Member Name

         0          0          0          0          0          0   entry.o
         0          0          0          0          0          0   entry10a.o
         0          0          0          0          0          0   entry11a.o
         8          4          0          0          0          0   entry2.o
         4          0          0          0          0          0   entry5.o
         0          0          0          0          0          0   entry7b.o
         0          0          0          0          0          0   entry8b.o
         8          4          0          0          0          0   entry9a.o
        30          0          0          0          0          0   handlers.o
        36          8          0          0          0         68   init.o
         0          0          0          0          0          0   iusefp.o
        30          0          0          0          0         68   llshl.o
        36          0          0          0          0         68   llsshr.o
        32          0          0          0          0         68   llushr.o
        36          0          0          0          0         68   memcpya.o
        36          0          0          0          0        108   memseta.o
      1154         54          0          0          0        352   printf8.o
      2240         86          0          0          0        508   printfa.o
         0          0          0          4          0          0   stdout.o
        44          0          0          0          0         80   uidiv.o
        98          0          0          0          0         92   uldiv.o
        48          0          0          0          0         68   cdrcmple.o
       334          0          0          0          0        148   dadd.o
       222          0          0          0          0        100   ddiv.o
       186          0          0          0          0        176   depilogue.o
        48          0          0          0          0         68   dfixul.o
       228          0          0          0          0         96   dmul.o

    ----------------------------------------------------------------------
      4864        156          0          4          0       2136   Library Totals
         6          0          0          0          0          0   (incl. Padding)

    ----------------------------------------------------------------------

      Code (inc. data)   RO Data    RW Data    ZI Data      Debug   Library Name

      3792        156          0          4          0       1480   mc_w.l
      1066          0          0          0          0        656   mf_w.l

    ----------------------------------------------------------------------
      4864        156          0          4          0       2136   Library Totals

    ----------------------------------------------------------------------

==============================================================================


      Code (inc. data)   RO Data    RW Data    ZI Data      Debug   

     39668       1586        364        204      18236     477664   Grand Totals
     39668       1586        364        204      18236     477664   ELF Image Totals
     39668       1586        364        204          0          0   ROM Totals

==============================================================================

    Total RO  Size (Code + RO Data)                40032 (  39.09kB)
    Total RW  Size (RW Data + ZI Data)             18440 (  18.01kB)
    Total ROM Size (Code + RO Data + RW Data)      40236 (  39.29kB)

==============================================================================

