Component: ARM Compiler 5.06 update 1 (build 61) Tool: armlink [4d35a8]

==============================================================================

Section Cross References

    system_stm32f10x.o(.text) refers to stm32f10x_rcc.o(.text) for RCC_DeInit
    system_stm32f10x.o(.text) refers to variable.o(.data) for gbf_hse_setup_fail
    system_stm32f10x.o(.text) refers to system_stm32f10x.o(.data) for SystemCoreClock
    startup_stm32f10x_md.o(RESET) refers to startup_stm32f10x_md.o(STACK) for __initial_sp
    startup_stm32f10x_md.o(RESET) refers to startup_stm32f10x_md.o(.text) for Reset_Handler
    startup_stm32f10x_md.o(RESET) refers to stm32f10x_it.o(.text) for NMI_Handler
    startup_stm32f10x_md.o(.text) refers to system_stm32f10x.o(.text) for SystemInit
    startup_stm32f10x_md.o(.text) refers to entry.o(.ARM.Collect$$$$00000000) for __main
    stm32f10x_gpio.o(.text) refers to stm32f10x_rcc.o(.text) for RCC_APB2PeriphResetCmd
    stm32f10x_rcc.o(.text) refers to stm32f10x_rcc.o(.data) for APBAHBPrescTable
    stm32f10x_spi.o(.text) refers to stm32f10x_rcc.o(.text) for RCC_APB2PeriphResetCmd
    stm32f10x_tim.o(.text) refers to stm32f10x_rcc.o(.text) for RCC_APB2PeriphResetCmd
    stm32f10x_usart.o(.text) refers to stm32f10x_rcc.o(.text) for RCC_APB2PeriphResetCmd
    m24sr_cmd.o(.text) refers to memcpya.o(.text) for __aeabi_memcpy
    m24sr_cmd.o(.text) refers to m24sr_cmd.o(.bss) for Command
    m24sr_cmd.o(.text) refers to m24sr_cmd.o(.data) for BlockNumber
    mfrc500.o(.text) refers to stm32f10x_gpio.o(.text) for GPIO_Init
    mfrc500.o(.text) refers to app_timer.o(.text) for Delay10us
    mfrc500.o(.text) refers to memcpya.o(.text) for __aeabi_memcpy
    mfrc500.o(.text) refers to mfrc500.o(.data) for g_bIblock
    mfrc500.o(.text) refers to m24sr_cmd.o(.text) for M24SR_ComputeCrc
    mfrc500.o(.text) refers to m24sr_cmd.o(.bss) for uM24SRbuffer
    nrf.o(.text) refers to stm32f10x_gpio.o(.text) for GPIO_Init
    nrf.o(.text) refers to stm32f10x_spi.o(.text) for SPI_Init
    nrf.o(.text) refers to misc.o(.text) for NVIC_PriorityGroupConfig
    nrf.o(.text) refers to stm32f10x_exti.o(.text) for EXTI_Init
    nrf.o(.text) refers to stm32f10x_rcc.o(.text) for RCC_APB1PeriphClockCmd
    nrf.o(.text) refers to stm32f10x_tim.o(.text) for TIM_TimeBaseInit
    nrf.o(.text) refers to memcpya.o(.text) for __aeabi_memcpy
    nrf.o(.text) refers to baord.o(.text) for XOR_Cal
    nrf.o(.text) refers to app_spi_send_data_process.o(.text) for spi_send_data_write_tx_payload
    nrf.o(.text) refers to whitelist.o(.text) for search_uid_in_white_list
    nrf.o(.text) refers to whitelist.o(.bss) for revicer
    nrf.o(.text) refers to init.o(.bss) for nrf_communication
    eeprom.o(.text) refers to stm32f10x_flash.o(.text) for FLASH_ErasePage
    eeprom.o(.text) refers to eeprom.o(.data) for DataVar
    gpio.o(.text) refers to stm32f10x_rcc.o(.text) for RCC_APB2PeriphClockCmd
    gpio.o(.text) refers to stm32f10x_gpio.o(.text) for GPIO_Init
    gpio.o(.text) refers to gpio.o(.constdata) for GPIO_CLK
    gpio.o(.text) refers to gpio.o(.data) for GPIO_PORT
    baord.o(.text) refers to stm32f10x_usart.o(.text) for USART_SendData
    main.o(.text) refers to init.o(.text) for Platform_Init
    main.o(.text) refers to app_handle_layer.o(.text) for app_handle_layer
    app_handle_layer.o(.text) refers to app_send_data_process.o(.text) for App_clickers_send_data_process
    app_handle_layer.o(.text) refers to app_serial_cmd_process.o(.text) for App_seirial_cmd_process
    app_handle_layer.o(.text) refers to app_card_process.o(.text) for App_card_process
    app_handle_layer.o(.text) refers to app_systick_package_process.o(.text) for App_clickers_systick_process
    app_handle_layer.o(.text) refers to app_show_message_process.o(.text) for message_show_process
    app_handle_layer.o(.text) refers to app_spi_send_data_process.o(.text) for App_spi_send_data_process
    app_serial_cmd_process.o(.text) refers to memseta.o(.text) for __aeabi_memset
    app_serial_cmd_process.o(.text) refers to baord.o(.text) for XOR_Cal
    app_serial_cmd_process.o(.text) refers to app_systick_package_process.o(.text) for systick_set_ack_funcction
    app_serial_cmd_process.o(.text) refers to whitelist.o(.text) for get_index_of_uid
    app_serial_cmd_process.o(.text) refers to app_card_process.o(.text) for rf_get_card_status
    app_serial_cmd_process.o(.text) refers to app_send_data_process.o(.bss) for send_data_process_tcb
    app_serial_cmd_process.o(.text) refers to app_card_process.o(.bss) for Card_process
    app_serial_cmd_process.o(.text) refers to whitelist.o(.bss) for wl
    app_serial_cmd_process.o(.text) refers to app_serial_cmd_process.o(.bss) for backup_massage
    app_serial_cmd_process.o(.text) refers to version.o(.data) for jsq_uid
    app_serial_cmd_process.o(.text) refers to app_timer.o(.bss) for system_rtc_timer
[...]
    .data                                    0x20000028   Section        1  m24sr_cmd.o(.data)
    BlockNumber                              0x20000028   Data           1  m24sr_cmd.o(.data)
    .data                                    0x20000029   Section        1  mfrc500.o(.data)
    .data                                    0x2000002a   Section        2  eeprom.o(.data)
    .data                                    0x2000002c   Section       16  gpio.o(.data)
    .data                                    0x2000003c   Section        4  app_serial_cmd_process.o(.data)
    whitelist_print_index                    0x2000003c   Data           1  app_serial_cmd_process.o(.data)
    .data                                    0x20000040   Section       32  app_send_data_process.o(.data)
    pre_status                               0x20000044   Data           1  app_send_data_process.o(.data)
    sum_clicker_count                        0x20000045   Data           1  app_send_data_process.o(.data)
    result_check_tables                      0x20000048   Data           2  app_send_data_process.o(.data)
    after_result_status                      0x2000004a   Data           1  app_send_data_process.o(.data)
    retransmit_check_tables                  0x2000004b   Data           4  app_send_data_process.o(.data)
    after_retransmit_status                  0x2000004f   Data           1  app_send_data_process.o(.data)
    message_tcb                              0x20000050   Data           8  app_send_data_process.o(.data)
    retransmit_tcb                           0x20000058   Data           8  app_send_data_process.o(.data)
    .data                                    0x20000060   Section        2  app_systick_package_process.o(.data)
    rf_systick_status                        0x20000060   Data           1  app_systick_package_process.o(.data)
    open_systick_ack                         0x20000061   Data           1  app_systick_package_process.o(.data)
    .data                                    0x20000062   Section        8  app_spi_send_data_process.o(.data)
    spi_send_data_status                     0x20000062   Data           1  app_spi_send_data_process.o(.data)
    spi_send_data_buffer_len                 0x20000063   Data           4  app_spi_send_data_process.o(.data)
    spi_send_data_write_index                0x20000067   Data           1  app_spi_send_data_process.o(.data)
    spi_send_data_read_index                 0x20000068   Data           1  app_spi_send_data_process.o(.data)
    spi_send_data_count                      0x20000069   Data           1  app_spi_send_data_process.o(.data)
    .data                                    0x2000006a   Section        5  app_card_process.o(.data)
    card_process_status                      0x2000006a   Data           1  app_card_process.o(.data)
    wtrte_flash_ok                           0x2000006b   Data           1  app_card_process.o(.data)
    uid_pos                                  0x2000006c   Data           1  app_card_process.o(.data)
    card_message_err                         0x2000006d   Data           1  app_card_process.o(.data)
    find_card_ok                             0x2000006e   Data           1  app_card_process.o(.data)
    .data                                    0x20000070   Section        9  app_timer.o(.data)
    TimingDelay                              0x20000070   Data           4  app_timer.o(.data)
    .data                                    0x2000007c   Section       24  stm32f10x_it.o(.data)
    uart_rx_timeout                          0x20000080   Data           4  stm32f10x_it.o(.data)
    flag_uart_rxing                          0x20000084   Data           1  stm32f10x_it.o(.data)
    uart_status                              0x20000085   Data           1  stm32f10x_it.o(.data)
    uart_rx_cnt                              0x2000008b   Data           1  stm32f10x_it.o(.data)
    temp_sign_len                            0x2000008c   Data           1  stm32f10x_it.o(.data)
    uart_tx_cnt                              0x2000008d   Data           1  stm32f10x_it.o(.data)
    pdata                                    0x20000090   Data           4  stm32f10x_it.o(.data)
    .data                                    0x20000094   Section       33  variable.o(.data)
    .data                                    0x200000b8   Section       29  ringbuffer.o(.data)
    PrintBuffer                              0x200000b8   Data           1  ringbuffer.o(.data)
    pBuffer                                  0x200000bc   Data          20  ringbuffer.o(.data)
    Status                                   0x200000d0   Data           5  ringbuffer.o(.data)
    .data                                    0x200000d5   Section        8  version.o(.data)
    .data                                    0x200000dd   Section        3  whitelist.o(.data)
    .data                                    0x200000e0   Section        4  stdout.o(.data)
    .bss                                     0x200000e4   Section      744  m24sr_cmd.o(.bss)
    .bss                                     0x200003cc   Section      747  app_serial_cmd_process.o(.bss)
    ReviceMessage                            0x200004c5   Data         249  app_serial_cmd_process.o(.bss)
    SendMessage                              0x200005be   Data         249  app_serial_cmd_process.o(.bss)
    .bss                                     0x200006b8   Section      564  app_send_data_process.o(.bss)
    revice_lost_massage                      0x200006fa   Data         249  app_send_data_process.o(.bss)
    revice_ok_massage                        0x200007f3   Data         249  app_send_data_process.o(.bss)
    .bss                                     0x200008ec   Section       27  app_systick_package_process.o(.bss)
    .bss                                     0x20000907   Section     1300  app_spi_send_data_process.o(.bss)
    spi_send_data_buffer                     0x20000907   Data        1300  app_spi_send_data_process.o(.bss)
    .bss                                     0x20000e1b   Section      276  app_card_process.o(.bss)
    card_message                             0x20000e36   Data         249  app_card_process.o(.bss)
    .bss                                     0x20000f30   Section      376  app_timer.o(.bss)
    .bss                                     0x200010a8   Section      770  init.o(.bss)
    .bss                                     0x200013aa   Section      606  stm32f10x_it.o(.bss)
    .bss                                     0x20001608   Section      802  variable.o(.bss)
    .bss                                     0x2000192c   Section     7208  ringbuffer.o(.bss)
    UartReviceBuffer                         0x2000192c   Data        1024  ringbuffer.o(.bss)
    UartSendBuffer                           0x20001d2c   Data        2048  ringbuffer.o(.bss)
    SpireviceBuffer                          0x2000252c   Data        2048  ringbuffer.o(.bss)
    SpiIrqBuffer                             0x20002d2c   Data        2048  ringbuffer.o(.bss)
    Top                                      0x2000352c   Data          10  ringbuffer.o(.bss)
    Bottom                                   0x20003536   Data          10  ringbuffer.o(.bss)
    Size                                     0x20003540   Data          20  ringbuffer.o(.bss)
    .bss                                     0x20003554   Section     2640  whitelist.o(.bss)
    STACK                                    0x20003fa8   Section     2048  startup_stm32f10x_md.o(STACK)

    Global Symbols

    Symbol Name                              Value     Ov Type        Size  Object(Section)

    BuildAttributes$$THM_ISAv4$P$D$K$B$S$PE$A:L22UL41UL21$X:L11$S22US41US21$IEEE1$IW$USESV6$~STKCKD$USESV7$~SHL$OSPACE$ROPI$EBA8$MICROLIB$REQ8$PRES8$EABIv2 0x00000000   Number         0  anon$$obj.o ABSOLUTE
    __ARM_use_no_argv                        0x00000000   Number         0  main.o ABSOLUTE
    _printf_a                                0x00000000   Number         0  stubs.o ABSOLUTE
    _printf_c                                0x00000000   Number         0  stubs.o ABSOLUTE
    _printf_charcount                        0x00000000   Number         0  stubs.o ABSOLUTE
    _printf_d                                0x00000000   Number         0  stubs.o ABSOLUTE
    _printf_e                                0x00000000   Number         0  stubs.o ABSOLUTE
    _printf_f                                0x00000000   Number         0  stubs.o ABSOLUTE
    _printf_flags                            0x00000000   Number         0  stubs.o ABSOLUTE
    _printf_fp_dec                           0x00000000   Number         0  stubs.o ABSOLUTE
    _printf_fp_hex                           0x00000000   Number         0  stubs.o ABSOLUTE
    _printf_g                                0x00000000   Number         0  stubs.o ABSOLUTE
    _printf_i                                0x00000000   Number         0  stubs.o ABSOLUTE
    _printf_int_dec                          0x00000000   Number         0  stubs.o ABSOLUTE
    _printf_l                                0x00000000   Number         0  stubs.o ABSOLUTE
    _printf_lc                               0x00000000   Number         0  stubs.o ABSOLUTE
    _printf_ll                               0x00000000   Number         0  stubs.o ABSOLUTE
    _printf_lld                              0x00000000   Number         0  stubs.o ABSOLUTE
    _printf_lli                              0x00000000   Number         0  stubs.o ABSOLUTE
    _printf_llo                              0x00000000   Number         0  stubs.o ABSOLUTE
    _printf_llu                              0x00000000   Number         0  stubs.o ABSOLUTE
    _printf_llx                              0x00000000   Number         0  stubs.o ABSOLUTE
    _printf_longlong_dec                     0x00000000   Number         0  stubs.o ABSOLUTE
    _printf_longlong_hex                     0x00000000   Number         0  stubs.o ABSOLUTE
    _printf_longlong_oct                     0x00000000   Number         0  stubs.o ABSOLUTE
    _printf_ls                               0x00000000   Number         0  stubs.o ABSOLUTE
    _printf_mbtowc                           0x00000000   Number         0  stubs.o ABSOLUTE
    _printf_n                                0x00000000   Number         0  stubs.o ABSOLUTE
    _printf_o                                0x00000000   Number         0  stubs.o ABSOLUTE
    _printf_p                                0x00000000   Number         0  stubs.o ABSOLUTE
    _printf_percent                          0x00000000   Number         0  stubs.o ABSOLUTE
    _printf_pre_padding                      0x00000000   Number         0  stubs.o ABSOLUTE
    _printf_return_value                     0x00000000   Number         0  stubs.o ABSOLUTE
    _printf_s                                0x00000000   Number         0  stubs.o ABSOLUTE
    _printf_sizespec                         0x00000000   Number         0  stubs.o ABSOLUTE
    _printf_str                              0x00000000   Number         0  stubs.o ABSOLUTE
    _printf_truncate_signed                  0x00000000   Number         0  stubs.o ABSOLUTE
    _printf_truncate_unsigned                0x00000000   Number         0  stubs.o ABSOLUTE
    _printf_u                                0x00000000   Number         0  stubs.o ABSOLUTE
    _printf_wc                               0x00000000   Number         0  stubs.o ABSOLUTE
    _printf_wctomb                           0x00000000   Number         0  stubs.o ABSOLUTE
    _printf_widthprec                        0x00000000   Number         0  stubs.o ABSOLUTE
    _printf_x                                0x00000000   Number         0  stubs.o ABSOLUTE
    __cpp_initialize__aeabi_                  - Undefined Weak Reference
    __cxa_finalize                            - Undefined Weak Reference
    __decompress                              - Undefined Weak Reference
    _clock_init                               - Undefined Weak Reference
    _microlib_exit                            - Undefined Weak Reference
    __Vectors_Size                           0x000000ec   Number         0  startup_stm32f10x_md.o ABSOLUTE
    __Vectors                                0x08000000   Data           4  startup_stm32f10x_md.o(RESET)
    __Vectors_End                            0x080000ec   Data           0  startup_stm32f10x_md.o(RESET)
    __main                                   0x080000ed   Thumb Code     0  entry.o(.ARM.Collect$$$$00000000)
    _main_stk                                0x080000ed   Thumb Code     0  entry2.o(.ARM.Collect$$$$00000001)
    _main_scatterload                        0x080000f1   Thumb Code     0  entry5.o(.ARM.Collect$$$$00000004)
    __main_after_scatterload                 0x080000f5   Thumb Code     0  entry5.o(.ARM.Collect$$$$00000004)
    _main_clock                              0x080000f5   Thumb Code     0  entry7b.o(.ARM.Collect$$$$00000008)
    _main_cpp_init                           0x080000f5   Thumb Code     0  entry8b.o(.ARM.Collect$$$$0000000A)
    _main_init                               0x080000f5   Thumb Code     0  entry9a.o(.ARM.Collect$$$$0000000B)
    __rt_final_cpp                           0x080000fd   Thumb Code     0  entry10a.o(.ARM.Collect$$$$0000000D)
    __rt_final_exit                          0x080000fd   Thumb Code     0  entry11a.o(.ARM.Collect$$$$0000000F)
    GenerateSystemReset                      0x08000101   Thumb Code     0  stm32f10x_it.o(.emb_text)
    SystemInit                               0x0800025d   Thumb Code    78  system_stm32f10x.o(.text)
    SystemCoreClockUpdate                    0x080002ab   Thumb Code   142  system_stm32f10x.o(.text)
    Reset_Handler                            0x08000365   Thumb Code     8  startup_stm32f10x_md.o(.text)
    ADC1_2_IRQHandler                        0x0800037f   Thumb Code     0  startup_stm32f10x_md.o(.text)
    CAN1_RX1_IRQHandler                      0x0800037f   Thumb Code     0  startup_stm32f10x_md.o(.text)
    CAN1_SCE_IRQHandler                      0x0800037f   Thumb Code     0  startup_stm32f10x_md.o(.text)
    DMA1_Channel1_IRQHandler                 0x0800037f   Thumb Code     0  startup_stm32f10x_md.o(.text)
    DMA1_Channel2_IRQHandler                 0x0800037f   Thumb Code     0  startup_stm32f10x_md.o(.text)
    DMA1_Channel3_IRQHandler                 0x0800037f   Thumb Code     0  startup_stm32f10x_md.o(.text)
    DMA1_Channel4_IRQHandler                 0x0800037f   Thumb Code     0  startup_stm32f10x_md.o(.text)
    DMA1_Channel5_IRQHandler                 0x0800037f   Thumb Code     0  startup_stm32f10x_md.o(.text)
    DMA1_Channel6_IRQHandler                 0x0800037f   Thumb Code     0  startup_stm32f10x_md.o(.text)
    DMA1_Channel7_IRQHandler                 0x0800037f   Thumb Code     0  startup_stm32f10x_md.o(.text)
    EXTI0_IRQHandler                         0x0800037f   Thumb Code     0  startup_stm32f10x_md.o(.text)
    EXTI15_10_IRQHandler                     0x0800037f   Thumb Code     0  startup_stm32f10x_md.o(.text)
    EXTI1_IRQHandler                         0x0800037f   Thumb Code     0  startup_stm32f10x_md.o(.text)
    EXTI2_IRQHandler                         0x0800037f   Thumb Code     0  startup_stm32f10x_md.o(.text)
    EXTI3_IRQHandler                         0x0800037f   Thumb Code     0  startup_stm32f10x_md.o(.text)
    EXTI4_IRQHandler                         0x0800037f   Thumb Code     0  startup_stm32f10x_md.o(.text)
    FLASH_IRQHandler                         0x0800037f   Thumb Code     0  startup_stm32f10x_md.o(.text)
    I2C1_ER_IRQHandler                       0x0800037f   Thumb Code     0  startup_stm32f10x_md.o(.text)
    I2C1_EV_IRQHandler                       0x0800037f   Thumb Code     0  startup_stm32f10x_md.o(.text)
    I2C2_ER_IRQHandler                       0x0800037f   Thumb Code     0  startup_stm32f10x_md.o(.text)
    I2C2_EV_IRQHandler                       0x0800037f   Thumb Code     0  startup_stm32f10x_md.o(.text)
    PVD_IRQHandler                           0x0800037f   Thumb Code     0  startup_stm32f10x_md.o(.text)
    RCC_IRQHandler                           0x0800037f   Thumb Code     0  startup_stm32f10x_md.o(.text)
    RTCAlarm_IRQHandler                      0x0800037f   Thumb Code     0  startup_stm32f10x_md.o(.text)
    RTC_IRQHandler                           0x0800037f   Thumb Code     0  startup_stm32f10x_md.o(.text)
    SPI1_IRQHandler                          0x0800037f   Thumb Code     0  startup_stm32f10x_md.o(.text)
    SPI2_IRQHandler                          0x0800037f   Thumb Code     0  startup_stm32f10x_md.o(.text)
    TAMPER_IRQHandler                        0x0800037f   Thumb Code     0  startup_stm32f10x_md.o(.text)
    TIM1_BRK_IRQHandler                      0x0800037f   Thumb Code     0  startup_stm32f10x_md.o(.text)
    TIM1_CC_IRQHandler                       0x0800037f   Thumb Code     0  startup_stm32f10x_md.o(.text)
    TIM1_TRG_COM_IRQHandler                  0x0800037f   Thumb Code     0  startup_stm32f10x_md.o(.text)
    TIM1_UP_IRQHandler                       0x0800037f   Thumb Code     0  startup_stm32f10x_md.o(.text)
    TIM2_IRQHandler                          0x0800037f   Thumb Code     0  startup_stm32f10x_md.o(.text)
    TIM3_IRQHandler                          0x0800037f   Thumb Code     0  startup_stm32f10x_md.o(.text)
    TIM4_IRQHandler                          0x0800037f   Thumb Code     0  startup_stm32f10x_md.o(.text)
    USART2_IRQHandler                        0x0800037f   Thumb Code     0  startup_stm32f10x_md.o(.text)
    USART3_IRQHandler                        0x0800037f   Thumb Code     0  startup_stm32f10x_md.o(.text)
    USBWakeUp_IRQHandler                     0x0800037f   Thumb Code     0  startup_stm32f10x_md.o(.text)
    USB_HP_CAN1_TX_IRQHandler                0x0800037f   Thumb Code     0  startup_stm32f10x_md.o(.text)
    USB_LP_CAN1_RX0_IRQHandler               0x0800037f   Thumb Code     0  startup_stm32f10x_md.o(.text)
    WWDG_IRQHandler                          0x0800037f   Thumb Code     0  startup_stm32f10x_md.o(.text)
    NVIC_PriorityGroupConfig                 0x08000389   Thumb Code    10  misc.o(.text)
    NVIC_Init                                0x08000393   Thumb Code   100  misc.o(.text)
    NVIC_SetVectorTable                      0x080003f7   Thumb Code    14  misc.o(.text)
    NVIC_SystemLPConfig                      0x08000405   Thumb Code    34  misc.o(.text)
    SysTick_CLKSourceConfig                  0x08000427   Thumb Code    40  misc.o(.text)
    EXTI_DeInit                              0x08000465   Thumb Code    28  stm32f10x_exti.o(.text)
    EXTI_Init                                0x08000481   Thumb Code   142  stm32f10x_exti.o(.text)
    EXTI_StructInit                          0x0800050f   Thumb Code    16  stm32f10x_exti.o(.text)
    EXTI_GenerateSWInterrupt                 0x0800051f   Thumb Code    16  stm32f10x_exti.o(.text)
    EXTI_GetFlagStatus                       0x0800052f   Thumb Code    22  stm32f10x_exti.o(.text)
    EXTI_ClearFlag                           0x08000545   Thumb Code     8  stm32f10x_exti.o(.text)
    EXTI_GetITStatus                         0x0800054d   Thumb Code    34  stm32f10x_exti.o(.text)
    EXTI_ClearITPendingBit                   0x0800056f   Thumb Code     8  stm32f10x_exti.o(.text)
    FLASH_SetLatency                         0x08000581   Thumb Code    18  stm32f10x_flash.o(.text)
    FLASH_HalfCycleAccessCmd                 0x08000593   Thumb Code    22  stm32f10x_flash.o(.text)
    FLASH_PrefetchBufferCmd                  0x080005a9   Thumb Code    22  stm32f10x_flash.o(.text)
    FLASH_Unlock                             0x080005bf   Thumb Code    12  stm32f10x_flash.o(.text)
    FLASH_UnlockBank1                        0x080005cb   Thumb Code    12  stm32f10x_flash.o(.text)
    FLASH_Lock                               0x080005d7   Thumb Code    14  stm32f10x_flash.o(.text)
    FLASH_LockBank1                          0x080005e5   Thumb Code    14  stm32f10x_flash.o(.text)
    FLASH_GetBank1Status                     0x080005f3   Thumb Code    48  stm32f10x_flash.o(.text)
    FLASH_WaitForLastOperation               0x08000623   Thumb Code    38  stm32f10x_flash.o(.text)
    FLASH_ErasePage                          0x08000649   Thumb Code    72  stm32f10x_flash.o(.text)
    FLASH_EraseAllPages                      0x08000691   Thumb Code    68  stm32f10x_flash.o(.text)
    FLASH_WaitForLastBank1Operation          0x080006d5   Thumb Code    38  stm32f10x_flash.o(.text)
    FLASH_EraseAllBank1Pages                 0x080006fb   Thumb Code    68  stm32f10x_flash.o(.text)
    FLASH_GetReadOutProtectionStatus         0x0800073f   Thumb Code    20  stm32f10x_flash.o(.text)
    FLASH_EraseOptionBytes                   0x08000753   Thumb Code   150  stm32f10x_flash.o(.text)
    FLASH_ProgramWord                        0x080007e9   Thumb Code   102  stm32f10x_flash.o(.text)
    FLASH_ProgramHalfWord                    0x0800084f   Thumb Code    60  stm32f10x_flash.o(.text)
    FLASH_ProgramOptionByteData              0x0800088b   Thumb Code    72  stm32f10x_flash.o(.text)
    FLASH_EnableWriteProtection              0x080008d3   Thumb Code   200  stm32f10x_flash.o(.text)
    FLASH_ReadOutProtection                  0x0800099b   Thumb Code   156  stm32f10x_flash.o(.text)
    FLASH_UserOptionByteConfig               0x08000a37   Thumb Code    88  stm32f10x_flash.o(.text)
    FLASH_GetUserOptionByte                  0x08000a8f   Thumb Code     8  stm32f10x_flash.o(.text)
    FLASH_GetWriteProtectionOptionByte       0x08000a97   Thumb Code     6  stm32f10x_flash.o(.text)
    FLASH_GetPrefetchBufferStatus            0x08000a9d   Thumb Code    20  stm32f10x_flash.o(.text)
    FLASH_ITConfig                           0x08000ab1   Thumb Code    26  stm32f10x_flash.o(.text)
    FLASH_GetFlagStatus                      0x08000acb   Thumb Code    42  stm32f10x_flash.o(.text)
    FLASH_ClearFlag                          0x08000af5   Thumb Code     6  stm32f10x_flash.o(.text)
    FLASH_GetStatus                          0x08000afb   Thumb Code    48  stm32f10x_flash.o(.text)
    GPIO_DeInit                              0x08000b3d   Thumb Code   172  stm32f10x_gpio.o(.text)
    GPIO_AFIODeInit                          0x08000be9   Thumb Code    20  stm32f10x_gpio.o(.text)
    GPIO_Init                                0x08000bfd   Thumb Code   278  stm32f10x_gpio.o(.text)
    GPIO_StructInit                          0x08000d13   Thumb Code    16  stm32f10x_gpio.o(.text)
    GPIO_ReadInputDataBit                    0x08000d23   Thumb Code    18  stm32f10x_gpio.o(.text)
    GPIO_ReadInputData                       0x08000d35   Thumb Code     8  stm32f10x_gpio.o(.text)
    GPIO_ReadOutputDataBit                   0x08000d3d   Thumb Code    18  stm32f10x_gpio.o(.text)
    GPIO_ReadOutputData                      0x08000d4f   Thumb Code     8  stm32f10x_gpio.o(.text)
    GPIO_SetBits                             0x08000d57   Thumb Code     4  stm32f10x_gpio.o(.text)
    GPIO_ResetBits                           0x08000d5b   Thumb Code     4  stm32f10x_gpio.o(.text)
    GPIO_WriteBit                            0x08000d5f   Thumb Code    10  stm32f10x_gpio.o(.text)
    GPIO_Write                               0x08000d69   Thumb Code     4  stm32f10x_gpio.o(.text)
    GPIO_PinLockConfig                       0x08000d6d   Thumb Code    18  stm32f10x_gpio.o(.text)
    GPIO_EventOutputConfig                   0x08000d7f   Thumb Code    26  stm32f10x_gpio.o(.text)
    GPIO_EventOutputCmd                      0x08000d99   Thumb Code     6  stm32f10x_gpio.o(.text)
    GPIO_PinRemapConfig                      0x08000d9f   Thumb Code   138  stm32f10x_gpio.o(.text)
    GPIO_EXTILineConfig                      0x08000e29   Thumb Code    66  stm32f10x_gpio.o(.text)
    GPIO_ETH_MediaInterfaceConfig            0x08000e6b   Thumb Code     8  stm32f10x_gpio.o(.text)
    IWDG_WriteAccessCmd                      0x08000e99   Thumb Code     6  stm32f10x_iwdg.o(.text)
    IWDG_SetPrescaler                        0x08000e9f   Thumb Code     6  stm32f10x_iwdg.o(.text)
    IWDG_SetReload                           0x08000ea5   Thumb Code     6  stm32f10x_iwdg.o(.text)
    IWDG_ReloadCounter                       0x08000eab   Thumb Code    10  stm32f10x_iwdg.o(.text)
    IWDG_Enable                              0x08000eb5   Thumb Code    10  stm32f10x_iwdg.o(.text)
    IWDG_GetFlagStatus                       0x08000ebf   Thumb Code    20  stm32f10x_iwdg.o(.text)
    RCC_DeInit                               0x08000ed9   Thumb Code    64  stm32f10x_rcc.o(.text)
    RCC_HSEConfig                            0x08000f19   Thumb Code    70  stm32f10x_rcc.o(.text)
    RCC_GetFlagStatus                        0x08000f5f   Thumb Code    56  stm32f10x_rcc.o(.text)
    RCC_WaitForHSEStartUp                    0x08000f97   Thumb Code    56  stm32f10x_rcc.o(.text)
    RCC_AdjustHSICalibrationValue            0x08000fcf   Thumb Code    20  stm32f10x_rcc.o(.text)
    RCC_HSICmd                               0x08000fe3   Thumb Code     6  stm32f10x_rcc.o(.text)
    RCC_PLLConfig                            0x08000fe9   Thumb Code    24  stm32f10x_rcc.o(.text)
    RCC_PLLCmd                               0x08001001   Thumb Code     6  stm32f10x_rcc.o(.text)
    RCC_SYSCLKConfig                         0x08001007   Thumb Code    18  stm32f10x_rcc.o(.text)
    RCC_GetSYSCLKSource                      0x08001019   Thumb Code    10  stm32f10x_rcc.o(.text)
    RCC_HCLKConfig                           0x08001023   Thumb Code    18  stm32f10x_rcc.o(.text)
    RCC_PCLK1Config                          0x08001035   Thumb Code    18  stm32f10x_rcc.o(.text)
    RCC_PCLK2Config                          0x08001047   Thumb Code    20  stm32f10x_rcc.o(.text)
    RCC_ITConfig                             0x0800105b   Thumb Code    26  stm32f10x_rcc.o(.text)
    RCC_USBCLKConfig                         0x08001075   Thumb Code     8  stm32f10x_rcc.o(.text)
    RCC_ADCCLKConfig                         0x0800107d   Thumb Code    18  stm32f10x_rcc.o(.text)
    RCC_LSEConfig                            0x0800108f   Thumb Code    50  stm32f10x_rcc.o(.text)
    RCC_LSICmd                               0x080010c1   Thumb Code     6  stm32f10x_rcc.o(.text)
    RCC_RTCCLKConfig                         0x080010c7   Thumb Code    12  stm32f10x_rcc.o(.text)
    RCC_RTCCLKCmd                            0x080010d3   Thumb Code     8  stm32f10x_rcc.o(.text)
    RCC_GetClocksFreq                        0x080010db   Thumb Code   192  stm32f10x_rcc.o(.text)
    RCC_AHBPeriphClockCmd                    0x0800119b   Thumb Code    26  stm32f10x_rcc.o(.text)
    RCC_APB2PeriphClockCmd                   0x080011b5   Thumb Code    26  stm32f10x_rcc.o(.text)
    RCC_APB1PeriphClockCmd                   0x080011cf   Thumb Code    26  stm32f10x_rcc.o(.text)
    RCC_APB2PeriphResetCmd                   0x080011e9   Thumb Code    26  stm32f10x_rcc.o(.text)
    RCC_APB1PeriphResetCmd                   0x08001203   Thumb Code    26  stm32f10x_rcc.o(.text)
    RCC_BackupResetCmd                       0x0800121d   Thumb Code     8  stm32f10x_rcc.o(.text)
    RCC_ClockSecuritySystemCmd               0x08001225   Thumb Code     6  stm32f10x_rcc.o(.text)
    RCC_MCOConfig                            0x0800122b   Thumb Code     6  stm32f10x_rcc.o(.text)
    RCC_ClearFlag                            0x08001231   Thumb Code    14  stm32f10x_rcc.o(.text)
    RCC_GetITStatus                          0x0800123f   Thumb Code    20  stm32f10x_rcc.o(.text)
    RCC_ClearITPendingBit                    0x08001253   Thumb Code     6  stm32f10x_rcc.o(.text)
    SPI_I2S_DeInit                           0x08001281   Thumb Code    76  stm32f10x_spi.o(.text)
    SPI_Init                                 0x080012cd   Thumb Code    60  stm32f10x_spi.o(.text)
    I2S_Init                                 0x08001309   Thumb Code   226  stm32f10x_spi.o(.text)
    SPI_StructInit                           0x080013eb   Thumb Code    24  stm32f10x_spi.o(.text)
    I2S_StructInit                           0x08001403   Thumb Code    20  stm32f10x_spi.o(.text)
    SPI_Cmd                                  0x08001417   Thumb Code    24  stm32f10x_spi.o(.text)
    I2S_Cmd                                  0x0800142f   Thumb Code    24  stm32f10x_spi.o(.text)
    SPI_I2S_ITConfig                         0x08001447   Thumb Code    32  stm32f10x_spi.o(.text)
    SPI_I2S_DMACmd                           0x08001467   Thumb Code    18  stm32f10x_spi.o(.text)
    SPI_I2S_SendData                         0x08001479   Thumb Code     4  stm32f10x_spi.o(.text)
    SPI_I2S_ReceiveData                      0x0800147d   Thumb Code     6  stm32f10x_spi.o(.text)
    SPI_NSSInternalSoftwareConfig            0x08001483   Thumb Code    30  stm32f10x_spi.o(.text)
    SPI_SSOutputCmd                          0x080014a1   Thumb Code    24  stm32f10x_spi.o(.text)
    SPI_DataSizeConfig                       0x080014b9   Thumb Code    18  stm32f10x_spi.o(.text)
    SPI_TransmitCRC                          0x080014cb   Thumb Code    10  stm32f10x_spi.o(.text)
    SPI_CalculateCRC                         0x080014d5   Thumb Code    24  stm32f10x_spi.o(.text)
    SPI_GetCRC                               0x080014ed   Thumb Code    16  stm32f10x_spi.o(.text)
    SPI_GetCRCPolynomial                     0x080014fd   Thumb Code     6  stm32f10x_spi.o(.text)
    SPI_BiDirectionalLineConfig              0x08001503   Thumb Code    28  stm32f10x_spi.o(.text)
    SPI_I2S_GetFlagStatus                    0x0800151f   Thumb Code    18  stm32f10x_spi.o(.text)
    SPI_I2S_ClearFlag                        0x08001531   Thumb Code     6  stm32f10x_spi.o(.text)
    SPI_I2S_GetITStatus                      0x08001537   Thumb Code    52  stm32f10x_spi.o(.text)
    SPI_I2S_ClearITPendingBit                0x0800156b   Thumb Code    20  stm32f10x_spi.o(.text)
    TIM_DeInit                               0x0800158d   Thumb Code   424  stm32f10x_tim.o(.text)
    TIM_TimeBaseInit                         0x08001735   Thumb Code   122  stm32f10x_tim.o(.text)
    TIM_OC1Init                              0x080017af   Thumb Code   132  stm32f10x_tim.o(.text)
    TIM_OC2Init                              0x08001833   Thumb Code   154  stm32f10x_tim.o(.text)
    TIM_OC3Init                              0x080018cd   Thumb Code   150  stm32f10x_tim.o(.text)
    TIM_OC4Init                              0x08001963   Thumb Code   182  stm32f10x_tim.o(.text)
    TIM_SetIC4Prescaler                      0x08001a19   Thumb Code    26  stm32f10x_tim.o(.text)
    TIM_SetIC3Prescaler                      0x08001ab5   Thumb Code    18  stm32f10x_tim.o(.text)
    TIM_SetIC2Prescaler                      0x08001b41   Thumb Code    26  stm32f10x_tim.o(.text)
    TIM_SetIC1Prescaler                      0x08001bdd   Thumb Code    18  stm32f10x_tim.o(.text)
    TIM_ICInit                               0x08001c5b   Thumb Code   150  stm32f10x_tim.o(.text)
    TIM_PWMIConfig                           0x08001cf1   Thumb Code   124  stm32f10x_tim.o(.text)
    TIM_BDTRConfig                           0x08001d6d   Thumb Code    32  stm32f10x_tim.o(.text)
    TIM_TimeBaseStructInit                   0x08001d8d   Thumb Code    18  stm32f10x_tim.o(.text)
    TIM_OCStructInit                         0x08001d9f   Thumb Code    20  stm32f10x_tim.o(.text)
    TIM_ICStructInit                         0x08001db3   Thumb Code    18  stm32f10x_tim.o(.text)
    TIM_BDTRStructInit                       0x08001dc5   Thumb Code    40  stm32f10x_tim.o(.text)
    TIM_Cmd                                  0x08001ded   Thumb Code    24  stm32f10x_tim.o(.text)
    TIM_CtrlPWMOutputs                       0x08001e05   Thumb Code    30  stm32f10x_tim.o(.text)
    TIM_ITConfig                             0x08001e23   Thumb Code    18  stm32f10x_tim.o(.text)
    TIM_GenerateEvent                        0x08001e35   Thumb Code     4  stm32f10x_tim.o(.text)
    TIM_DMAConfig                            0x08001e39   Thumb Code    10  stm32f10x_tim.o(.text)
    TIM_DMACmd                               0x08001e43   Thumb Code    18  stm32f10x_tim.o(.text)
    TIM_InternalClockConfig                  0x08001e55   Thumb Code    12  stm32f10x_tim.o(.text)
    TIM_SelectInputTrigger                   0x08001e61   Thumb Code    18  stm32f10x_tim.o(.text)
    TIM_ITRxExternalClockConfig              0x08001e73   Thumb Code    24  stm32f10x_tim.o(.text)
    TIM_TIxExternalClockConfig               0x08001e8b   Thumb Code    62  stm32f10x_tim.o(.text)
    TIM_ETRConfig                            0x08001ec9   Thumb Code    28  stm32f10x_tim.o(.text)
    TIM_ETRClockMode1Config                  0x08001ee5   Thumb Code    54  stm32f10x_tim.o(.text)
    TIM_ETRClockMode2Config                  0x08001f1b   Thumb Code    32  stm32f10x_tim.o(.text)
    TIM_PrescalerConfig                      0x08001f3b   Thumb Code     6  stm32f10x_tim.o(.text)
    TIM_CounterModeConfig                    0x08001f41   Thumb Code    18  stm32f10x_tim.o(.text)
    TIM_EncoderInterfaceConfig               0x08001f53   Thumb Code    66  stm32f10x_tim.o(.text)
    TIM_ForcedOC1Config                      0x08001f95   Thumb Code    18  stm32f10x_tim.o(.text)
    TIM_ForcedOC2Config                      0x08001fa7   Thumb Code    26  stm32f10x_tim.o(.text)
    TIM_ForcedOC3Config                      0x08001fc1   Thumb Code    18  stm32f10x_tim.o(.text)
    TIM_ForcedOC4Config                      0x08001fd3   Thumb Code    26  stm32f10x_tim.o(.text)
    TIM_ARRPreloadConfig                     0x08001fed   Thumb Code    24  stm32f10x_tim.o(.text)
    TIM_SelectCOM                            0x08002005   Thumb Code    24  stm32f10x_tim.o(.text)
    TIM_SelectCCDMA                          0x0800201d   Thumb Code    24  stm32f10x_tim.o(.text)
    TIM_CCPreloadControl                     0x08002035   Thumb Code    24  stm32f10x_tim.o(.text)
    TIM_OC1PreloadConfig                     0x0800204d   Thumb Code    18  stm32f10x_tim.o(.text)
    TIM_OC2PreloadConfig                     0x0800205f   Thumb Code    26  stm32f10x_tim.o(.text)
    TIM_OC3PreloadConfig                     0x08002079   Thumb Code    18  stm32f10x_tim.o(.text)
    TIM_OC4PreloadConfig                     0x0800208b   Thumb Code    26  stm32f10x_tim.o(.text)
    TIM_OC1FastConfig                        0x080020a5   Thumb Code    18  stm32f10x_tim.o(.text)
    TIM_OC2FastConfig                        0x080020b7   Thumb Code    26  stm32f10x_tim.o(.text)
    TIM_OC3FastConfig                        0x080020d1   Thumb Code    18  stm32f10x_tim.o(.text)
    TIM_OC4FastConfig                        0x080020e3   Thumb Code    26  stm32f10x_tim.o(.text)
    TIM_ClearOC1Ref                          0x080020fd   Thumb Code    18  stm32f10x_tim.o(.text)
    TIM_ClearOC2Ref                          0x0800210f   Thumb Code    24  stm32f10x_tim.o(.text)
    TIM_ClearOC3Ref                          0x08002127   Thumb Code    18  stm32f10x_tim.o(.text)
    TIM_ClearOC4Ref                          0x08002139   Thumb Code    24  stm32f10x_tim.o(.text)
    TIM_OC1PolarityConfig                    0x08002151   Thumb Code    18  stm32f10x_tim.o(.text)
    TIM_OC1NPolarityConfig                   0x08002163   Thumb Code    18  stm32f10x_tim.o(.text)
    TIM_OC2PolarityConfig                    0x08002175   Thumb Code    26  stm32f10x_tim.o(.text)
    TIM_OC2NPolarityConfig                   0x0800218f   Thumb Code    26  stm32f10x_tim.o(.text)
    TIM_OC3PolarityConfig                    0x080021a9   Thumb Code    26  stm32f10x_tim.o(.text)
    TIM_OC3NPolarityConfig                   0x080021c3   Thumb Code    26  stm32f10x_tim.o(.text)
    TIM_OC4PolarityConfig                    0x080021dd   Thumb Code    26  stm32f10x_tim.o(.text)
    TIM_CCxCmd                               0x080021f7   Thumb Code    30  stm32f10x_tim.o(.text)
    TIM_CCxNCmd                              0x08002215   Thumb Code    30  stm32f10x_tim.o(.text)
    TIM_SelectOCxM                           0x08002233   Thumb Code    82  stm32f10x_tim.o(.text)
    TIM_UpdateDisableConfig                  0x08002285   Thumb Code    24  stm32f10x_tim.o(.text)
    TIM_UpdateRequestConfig                  0x0800229d   Thumb Code    24  stm32f10x_tim.o(.text)
    TIM_SelectHallSensor                     0x080022b5   Thumb Code    24  stm32f10x_tim.o(.text)
    TIM_SelectOnePulseMode                   0x080022cd   Thumb Code    18  stm32f10x_tim.o(.text)
    TIM_SelectOutputTrigger                  0x080022df   Thumb Code    18  stm32f10x_tim.o(.text)
    TIM_SelectSlaveMode                      0x080022f1   Thumb Code    18  stm32f10x_tim.o(.text)
    TIM_SelectMasterSlaveMode                0x08002303   Thumb Code    18  stm32f10x_tim.o(.text)
    TIM_SetCounter                           0x08002315   Thumb Code     4  stm32f10x_tim.o(.text)
    TIM_SetAutoreload                        0x08002319   Thumb Code     4  stm32f10x_tim.o(.text)
    TIM_SetCompare1                          0x0800231d   Thumb Code     4  stm32f10x_tim.o(.text)
    TIM_SetCompare2                          0x08002321   Thumb Code     4  stm32f10x_tim.o(.text)
    TIM_SetCompare3                          0x08002325   Thumb Code     4  stm32f10x_tim.o(.text)
    TIM_SetCompare4                          0x08002329   Thumb Code     6  stm32f10x_tim.o(.text)
    TIM_SetClockDivision                     0x0800232f   Thumb Code    18  stm32f10x_tim.o(.text)
    TIM_GetCapture1                          0x08002341   Thumb Code     6  stm32f10x_tim.o(.text)
    TIM_GetCapture2                          0x08002347   Thumb Code     6  stm32f10x_tim.o(.text)
    TIM_GetCapture3                          0x0800234d   Thumb Code     6  stm32f10x_tim.o(.text)
    TIM_GetCapture4                          0x08002353   Thumb Code     8  stm32f10x_tim.o(.text)
    TIM_GetCounter                           0x0800235b   Thumb Code     6  stm32f10x_tim.o(.text)
    TIM_GetPrescaler                         0x08002361   Thumb Code     6  stm32f10x_tim.o(.text)
    TIM_GetFlagStatus                        0x08002367   Thumb Code    18  stm32f10x_tim.o(.text)
    TIM_ClearFlag                            0x08002379   Thumb Code     6  stm32f10x_tim.o(.text)
    TIM_GetITStatus                          0x0800237f   Thumb Code    34  stm32f10x_tim.o(.text)
    TIM_ClearITPendingBit                    0x080023a1   Thumb Code     6  stm32f10x_tim.o(.text)
    USART_DeInit                             0x080023a9   Thumb Code   134  stm32f10x_usart.o(.text)
    USART_Init                               0x0800242f   Thumb Code   210  stm32f10x_usart.o(.text)
    USART_StructInit                         0x08002501   Thumb Code    24  stm32f10x_usart.o(.text)
    USART_ClockInit                          0x08002519   Thumb Code    34  stm32f10x_usart.o(.text)
    USART_ClockStructInit                    0x0800253b   Thumb Code    12  stm32f10x_usart.o(.text)
    USART_Cmd                                0x08002547   Thumb Code    24  stm32f10x_usart.o(.text)
    USART_ITConfig                           0x0800255f   Thumb Code    74  stm32f10x_usart.o(.text)
    USART_DMACmd                             0x080025a9   Thumb Code    18  stm32f10x_usart.o(.text)
    USART_SetAddress                         0x080025bb   Thumb Code    18  stm32f10x_usart.o(.text)
    USART_WakeUpConfig                       0x080025cd   Thumb Code    18  stm32f10x_usart.o(.text)
    USART_ReceiverWakeUpCmd                  0x080025df   Thumb Code    24  stm32f10x_usart.o(.text)
    USART_LINBreakDetectLengthConfig         0x080025f7   Thumb Code    18  stm32f10x_usart.o(.text)
    USART_LINCmd                             0x08002609   Thumb Code    24  stm32f10x_usart.o(.text)
    USART_SendData                           0x08002621   Thumb Code     8  stm32f10x_usart.o(.text)
    USART_ReceiveData                        0x08002629   Thumb Code    10  stm32f10x_usart.o(.text)
    USART_SendBreak                          0x08002633   Thumb Code    10  stm32f10x_usart.o(.text)
    USART_SetGuardTime                       0x0800263d   Thumb Code    16  stm32f10x_usart.o(.text)
    USART_SetPrescaler                       0x0800264d   Thumb Code    16  stm32f10x_usart.o(.text)
    USART_SmartCardCmd                       0x0800265d   Thumb Code    24  stm32f10x_usart.o(.text)
    USART_SmartCardNACKCmd                   0x08002675   Thumb Code    24  stm32f10x_usart.o(.text)
    USART_HalfDuplexCmd                      0x0800268d   Thumb Code    24  stm32f10x_usart.o(.text)
    USART_OverSampling8Cmd                   0x080026a5   Thumb Code    22  stm32f10x_usart.o(.text)
    USART_OneBitMethodCmd                    0x080026bb   Thumb Code    24  stm32f10x_usart.o(.text)
    USART_IrDAConfig                         0x080026d3   Thumb Code    18  stm32f10x_usart.o(.text)
    USART_IrDACmd                            0x080026e5   Thumb Code    24  stm32f10x_usart.o(.text)
    USART_GetFlagStatus                      0x080026fd   Thumb Code    26  stm32f10x_usart.o(.text)
    USART_ClearFlag                          0x08002717   Thumb Code    18  stm32f10x_usart.o(.text)
    USART_GetITStatus                        0x08002729   Thumb Code    84  stm32f10x_usart.o(.text)
    USART_ClearITPendingBit                  0x0800277d   Thumb Code    52  stm32f10x_usart.o(.text)
    M24SR_InitStructure                      0x080027b1   Thumb Code    48  m24sr_cmd.o(.text)
    M24SR_UpdateCrc                          0x080027e1   Thumb Code    34  m24sr_cmd.o(.text)
    M24SR_ComputeCrc                         0x08002803   Thumb Code    40  m24sr_cmd.o(.text)
    M24SR_BuildIBlockCommand                 0x0800282b   Thumb Code   274  m24sr_cmd.o(.text)
    M24SR_SelectApplication                  0x0800293d   Thumb Code   132  m24sr_cmd.o(.text)
    M24SR_SelectCCfile                       0x080029c1   Thumb Code    98  m24sr_cmd.o(.text)
    M24SR_SelectSystemfile                   0x08002a23   Thumb Code    98  m24sr_cmd.o(.text)
    M24SR_SelectNDEFfile                     0x08002a85   Thumb Code    96  m24sr_cmd.o(.text)
    M24SR_ReadBinary                         0x08002ae5   Thumb Code    80  m24sr_cmd.o(.text)
    M24SR_UpdateBinary                       0x08002b35   Thumb Code   136  m24sr_cmd.o(.text)
    M24SR_SendInterrupt                      0x08002bbd   Thumb Code    78  m24sr_cmd.o(.text)
    M24SR_FWTExtension                       0x08002c0b   Thumb Code    60  m24sr_cmd.o(.text)
    M24SR_IsCorrectCRC16Residue              0x08002c47   Thumb Code    76  m24sr_cmd.o(.text)
    MFRC500_DATA_Port_config_input           0x08002c9d   Thumb Code    32  mfrc500.o(.text)
    MFRC500_DATA_Port_config_output          0x08002cbd   Thumb Code    32  mfrc500.o(.text)
    ReadRC                                   0x08002cdd   Thumb Code   164  mfrc500.o(.text)
    WriteRC                                  0x08002d81   Thumb Code   132  mfrc500.o(.text)
    PcdAntennaOff                            0x0800308d   Thumb Code    24  mfrc500.o(.text)
    PcdAntennaOn                             0x080030a5   Thumb Code    12  mfrc500.o(.text)
    PcdReset                                 0x080030b1   Thumb Code   224  mfrc500.o(.text)
    PcdRequest                               0x08003191   Thumb Code   118  mfrc500.o(.text)
    PcdAnticoll                              0x08003207   Thumb Code   174  mfrc500.o(.text)
    PcdSelect                                0x080032b5   Thumb Code   120  mfrc500.o(.text)
    PcdSelect1                               0x0800332d   Thumb Code   134  mfrc500.o(.text)
    PcdSelect2                               0x080033b3   Thumb Code   134  mfrc500.o(.text)
    PcdHalt                                  0x08003439   Thumb Code    74  mfrc500.o(.text)
    ChangeCodeKey                            0x08003483   Thumb Code    68  mfrc500.o(.text)
    PcdAuthKey                               0x080034c7   Thumb Code    66  mfrc500.o(.text)
    PcdAuthState                             0x08003509   Thumb Code   164  mfrc500.o(.text)
    PcdRead                                  0x080035ad   Thumb Code   104  mfrc500.o(.text)
    PcdWrite                                 0x08003615   Thumb Code   216  mfrc500.o(.text)
    PcdValue                                 0x080036ed   Thumb Code   294  mfrc500.o(.text)
    PcdRestore                               0x08003813   Thumb Code   170  mfrc500.o(.text)
    PcdTransfer                              0x080038bd   Thumb Code   114  mfrc500.o(.text)
    UL_PcdAnticoll                           0x0800392f   Thumb Code   482  mfrc500.o(.text)
    UL_PcdWrite                              0x08003b11   Thumb Code    96  mfrc500.o(.text)
    MifareProRst                             0x08003b71   Thumb Code   100  mfrc500.o(.text)
    ISO14443CLCom                            0x08003bd5   Thumb Code   646  mfrc500.o(.text)
    CL_Deselect                              0x08003e5b   Thumb Code    52  mfrc500.o(.text)
    PcdReadE2                                0x08003e8f   Thumb Code    90  mfrc500.o(.text)
    PcdWriteE2                               0x08003ee9   Thumb Code    84  mfrc500.o(.text)
    PcdLoadConfig                            0x08003f3d   Thumb Code    48  mfrc500.o(.text)
    PcdConfigRestore                         0x08003f6d   Thumb Code   124  mfrc500.o(.text)
    PcdLoadKeyE2                             0x08003fe9   Thumb Code    48  mfrc500.o(.text)
    PcdRATS                                  0x08004019   Thumb Code   116  mfrc500.o(.text)
    PcdPPS                                   0x0800408d   Thumb Code   122  mfrc500.o(.text)
    PcdSelectApplication                     0x08004107   Thumb Code   104  mfrc500.o(.text)
    PcdSelectCCfile                          0x0800416f   Thumb Code   104  mfrc500.o(.text)
    PcdReadCCfileLength                      0x080041d7   Thumb Code   108  mfrc500.o(.text)
    PcdReadCCfile                            0x08004243   Thumb Code   116  mfrc500.o(.text)
    PcdSelectNDEFfile                        0x080042b7   Thumb Code   106  mfrc500.o(.text)
    PcdReadNDEFfileLength                    0x08004321   Thumb Code   108  mfrc500.o(.text)
    PcdReadNDEFfile                          0x0800438d   Thumb Code   116  mfrc500.o(.text)
    PcdWriteNDEFfile                         0x08004401   Thumb Code   130  mfrc500.o(.text)
    PcdSelectSystemfile                      0x08004483   Thumb Code   104  mfrc500.o(.text)
    PcdReadSystemfileLength                  0x080044eb   Thumb Code   114  mfrc500.o(.text)
    PcdReadSystemfile                        0x0800455d   Thumb Code   116  mfrc500.o(.text)
    PcdSendInterrupt                         0x080045d1   Thumb Code   104  mfrc500.o(.text)
    PcdDeselect                              0x08004639   Thumb Code    94  mfrc500.o(.text)
    PcdFWTExtension                          0x08004697   Thumb Code   108  mfrc500.o(.text)
    nrf51822_spi_init                        0x08004709   Thumb Code   342  nrf.o(.text)
    TIM3_Int_Init                            0x0800485f   Thumb Code    80  nrf.o(.text)
    nrf_transmit_start                       0x080048af   Thumb Code   530  nrf.o(.text)
    EE_ReadVariable                          0x08004bf3   Thumb Code    92  eeprom.o(.text)
    Fee_InitPage                             0x08004c4f   Thumb Code   556  eeprom.o(.text)
    Fee_Init                                 0x08004e7b   Thumb Code   106  eeprom.o(.text)
    EE_WriteVariable                         0x08004fff   Thumb Code    36  eeprom.o(.text)
    ledInit                                  0x0800502d   Thumb Code    52  gpio.o(.text)
    ledOn                                    0x08005061   Thumb Code    46  gpio.o(.text)
    ledOff                                   0x0800508f   Thumb Code    46  gpio.o(.text)
    ledToggle                                0x080050bd   Thumb Code    26  gpio.o(.text)
    GPIOInit_BEEP                            0x080050d7   Thumb Code    30  gpio.o(.text)
    GpioInit                                 0x080050f5   Thumb Code    20  gpio.o(.text)
    uart_send_char                           0x08005119   Thumb Code    28  baord.o(.text)
    fputc                                    0x08005135   Thumb Code    32  baord.o(.text)
    fgetc                                    0x08005155   Thumb Code    26  baord.o(.text)
    XOR_Cal                                  0x0800516f   Thumb Code    26  baord.o(.text)
    main                                     0x0800518d   Thumb Code    12  main.o(.text)
    app_handle_layer                         0x08005199   Thumb Code    32  app_handle_layer.o(.text)
    App_returnErr                            0x080051b9   Thumb Code    76  app_serial_cmd_process.o(.text)
    App_send_process_parameter_set           0x08005205   Thumb Code   224  app_serial_cmd_process.o(.text)
    App_start_or_stop_answer                 0x080052e5   Thumb Code   120  app_serial_cmd_process.o(.text)
    App_return_systick                       0x0800535d   Thumb Code   192  app_serial_cmd_process.o(.text)
    App_open_systick_ack                     0x0800541d   Thumb Code   118  app_serial_cmd_process.o(.text)
    App_return_device_info                   0x08005493   Thumb Code   224  app_serial_cmd_process.o(.text)
    App_return_whitelist_data                0x08005573   Thumb Code   154  app_serial_cmd_process.o(.text)
    App_card_match                           0x0800560d   Thumb Code   226  app_serial_cmd_process.o(.text)
    App_card_match_single                    0x080056ef   Thumb Code   134  app_serial_cmd_process.o(.text)
    App_open_or_close_attendance_match       0x08005775   Thumb Code   166  app_serial_cmd_process.o(.text)
    App_open_or_close_white_list             0x0800581b   Thumb Code   120  app_serial_cmd_process.o(.text)
    App_initialize_white_list                0x08005893   Thumb Code    90  app_serial_cmd_process.o(.text)
    App_operate_uids_to_whitelist            0x080058ed   Thumb Code   360  app_serial_cmd_process.o(.text)
    App_stop_send_data_to_clickers           0x08005a55   Thumb Code   152  app_serial_cmd_process.o(.text)
    App_send_data_to_clickers                0x08005aed   Thumb Code   470  app_serial_cmd_process.o(.text)
    App_seirial_cmd_process                  0x0800610d   Thumb Code    12  app_serial_cmd_process.o(.text)
    app_debuglog_dump                        0x08006119   Thumb Code    16  app_serial_cmd_process.o(.text)
    app_debuglog_dump_no_space               0x08006129   Thumb Code    16  app_serial_cmd_process.o(.text)
    rf_retransmit_set_status                 0x0800615d   Thumb Code     6  app_send_data_process.o(.text)
    get_rf_retransmit_status                 0x08006163   Thumb Code     6  app_send_data_process.o(.text)
    create_status_message                    0x08006169   Thumb Code   158  app_send_data_process.o(.text)
    change_clicker_send_data_status          0x08006207   Thumb Code    14  app_send_data_process.o(.text)
    get_clicker_send_data_status             0x08006215   Thumb Code     6  app_send_data_process.o(.text)
    spi_buffer_status_check                  0x0800621b   Thumb Code   104  app_send_data_process.o(.text)
    clear_uid_check_table                    0x08006283   Thumb Code    52  app_send_data_process.o(.text)
    whitelist_checktable_or                  0x080062b7   Thumb Code    52  app_send_data_process.o(.text)
    whitelist_checktable_and                 0x080062eb   Thumb Code    52  app_send_data_process.o(.text)
    clicker_send_data_statistics             0x0800631f   Thumb Code   108  app_send_data_process.o(.text)
    rf_move_data_to_buffer                   0x0800638b   Thumb Code   836  app_send_data_process.o(.text)
    spi_process_revice_data                  0x080066cf   Thumb Code   678  app_send_data_process.o(.text)
    checkout_online_uids                     0x08006975   Thumb Code   136  app_send_data_process.o(.text)
    get_send_data_table_message              0x080069fd   Thumb Code   158  app_send_data_process.o(.text)
    get_retransmit_messsage                  0x08006a9b   Thumb Code    82  app_send_data_process.o(.text)
    checkout_retransmit_clickers             0x08006aed   Thumb Code    88  app_send_data_process.o(.text)
    check_is_revice_over                     0x08006b45   Thumb Code    50  app_send_data_process.o(.text)
    retransmit_env_init                      0x08006b77   Thumb Code    28  app_send_data_process.o(.text)
    retansmit_data                           0x08006b93   Thumb Code   144  app_send_data_process.o(.text)
    send_data_result                         0x08006c23   Thumb Code   594  app_send_data_process.o(.text)
    retransmit_data_to_next_clicker          0x08006e75   Thumb Code    88  app_send_data_process.o(.text)
    spi_write_temp_buffer_to_buffer          0x08006ecd   Thumb Code   178  app_send_data_process.o(.text)
    send_data_env_init                       0x08006f7f   Thumb Code    94  app_send_data_process.o(.text)
    change_single_send_data_status           0x08006fdd   Thumb Code     6  app_send_data_process.o(.text)
    get_single_send_data_status              0x08006fe3   Thumb Code     6  app_send_data_process.o(.text)
    single_send_data_result                  0x08006fe9   Thumb Code   106  app_send_data_process.o(.text)
    App_clickers_single_send_data_process    0x08007053   Thumb Code   280  app_send_data_process.o(.text)
    App_clickers_send_data_process           0x0800716b   Thumb Code   144  app_send_data_process.o(.text)
    send_data_process_timer_init             0x080071fb   Thumb Code   236  app_send_data_process.o(.text)
    message_show_process                     0x08007311   Thumb Code    42  app_show_message_process.o(.text)
    b_print                                  0x0800733b   Thumb Code    68  app_show_message_process.o(.text)
    rf_change_systick_status                 0x080073a5   Thumb Code     6  app_systick_package_process.o(.text)
    rf_get_systick_status                    0x080073ab   Thumb Code     6  app_systick_package_process.o(.text)
    systick_set_ack_funcction                0x080073b1   Thumb Code     6  app_systick_package_process.o(.text)
    systick_get_ack_funcction_para           0x080073b7   Thumb Code     6  app_systick_package_process.o(.text)
    App_clickers_systick_process             0x080073bd   Thumb Code   432  app_systick_package_process.o(.text)
    systick_package_timer_init               0x0800756d   Thumb Code    32  app_systick_package_process.o(.text)
    change_spi_send_data_process_status      0x080075a9   Thumb Code     6  app_spi_send_data_process.o(.text)
    get_spi_send_data_process_status         0x080075af   Thumb Code     6  app_spi_send_data_process.o(.text)
    App_spi_send_data_process                0x080075b5   Thumb Code   212  app_spi_send_data_process.o(.text)
    spi_send_data_write_tx_payload           0x08007689   Thumb Code   134  app_spi_send_data_process.o(.text)
    rf_set_card_status                       0x0800772d   Thumb Code     6  app_card_process.o(.text)
    rf_get_card_status                       0x08007733   Thumb Code     6  app_card_process.o(.text)
    App_card_process                         0x08007739   Thumb Code   528  app_card_process.o(.text)
    card_timer_init                          0x08007949   Thumb Code    44  app_card_process.o(.text)
    AnswerOk                                 0x080079ad   Thumb Code     2  rc500_handle_layer.o(.text)
    AnswerErr                                0x080079af   Thumb Code     2  rc500_handle_layer.o(.text)
    ComSelectApplication                     0x080079b1   Thumb Code   180  rc500_handle_layer.o(.text)
    ForceReadCCfile                          0x08007a65   Thumb Code   140  rc500_handle_layer.o(.text)
    ComSendInterrupt                         0x08007af1   Thumb Code   204  rc500_handle_layer.o(.text)
    ComReadCCfile                            0x08007bbd   Thumb Code   166  rc500_handle_layer.o(.text)
    ComReadSystemfile                        0x08007c63   Thumb Code   192  rc500_handle_layer.o(.text)
    ComReadNDEFfile                          0x08007d23   Thumb Code   196  rc500_handle_layer.o(.text)
    ComWriteNDEFfile                         0x08007de7   Thumb Code   482  rc500_handle_layer.o(.text)
    ComDeselect                              0x08007fc9   Thumb Code    92  rc500_handle_layer.o(.text)
    ReadNDEFfile                             0x08008025   Thumb Code   204  rc500_handle_layer.o(.text)
    SelectApplication                        0x080080f1   Thumb Code   184  rc500_handle_layer.o(.text)
    FindICCard                               0x080081a9   Thumb Code   300  rc500_handle_layer.o(.text)
    Deselect                                 0x080082d5   Thumb Code    68  rc500_handle_layer.o(.text)
    SendInterrupt                            0x08008319   Thumb Code   176  rc500_handle_layer.o(.text)
    WriteNDEFfile1                           0x080083c9   Thumb Code   228  rc500_handle_layer.o(.text)
    FindICCardAndUpdateData                  0x080084ad   Thumb Code   358  rc500_handle_layer.o(.text)
    ReadCCfile                               0x08008613   Thumb Code   170  rc500_handle_layer.o(.text)
    ReadSystemfile                           0x080086bd   Thumb Code   192  rc500_handle_layer.o(.text)
    WriteNDEFfile                            0x0800877d   Thumb Code   454  rc500_handle_layer.o(.text)
    SysClockInit                             0x080089e1   Thumb Code   210  app_timer.o(.text)
    DelayMs                                  0x08008ab3   Thumb Code    20  app_timer.o(.text)
    TimingDelay_Decrement                    0x08008ac7   Thumb Code    28  app_timer.o(.text)
    IWDG_Configuration                       0x08008ae3   Thumb Code    34  app_timer.o(.text)
    Delay2us                                 0x08008b05   Thumb Code    28  app_timer.o(.text)
    Delay3us                                 0x08008b21   Thumb Code    16  app_timer.o(.text)
    Delay10us                                0x08008b31   Thumb Code    28  app_timer.o(.text)
    Timer_list_handler                       0x08008b4d   Thumb Code   134  app_timer.o(.text)
    sw_register_timer                        0x08008bd3   Thumb Code    50  app_timer.o(.text)
    sw_unregister_timer                      0x08008c05   Thumb Code    14  app_timer.o(.text)
    sw_set_sattus                            0x08008c13   Thumb Code     6  app_timer.o(.text)
    sw_get_status                            0x08008c19   Thumb Code     8  app_timer.o(.text)
    sw_set_cnt                               0x08008c21   Thumb Code     4  app_timer.o(.text)
    sw_get_cnt                               0x08008c25   Thumb Code     6  app_timer.o(.text)
    sw_inc_cnt                               0x08008c2b   Thumb Code     8  app_timer.o(.text)
    sw_timer_init                            0x08008c33   Thumb Code    72  app_timer.o(.text)
    sw_create_timer                          0x08008c7b   Thumb Code    42  app_timer.o(.text)
    sw_clear_timer                           0x08008ca5   Thumb Code    16  app_timer.o(.text)
    systemtick_timeout_callback              0x08008cb5   Thumb Code   106  app_timer.o(.text)
    system_timer_init                        0x08008d1f   Thumb Code    50  app_timer.o(.text)
    GPIOInit_MFRC500                         0x08008d75   Thumb Code   198  init.o(.text)
    SE2431L_Bypass                           0x08008e3b   Thumb Code    32  init.o(.text)
    GPIOInit_SE2431L                         0x08008e5b   Thumb Code    90  init.o(.text)
    Usart1_Init                              0x08008eb5   Thumb Code   156  init.o(.text)
    Platform_Init                            0x08008f51   Thumb Code   166  init.o(.text)
    Usart2_Init                              0x08008ff7   Thumb Code   152  init.o(.text)
    SE2431L_LNA                              0x0800908f   Thumb Code    32  init.o(.text)
    SE2431L_TX                               0x080090af   Thumb Code    32  init.o(.text)
    uesb_nrf_get_irq_flags                   0x08009103   Thumb Code   280  init.o(.text)
    uesb_nrf_write_tx_payload                0x0800921b   Thumb Code   146  init.o(.text)
    uart_clear_message                       0x080092bd   Thumb Code    22  stm32f10x_it.o(.text)
    uart_revice_data_state_mechine           0x080092d3   Thumb Code   320  stm32f10x_it.o(.text)
    uart_send_data_state_machine             0x08009413   Thumb Code   198  stm32f10x_it.o(.text)
    NMI_Handler                              0x080094d9   Thumb Code     8  stm32f10x_it.o(.text)
    HardFault_Handler                        0x080094e1   Thumb Code     8  stm32f10x_it.o(.text)
    MemManage_Handler                        0x080094e9   Thumb Code     8  stm32f10x_it.o(.text)
    BusFault_Handler                         0x080094f1   Thumb Code     8  stm32f10x_it.o(.text)
    UsageFault_Handler                       0x080094f9   Thumb Code     4  stm32f10x_it.o(.text)
    SVC_Handler                              0x080094fd   Thumb Code     2  stm32f10x_it.o(.text)
    DebugMon_Handler                         0x080094ff   Thumb Code     2  stm32f10x_it.o(.text)
    PendSV_Handler                           0x08009501   Thumb Code     2  stm32f10x_it.o(.text)
    SysTick_Handler                          0x08009503   Thumb Code    54  stm32f10x_it.o(.text)
    USART1_IRQHandler                        0x08009539   Thumb Code    82  stm32f10x_it.o(.text)
    EXTI9_5_IRQHandler                       0x0800958b   Thumb Code   116  stm32f10x_it.o(.text)
    buffer_get_buffer_status                 0x08009639   Thumb Code     8  ringbuffer.o(.text)
    serial_ringbuffer_write_data             0x08009793   Thumb Code   114  ringbuffer.o(.text)
    serial_ringbuffer_read_data              0x08009805   Thumb Code   132  ringbuffer.o(.text)
    spi_write_data_to_buffer                 0x08009889   Thumb Code   100  ringbuffer.o(.text)
    spi_read_data_from_buffer                0x080098ed   Thumb Code    92  ringbuffer.o(.text)
    serial_ringbuffer_get_usage_rate         0x08009949   Thumb Code    26  ringbuffer.o(.text)
    print_write_data_to_buffer               0x08009963   Thumb Code    58  ringbuffer.o(.text)
    print_read_data_to_buffer                0x0800999d   Thumb Code    76  ringbuffer.o(.text)
    get_mcu_uid                              0x08009a01   Thumb Code   196  version.o(.text)
    clear_current_uid_index                  0x08009ad1   Thumb Code     8  whitelist.o(.text)
    clear_white_list_table                   0x08009ad9   Thumb Code    28  whitelist.o(.text)
    flash_white_list_use_table               0x08009af5   Thumb Code    30  whitelist.o(.text)
    get_index_of_white_list_pos_status       0x08009b13   Thumb Code    56  whitelist.o(.text)
    get_white_list_from_flash                0x08009b4b   Thumb Code   152  whitelist.o(.text)
    store_len_to_fee                         0x08009be3   Thumb Code    28  whitelist.o(.text)
    set_index_of_white_list_pos              0x08009bff   Thumb Code   100  whitelist.o(.text)
    clear_index_of_white_list_pos            0x08009c63   Thumb Code    96  whitelist.o(.text)
    get_nouse_pos_of_white_list              0x08009cc3   Thumb Code    36  whitelist.o(.text)
    uidcmp                                   0x08009ce7   Thumb Code    42  whitelist.o(.text)
    get_index_of_uid                         0x08009d11   Thumb Code    42  whitelist.o(.text)
    clear_index_of_uid                       0x08009d3b   Thumb Code    14  whitelist.o(.text)
    add_index_of_uid                         0x08009d49   Thumb Code    70  whitelist.o(.text)
    get_len_of_white_list                    0x08009d8f   Thumb Code    40  whitelist.o(.text)
    store_switch_status_to_fee               0x08009db7   Thumb Code    30  whitelist.o(.text)
    initialize_white_list                    0x08009dd5   Thumb Code    86  whitelist.o(.text)
    search_uid_in_white_list                 0x08009e2b   Thumb Code    72  whitelist.o(.text)
    delete_uid_from_white_list               0x08009e73   Thumb Code    34  whitelist.o(.text)
    add_uid_to_white_list                    0x08009e95   Thumb Code    68  whitelist.o(.text)
    get_next_uid_of_white_list               0x08009ed9   Thumb Code   102  whitelist.o(.text)
    __aeabi_memcpy                           0x08009f45   Thumb Code    36  memcpya.o(.text)
    __aeabi_memcpy4                          0x08009f45   Thumb Code     0  memcpya.o(.text)
    __aeabi_memcpy8                          0x08009f45   Thumb Code     0  memcpya.o(.text)
    __aeabi_memset                           0x08009f69   Thumb Code    14  memseta.o(.text)
    __aeabi_memset4                          0x08009f69   Thumb Code     0  memseta.o(.text)
    __aeabi_memset8                          0x08009f69   Thumb Code     0  memseta.o(.text)
    __aeabi_memclr                           0x08009f77   Thumb Code     4  memseta.o(.text)
    __aeabi_memclr4                          0x08009f77   Thumb Code     0  memseta.o(.text)
    __aeabi_memclr8                          0x08009f77   Thumb Code     0  memseta.o(.text)
    _memset$wrapper                          0x08009f7b   Thumb Code    18  memseta.o(.text)
    __aeabi_uidiv                            0x08009f8d   Thumb Code     0  uidiv.o(.text)
    __aeabi_uidivmod                         0x08009f8d   Thumb Code    44  uidiv.o(.text)
    __aeabi_uldivmod                         0x08009fb9   Thumb Code    98  uldiv.o(.text)
    __I$use$fp                               0x0800a01b   Thumb Code     0  iusefp.o(.text)
    __aeabi_dadd                             0x0800a01b   Thumb Code   322  dadd.o(.text)
    __aeabi_dsub                             0x0800a15d   Thumb Code     6  dadd.o(.text)
    __aeabi_drsub                            0x0800a163   Thumb Code     6  dadd.o(.text)
    __aeabi_dmul                             0x0800a169   Thumb Code   228  dmul.o(.text)
    __aeabi_ddiv                             0x0800a24d   Thumb Code   222  ddiv.o(.text)
    __aeabi_d2ulz                            0x0800a32b   Thumb Code    48  dfixul.o(.text)
    __aeabi_cdrcmple                         0x0800a35d   Thumb Code    48  cdrcmple.o(.text)
    __scatterload                            0x0800a38d   Thumb Code    28  init.o(.text)
    __scatterload_rt2                        0x0800a38d   Thumb Code     0  init.o(.text)
    __aeabi_llsl                             0x0800a3b1   Thumb Code    30  llshl.o(.text)
    _ll_shift_l                              0x0800a3b1   Thumb Code     0  llshl.o(.text)
    __aeabi_llsr                             0x0800a3cf   Thumb Code    32  llushr.o(.text)
    _ll_ushift_r                             0x0800a3cf   Thumb Code     0  llushr.o(.text)
    __aeabi_lasr                             0x0800a3ef   Thumb Code    36  llsshr.o(.text)
    _ll_sshift_r                             0x0800a3ef   Thumb Code     0  llsshr.o(.text)
    _double_round                            0x0800a413   Thumb Code    30  depilogue.o(.text)
    _double_epilogue                         0x0800a431   Thumb Code   156  depilogue.o(.text)
    __0printf$8                              0x0800a4cd   Thumb Code    22  printf8.o(i.__0printf$8)
    __1printf$8                              0x0800a4cd   Thumb Code     0  printf8.o(i.__0printf$8)
    __2printf                                0x0800a4cd   Thumb Code     0  printf8.o(i.__0printf$8)
    __0vsprintf                              0x0800a4ed   Thumb Code    30  printfa.o(i.__0vsprintf)
    __1vsprintf                              0x0800a4ed   Thumb Code     0  printfa.o(i.__0vsprintf)
    __2vsprintf                              0x0800a4ed   Thumb Code     0  printfa.o(i.__0vsprintf)
    __c89vsprintf                            0x0800a4ed   Thumb Code     0  printfa.o(i.__0vsprintf)
    vsprintf                                 0x0800a4ed   Thumb Code     0  printfa.o(i.__0vsprintf)
    __scatterload_copy                       0x0800a511   Thumb Code    14  handlers.o(i.__scatterload_copy)
    __scatterload_null                       0x0800a51f   Thumb Code     2  handlers.o(i.__scatterload_null)
    __scatterload_zeroinit                   0x0800a521   Thumb Code    14  handlers.o(i.__scatterload_zeroinit)
    GPIO_PIN                                 0x0800b230   Data           8  gpio.o(.constdata)
    GPIO_CLK                                 0x0800b238   Data          16  gpio.o(.constdata)
    BufferSize                               0x0800b248   Data          20  ringbuffer.o(.constdata)
    software                                 0x0800b25c   Data           3  version.o(.constdata)
    hardware                                 0x0800b25f   Data          30  version.o(.constdata)
    company                                  0x0800b27d   Data          16  version.o(.constdata)
    Region$$Table$$Base                      0x0800b290   Number         0  anon$$obj.o(Region$$Table)
    Region$$Table$$Limit                     0x0800b2b0   Number         0  anon$$obj.o(Region$$Table)
    SystemCoreClock                          0x20000000   Data           4  system_stm32f10x.o(.data)
    AHBPrescTable                            0x20000004   Data          16  system_stm32f10x.o(.data)
    g_bIblock                                0x20000029   Data           1  mfrc500.o(.data)
    DataVar                                  0x2000002a   Data           2  eeprom.o(.data)
    GPIO_PORT                                0x2000002c   Data          16  gpio.o(.data)
    serial_cmd_status                        0x2000003d   Data           1  app_serial_cmd_process.o(.data)
    serial_cmd_type                          0x2000003e   Data           1  app_serial_cmd_process.o(.data)
    err_cmd_type                             0x2000003f   Data           1  app_serial_cmd_process.o(.data)
    is_open_statistic                        0x20000040   Data           1  app_send_data_process.o(.data)
    single_send_data_status                  0x20000041   Data           1  app_send_data_process.o(.data)
    single_sned_data_count                   0x20000042   Data           1  app_send_data_process.o(.data)
    clicker_send_data_status                 0x20000043   Data           1  app_send_data_process.o(.data)
    rf_online_index                          0x20000046   Data           2  app_send_data_process.o(.data)
    PowerOnTime                              0x20000074   Data           4  app_timer.o(.data)
    system_timer_status                      0x20000078   Data           1  app_timer.o(.data)
    clicker_test_printf_flg                  0x2000007c   Data           4  stm32f10x_it.o(.data)
    uart_tx_status                           0x20000086   Data           1  stm32f10x_it.o(.data)
    spi_status_write_index                   0x20000087   Data           1  stm32f10x_it.o(.data)
    spi_status_read_index                    0x20000088   Data           1  stm32f10x_it.o(.data)
    spi_status_count                         0x20000089   Data           1  stm32f10x_it.o(.data)
    irq_flag                                 0x2000008a   Data           1  stm32f10x_it.o(.data)
    NDEF_DataWrite                           0x20000094   Data          30  variable.o(.data)
    NDEF_Len                                 0x200000b2   Data           2  variable.o(.data)
    gbf_hse_setup_fail                       0x200000b4   Data           1  variable.o(.data)
    jsq_uid                                  0x200000d5   Data           8  version.o(.data)
    uid_p                                    0x200000dd   Data           1  whitelist.o(.data)
    uid_len                                  0x200000de   Data           1  whitelist.o(.data)
    rf_current_uid_index                     0x200000df   Data           1  whitelist.o(.data)
    __stdout                                 0x200000e0   Data           4  stdout.o(.data)
    Command                                  0x200000e4   Data         252  m24sr_cmd.o(.bss)
    DataBuffer                               0x200001e0   Data         246  m24sr_cmd.o(.bss)
    uM24SRbuffer                             0x200002d6   Data         246  m24sr_cmd.o(.bss)
    backup_massage                           0x200003cc   Data         249  app_serial_cmd_process.o(.bss)
    Send_data_process                        0x200006b8   Data          27  app_send_data_process.o(.bss)
    Single_send_data_process                 0x200006d3   Data          27  app_send_data_process.o(.bss)
    send_data_process_tcb                    0x200006ee   Data          12  app_send_data_process.o(.bss)
    systick_process                          0x200008ec   Data          27  app_systick_package_process.o(.bss)
    Card_process                             0x20000e1b   Data          27  app_card_process.o(.bss)
    timer_list                               0x20000f30   Data         100  app_timer.o(.bss)
    retransmit_timer                         0x20000f94   Data          24  app_timer.o(.bss)
    system_timer                             0x20000fac   Data          24  app_timer.o(.bss)
    send_data1_timer                         0x20000fc4   Data          24  app_timer.o(.bss)
    send_data2_timer                         0x20000fdc   Data          24  app_timer.o(.bss)
    send_data3_timer                         0x20000ff4   Data          24  app_timer.o(.bss)
    single_send_data_timer                   0x2000100c   Data          24  app_timer.o(.bss)
    spi_send_data_timer                      0x20001024   Data          24  app_timer.o(.bss)
    spi_send_data_timer1                     0x2000103c   Data          24  app_timer.o(.bss)
    systick_package_timer                    0x20001054   Data          24  app_timer.o(.bss)
    card_buzzer_timer                        0x2000106c   Data          24  app_timer.o(.bss)
    card_second_find_timer                   0x20001084   Data          24  app_timer.o(.bss)
    system_rtc_timer                         0x2000109c   Data          12  app_timer.o(.bss)
    spi_cmd_type                             0x200010a8   Data         260  init.o(.bss)
    nrf_communication                        0x200011ac   Data         510  init.o(.bss)
    uart_irq_revice_massage                  0x200013aa   Data         249  stm32f10x_it.o(.bss)
    uart_irq_send_massage                    0x200014a3   Data         249  stm32f10x_it.o(.bss)
    spi_status_buffer                        0x2000159c   Data         108  stm32f10x_it.o(.bss)
    NDEF_DataRead                            0x20001608   Data         255  variable.o(.bss)
    rf_var                                   0x20001707   Data         241  variable.o(.bss)
    g_cardType                               0x200017f8   Data          40  variable.o(.bss)
    respon                                   0x20001820   Data         266  variable.o(.bss)
    g_cSNR                                   0x20003554   Data          10  whitelist.o(.bss)
    list_tcb_table                           0x2000355e   Data         208  whitelist.o(.bss)
    wl                                       0x20003630   Data        2408  whitelist.o(.bss)
    revicer                                  0x20003f98   Data          12  whitelist.o(.bss)
    __initial_sp                             0x200047a8   Data           0  startup_stm32f10x_md.o(STACK)



==============================================================================

Memory Map of the image

  Image Entry point : 0x080000ed

  Load Region LR_IROM1 (Base: 0x08000000, Size: 0x0000b394, Max: 0x00020000, ABSOLUTE)

    Execution Region ER_IROM1 (Base: 0x08000000, Size: 0x0000b2b0, Max: 0x00020000, ABSOLUTE)

    Base Addr    Size         Type   Attr      Idx    E Section Name        Object

    0x08000000   0x000000ec   Data   RO           64    RESET               startup_stm32f10x_md.o
    0x080000ec   0x00000000   Code   RO          657  * .ARM.Collect$$$$00000000  mc_w.l(entry.o)
    0x080000ec   0x00000004   Code   RO          927    .ARM.Collect$$$$00000001  mc_w.l(entry2.o)
    0x080000f0   0x00000004   Code   RO          930    .ARM.Collect$$$$00000004  mc_w.l(entry5.o)
    0x080000f4   0x00000000   Code   RO          932    .ARM.Collect$$$$00000008  mc_w.l(entry7b.o)
    0x080000f4   0x00000000   Code   RO          934    .ARM.Collect$$$$0000000A  mc_w.l(entry8b.o)
    0x080000f4   0x00000008   Code   RO          935    .ARM.Collect$$$$0000000B  mc_w.l(entry9a.o)
    0x080000fc   0x00000000   Code   RO          937    .ARM.Collect$$$$0000000D  mc_w.l(entry10a.o)
    0x080000fc   0x00000000   Code   RO          939    .ARM.Collect$$$$0000000F  mc_w.l(entry11a.o)
    0x080000fc   0x00000004   Code   RO          928    .ARM.Collect$$$$00002712  mc_w.l(entry2.o)
    0x08000100   0x00000000   Code   RO          569    .emb_text           stm32f10x_it.o
    0x08000100   0x00000264   Code   RO            1    .text               system_stm32f10x.o
    0x08000364   0x00000024   Code   RO           65    .text               startup_stm32f10x_md.o
    0x08000388   0x000000dc   Code   RO           80    .text               misc.o
    0x08000464   0x0000011c   Code   RO           96    .text               stm32f10x_exti.o
    0x08000580   0x000005bc   Code   RO          108    .text               stm32f10x_flash.o
    0x08000b3c   0x0000035c   Code   RO          120    .text               stm32f10x_gpio.o
    0x08000e98   0x00000040   Code   RO          132    .text               stm32f10x_iwdg.o
    0x08000ed8   0x000003a8   Code   RO          144    .text               stm32f10x_rcc.o
    0x08001280   0x0000030c   Code   RO          158    .text               stm32f10x_spi.o
    0x0800158c   0x00000e1a   Code   RO          170    .text               stm32f10x_tim.o
    0x080023a6   0x00000002   PAD
    0x080023a8   0x00000408   Code   RO          182    .text               stm32f10x_usart.o
    0x080027b0   0x000004ec   Code   RO          194    .text               m24sr_cmd.o
    0x08002c9c   0x00001a6c   Code   RO          217    .text               mfrc500.o
    0x08004708   0x000003e0   Code   RO          301    .text               nrf.o
    0x08004ae8   0x00000544   Code   RO          324    .text               eeprom.o
    0x0800502c   0x000000ec   Code   RO          339    .text               gpio.o
    0x08005118   0x00000074   Code   RO          355    .text               baord.o
    0x0800518c   0x0000000c   Code   RO          367    .text               main.o
    0x08005198   0x00000020   Code   RO          382    .text               app_handle_layer.o
    0x080051b8   0x00000fa4   Code   RO          404    .text               app_serial_cmd_process.o
    0x0800615c   0x000011b4   Code   RO          421    .text               app_send_data_process.o
    0x08007310   0x00000094   Code   RO          441    .text               app_show_message_process.o
    0x080073a4   0x00000204   Code   RO          460    .text               app_systick_package_process.o
    0x080075a8   0x00000184   Code   RO          477    .text               app_spi_send_data_process.o
    0x0800772c   0x00000280   Code   RO          492    .text               app_card_process.o
    0x080079ac   0x00001034   Code   RO          512    .text               rc500_handle_layer.o
    0x080089e0   0x00000394   Code   RO          525    .text               app_timer.o
    0x08008d74   0x00000548   Code   RO          549    .text               init.o
    0x080092bc   0x0000037c   Code   RO          570    .text               stm32f10x_it.o
    0x08009638   0x000003c8   Code   RO          601    .text               ringbuffer.o
    0x08009a00   0x000000d0   Code   RO          618    .text               version.o
    0x08009ad0   0x00000474   Code   RO          638    .text               whitelist.o
    0x08009f44   0x00000024   Code   RO          660    .text               mc_w.l(memcpya.o)
    0x08009f68   0x00000024   Code   RO          662    .text               mc_w.l(memseta.o)
    0x08009f8c   0x0000002c   Code   RO          942    .text               mc_w.l(uidiv.o)
    0x08009fb8   0x00000062   Code   RO          944    .text               mc_w.l(uldiv.o)
    0x0800a01a   0x00000000   Code   RO          946    .text               mc_w.l(iusefp.o)
    0x0800a01a   0x0000014e   Code   RO          947    .text               mf_w.l(dadd.o)
    0x0800a168   0x000000e4   Code   RO          949    .text               mf_w.l(dmul.o)
    0x0800a24c   0x000000de   Code   RO          951    .text               mf_w.l(ddiv.o)
    0x0800a32a   0x00000030   Code   RO          953    .text               mf_w.l(dfixul.o)
    0x0800a35a   0x00000002   PAD
    0x0800a35c   0x00000030   Code   RO          955    .text               mf_w.l(cdrcmple.o)
    0x0800a38c   0x00000024   Code   RO          957    .text               mc_w.l(init.o)
    0x0800a3b0   0x0000001e   Code   RO          959    .text               mc_w.l(llshl.o)
    0x0800a3ce   0x00000020   Code   RO          961    .text               mc_w.l(llushr.o)
    0x0800a3ee   0x00000024   Code   RO          963    .text               mc_w.l(llsshr.o)
    0x0800a412   0x000000ba   Code   RO          965    .text               mf_w.l(depilogue.o)
    0x0800a4cc   0x00000020   Code   RO          873    i.__0printf$8       mc_w.l(printf8.o)
    0x0800a4ec   0x00000024   Code   RO          905    i.__0vsprintf       mc_w.l(printfa.o)
    0x0800a510   0x0000000e   Code   RO          969    i.__scatterload_copy  mc_w.l(handlers.o)
    0x0800a51e   0x00000002   Code   RO          970    i.__scatterload_null  mc_w.l(handlers.o)
    0x0800a520   0x0000000e   Code   RO          971    i.__scatterload_zeroinit  mc_w.l(handlers.o)
    0x0800a52e   0x00000002   PAD
    0x0800a530   0x00000164   Code   RO          906    i._fp_digits        mc_w.l(printfa.o)
    0x0800a694   0x00000410   Code   RO          880    i._printf_core      mc_w.l(printf8.o)
    0x0800aaa4   0x000006dc   Code   RO          907    i._printf_core      mc_w.l(printfa.o)
    0x0800b180   0x00000024   Code   RO          881    i._printf_post_padding  mc_w.l(printf8.o)
    0x0800b1a4   0x00000024   Code   RO          908    i._printf_post_padding  mc_w.l(printfa.o)
    0x0800b1c8   0x0000002e   Code   RO          882    i._printf_pre_padding  mc_w.l(printf8.o)
    0x0800b1f6   0x0000002e   Code   RO          909    i._printf_pre_padding  mc_w.l(printfa.o)
    0x0800b224   0x0000000a   Code   RO          911    i._sputc            mc_w.l(printfa.o)
    0x0800b22e   0x00000002   PAD
    0x0800b230   0x00000018   Data   RO          340    .constdata          gpio.o
    0x0800b248   0x00000014   Data   RO          603    .constdata          ringbuffer.o
    0x0800b25c   0x00000031   Data   RO          619    .constdata          version.o
    0x0800b28d   0x00000003   PAD
    0x0800b290   0x00000020   Data   RO          967    Region$$Table       anon$$obj.o


    Execution Region RW_IRAM1 (Base: 0x20000000, Size: 0x000047a8, Max: 0x00005000, ABSOLUTE)

    Base Addr    Size         Type   Attr      Idx    E Section Name        Object

    0x20000000   0x00000014   Data   RW            2    .data               system_stm32f10x.o
    0x20000014   0x00000014   Data   RW          145    .data               stm32f10x_rcc.o
    0x20000028   0x00000001   Data   RW          196    .data               m24sr_cmd.o
    0x20000029   0x00000001   Data   RW          218    .data               mfrc500.o
    0x2000002a   0x00000002   Data   RW          325    .data               eeprom.o
    0x2000002c   0x00000010   Data   RW          341    .data               gpio.o
    0x2000003c   0x00000004   Data   RW          406    .data               app_serial_cmd_process.o
    0x20000040   0x00000020   Data   RW          423    .data               app_send_data_process.o
    0x20000060   0x00000002   Data   RW          462    .data               app_systick_package_process.o
    0x20000062   0x00000008   Data   RW          479    .data               app_spi_send_data_process.o
    0x2000006a   0x00000005   Data   RW          494    .data               app_card_process.o
    0x2000006f   0x00000001   PAD
    0x20000070   0x00000009   Data   RW          527    .data               app_timer.o
    0x20000079   0x00000003   PAD
    0x2000007c   0x00000018   Data   RW          572    .data               stm32f10x_it.o
    0x20000094   0x00000021   Data   RW          588    .data               variable.o
    0x200000b5   0x00000003   PAD
    0x200000b8   0x0000001d   Data   RW          604    .data               ringbuffer.o
    0x200000d5   0x00000008   Data   RW          620    .data               version.o
    0x200000dd   0x00000003   Data   RW          640    .data               whitelist.o
    0x200000e0   0x00000004   Data   RW          941    .data               mc_w.l(stdout.o)
    0x200000e4   0x000002e8   Zero   RW          195    .bss                m24sr_cmd.o
    0x200003cc   0x000002eb   Zero   RW          405    .bss                app_serial_cmd_process.o
    0x200006b7   0x00000001   PAD
    0x200006b8   0x00000234   Zero   RW          422    .bss                app_send_data_process.o
    0x200008ec   0x0000001b   Zero   RW          461    .bss                app_systick_package_process.o
    0x20000907   0x00000514   Zero   RW          478    .bss                app_spi_send_data_process.o
    0x20000e1b   0x00000114   Zero   RW          493    .bss                app_card_process.o
    0x20000f2f   0x00000001   PAD
    0x20000f30   0x00000178   Zero   RW          526    .bss                app_timer.o
    0x200010a8   0x00000302   Zero   RW          550    .bss                init.o
    0x200013aa   0x0000025e   Zero   RW          571    .bss                stm32f10x_it.o
    0x20001608   0x00000322   Zero   RW          587    .bss                variable.o
    0x2000192a   0x00000002   PAD
    0x2000192c   0x00001c28   Zero   RW          602    .bss                ringbuffer.o
    0x20003554   0x00000a50   Zero   RW          639    .bss                whitelist.o
    0x20003fa4   0x00000004   PAD
    0x20003fa8   0x00000800   Zero   RW           62    STACK               startup_stm32f10x_md.o


==============================================================================

Image component sizes


      Code (inc. data)   RO Data    RW Data    ZI Data      Debug   Object Name

       640         56          0          5        276       1852   app_card_process.o
        32          0          0          0          0        463   app_handle_layer.o
      4532        280          0         32        564      14383   app_send_data_process.o
      4004        168          0          4        747       9439   app_serial_cmd_process.o
       148         38          0          0          0       1391   app_show_message_process.o
       388         30          0          8       1300       2220   app_spi_send_data_process.o
       516         28          0          2         27       2096   app_systick_package_process.o
       916         36          0          9        376      21742   app_timer.o
       116          4          0          0          0       1417   baord.o
      1348         20          0          2          0       5163   eeprom.o
       236         16         24         16          0       1778   gpio.o
      1352         58          0          0        770      19622   init.o
      1260         34          0          1        744       8153   m24sr_cmd.o
        12          0          0          0          0        411   main.o
      6764         62          0          1          0      32886   mfrc500.o
       220         22          0          0          0       1861   misc.o
       992         40          0          0          0       4990   nrf.o
      4148        212          0          0          0       8603   rc500_handle_layer.o
       968         24         20         29       7208       4994   ringbuffer.o
        36          8        236          0       2048        908   startup_stm32f10x_md.o
       284         10          0          0          0       2323   stm32f10x_exti.o
      1468         34          0          0          0       8266   stm32f10x_flash.o
       860         38          0          0          0       5793   stm32f10x_gpio.o
       892         66          0         24        606       4010   stm32f10x_it.o
        64          6          0          0          0       1297   stm32f10x_iwdg.o
       936         40          0         20          0       8972   stm32f10x_rcc.o
       780         14          0          0          0       6678   stm32f10x_spi.o
      3610         88          0          0          0      22908   stm32f10x_tim.o
      1032         22          0          0          0       8520   stm32f10x_usart.o
       612         44          0         20          0     269564   system_stm32f10x.o
         0          0          0         33        802       1782   variable.o
       208         12         49          8          0       1166   version.o
      1140         20          0          3       2640       7234   whitelist.o

    ----------------------------------------------------------------------
     40516       1530        364        224      18116     492885   Object Totals
         0          0         32          0          0          0   (incl. Generated)
         2          0          3          7          8          0   (incl. Padding)

    ----------------------------------------------------------------------

      Code (inc. data)   RO Data    RW Data    ZI Data      Debug   Library Member Name

         0          0          0          0          0          0   entry.o
         0          0          0          0          0          0   entry10a.o
         0          0          0          0          0          0   entry11a.o
         8          4          0          0          0          0   entry2.o
         4          0          0          0          0          0   entry5.o
         0          0          0          0          0          0   entry7b.o
         0          0          0          0          0          0   entry8b.o
         8          4          0          0          0          0   entry9a.o
        30          0          0          0          0          0   handlers.o
        36          8          0          0          0         68   init.o
         0          0          0          0          0          0   iusefp.o
        30          0          0          0          0         68   llshl.o
        36          0          0          0          0         68   llsshr.o
        32          0          0          0          0         68   llushr.o
        36          0          0          0          0         68   memcpya.o
        36          0          0          0          0        108   memseta.o
      1154         54          0          0          0        352   printf8.o
      2240         86          0          0          0        508   printfa.o
         0          0          0          4          0          0   stdout.o
        44          0          0          0          0         80   uidiv.o
        98          0          0          0          0         92   uldiv.o
        48          0          0          0          0         68   cdrcmple.o
       334          0          0          0          0        148   dadd.o
       222          0          0          0          0        100   ddiv.o
       186          0          0          0          0        176   depilogue.o
        48          0          0          0          0         68   dfixul.o
       228          0          0          0          0         96   dmul.o

    ----------------------------------------------------------------------
      4864        156          0          4          0       2136   Library Totals
         6          0          0          0          0          0   (incl. Padding)

    ----------------------------------------------------------------------

      Code (inc. data)   RO Data    RW Data    ZI Data      Debug   Library Name

      3792        156          0          4          0       1480   mc_w.l
      1066          0          0          0          0        656   mf_w.l

    ----------------------------------------------------------------------
      4864        156          0          4          0       2136   Library Totals

    ----------------------------------------------------------------------

==============================================================================


      Code (inc. data)   RO Data    RW Data    ZI Data      Debug   

     45380       1686        364        228      18116     490701   Grand Totals
     45380       1686        364        228      18116     490701   ELF Image Totals
     45380       1686        364        228          0          0   ROM Totals

==============================================================================

    Total RO  Size (Code + RO Data)                45744 (  44.67kB)
    Total RW  Size (RW Data + ZI Data)             18344 (  17.91kB)
    Total ROM Size (Code + RO Data + RW Data)      45972 (  44.89kB)

==============================================================================

